

================================================================
== Synthesis Summary Report of 'dIFFT'
================================================================
+ General Information: 
    * Date:           Wed Apr  9 18:21:27 2025
    * Version:        2024.2 (Build 5238294 on Nov  8 2024)
    * Project:        PositFFT
    * Solution:       hls (Vivado IP Flow Target)
    * Product family: azynquplus
    * Target device:  xazu7ev-fbvb900-1-i
    

+ Performance & Resource Estimates: 
    
    PS: '+' for module; 'o' for loop; '*' for dataflow
    +--------------------------------------+--------+-------+---------+-----------+----------+---------+------+----------+------+---------+------------+------------+-----+
    |                Modules               |  Issue |       | Latency |  Latency  | Iteration|         | Trip |          |      |         |            |            |     |
    |                & Loops               |  Type  | Slack | (cycles)|    (ns)   |  Latency | Interval| Count| Pipelined| BRAM |   DSP   |     FF     |     LUT    | URAM|
    +--------------------------------------+--------+-------+---------+-----------+----------+---------+------+----------+------+---------+------------+------------+-----+
    |+ dIFFT                               |  Timing|  -0.20|        -|          -|         -|        -|     -|        no|     -|  28 (1%)|  3445 (~0%)|   4879 (2%)|    -|
    | o VITIS_LOOP_1516_1                  |       -|   7.30|        -|          -|         -|        -|     -|        no|     -|        -|           -|           -|    -|
    |  o VITIS_LOOP_1502_1                 |       -|   7.30|        -|          -|      2190|        -|     -|        no|     -|        -|           -|           -|    -|
    |   + generic_fmod_double_s            |       -|   2.53|     2102|  2.102e+04|         -|     2102|     -|        no|     -|        -|   399 (~0%)|  1060 (~0%)|    -|
    |    + generic_fmod_double_Pipeline_1  |       -|   4.66|     2100|  2.100e+04|         -|     2100|     -|        no|     -|        -|    82 (~0%)|   366 (~0%)|    -|
    |     o Loop 1                         |       -|   7.30|     2098|  2.098e+04|         1|        1|  2098|       yes|     -|        -|           -|           -|    -|
    +--------------------------------------+--------+-------+---------+-----------+----------+---------+------+----------+------+---------+------------+------------+-----+


================================================================
== HW Interfaces
================================================================
* Other Ports
+-------------+---------+-----------+----------+
| Port        | Mode    | Direction | Bitwidth |
+-------------+---------+-----------+----------+
| imag        | ap_none | in        | 64       |
| real_r      | ap_none | in        | 64       |
| sampleCount | ap_none | in        | 32       |
| signal_r    | ap_vld  | out       | 64       |
+-------------+---------+-----------+----------+

* TOP LEVEL CONTROL
+-----------+------------+-----------------------------------+
| Interface | Type       | Ports                             |
+-----------+------------+-----------------------------------+
| ap_clk    | clock      | ap_clk                            |
| ap_rst    | reset      | ap_rst                            |
| ap_ctrl   | ap_ctrl_hs | ap_done ap_idle ap_ready ap_start |
+-----------+------------+-----------------------------------+


================================================================
== SW I/O Information
================================================================
* Top Function Arguments
+-------------+-----------+----------------+
| Argument    | Direction | Datatype       |
+-------------+-----------+----------------+
| real        | in        | double const * |
| imag        | in        | double const * |
| signal      | out       | double*        |
| sampleCount | in        | int            |
+-------------+-----------+----------------+

* SW-to-HW Mapping
+-------------+-----------------+---------+
| Argument    | HW Interface    | HW Type |
+-------------+-----------------+---------+
| real        | real_r          | port    |
| imag        | imag            | port    |
| signal      | signal_r        | port    |
| signal      | signal_r_ap_vld | port    |
| sampleCount | sampleCount     | port    |
+-------------+-----------------+---------+


================================================================
== Bind Op Report
================================================================
+-----------------------------------------+-----+--------+----------------+-----------+------------------------+---------+
| Name                                    | DSP | Pragma | Variable       | Op        | Impl                   | Latency |
+-----------------------------------------+-----+--------+----------------+-----------+------------------------+---------+
| + dIFFT                                 | 28  |        |                |           |                        |         |
|   sitodp_32ns_64_4_no_dsp_1_U14         |     |        | conv           | sitodp    | auto                   | 3       |
|   icmp_ln1516_fu_273_p2                 |     |        | icmp_ln1516    | setgt     | auto                   | 0       |
|   icmp_ln1516_1_fu_294_p2               |     |        | icmp_ln1516_1  | setlt     | auto                   | 0       |
|   add_ln1516_fu_299_p2                  |     |        | add_ln1516     | add       | fabric                 | 0       |
|   sitodp_32ns_64_4_no_dsp_1_U14         |     |        | conv_i         | sitodp    | auto                   | 3       |
|   dmul_64ns_64ns_64_6_max_dsp_1_U9      | 11  |        | mul_i          | dmul      | maxdsp                 | 5       |
|   ddiv_64ns_64ns_64_22_no_dsp_1_U11     |     |        | deltaTheta     | ddiv      | fabric                 | 21      |
|   icmp_ln1502_fu_313_p2                 |     |        | icmp_ln1502    | seteq     | auto                   | 0       |
|   add_ln1502_fu_318_p2                  |     |        | add_ln1502     | add       | fabric                 | 0       |
|   icmp_ln877_fu_345_p2                  |     |        | icmp_ln877     | setne     | auto                   | 0       |
|   icmp_ln877_1_fu_351_p2                |     |        | icmp_ln877_1   | seteq     | auto                   | 0       |
|   or_ln877_fu_357_p2                    |     |        | or_ln877       | or        | auto                   | 0       |
|   dcmp_64ns_64ns_1_2_no_dsp_1_U12       |     |        | tmp_1          | dcmp      | auto                   | 1       |
|   and_ln877_fu_363_p2                   |     |        | and_ln877      | and       | auto                   | 0       |
|   dadddsub_64ns_64ns_64_5_full_dsp_1_U7 | 3   |        | angle_assign_1 | dadd      | fulldsp                | 4       |
|   dcmp_64ns_64ns_1_2_no_dsp_1_U13       |     |        | tmp_3          | dcmp      | auto                   | 1       |
|   and_ln879_fu_369_p2                   |     |        | and_ln879      | and       | auto                   | 0       |
|   dadddsub_64ns_64ns_64_5_full_dsp_1_U8 | 3   |        | angle_assign_2 | dadd      | fulldsp                | 4       |
|   select_ln879_fu_375_p3                |     |        | select_ln879   | select    | auto_sel               | 0       |
|   angle_assign_4_fu_382_p3              |     |        | angle_assign_4 | select    | auto_sel               | 0       |
|   icmp_ln884_fu_407_p2                  |     |        | icmp_ln884     | setne     | auto                   | 0       |
|   icmp_ln884_1_fu_413_p2                |     |        | icmp_ln884_1   | seteq     | auto                   | 0       |
|   or_ln884_fu_419_p2                    |     |        | or_ln884       | or        | auto                   | 0       |
|   dcmp_64ns_64ns_1_2_no_dsp_1_U12       |     |        | tmp_5          | dcmp      | auto                   | 1       |
|   and_ln884_fu_425_p2                   |     |        | and_ln884      | and       | auto                   | 0       |
|   dadddsub_64ns_64ns_64_5_full_dsp_1_U7 | 3   |        | angle_assign_5 | dadd      | fulldsp                | 4       |
|   dcmp_64ns_64ns_1_2_no_dsp_1_U13       |     |        | tmp_7          | dcmp      | auto                   | 1       |
|   and_ln887_fu_431_p2                   |     |        | and_ln887      | and       | auto                   | 0       |
|   dadddsub_64ns_64ns_64_5_full_dsp_1_U8 | 3   |        | angle_assign_6 | dadd      | fulldsp                | 4       |
|   negate_fu_491_p2                      |     |        | negate         | or        | auto                   | 0       |
|   xor_ln884_fu_437_p2                   |     |        | xor_ln884      | xor       | auto                   | 0       |
|   and_ln887_1_fu_443_p2                 |     |        | and_ln887_1    | and       | auto                   | 0       |
|   sparsemux_7_2_64_1_1_U15              |     |        | angle_assign_s | sparsemux | onehotencoding_realdef | 0       |
|   dmul_64ns_64ns_64_6_max_dsp_1_U9      | 11  |        | x2             | dmul      | maxdsp                 | 5       |
|   dmul_64ns_64ns_64_6_max_dsp_1_U9      | 11  |        | term2          | dmul      | maxdsp                 | 5       |
|   dmul_64ns_64ns_64_6_max_dsp_1_U9      | 11  |        | mul1_i_i_i     | dmul      | maxdsp                 | 5       |
|   dmul_64ns_64ns_64_6_max_dsp_1_U9      | 11  |        | term3          | dmul      | maxdsp                 | 5       |
|   dmul_64ns_64ns_64_6_max_dsp_1_U9      | 11  |        | mul3_i_i_i     | dmul      | maxdsp                 | 5       |
|   dmul_64ns_64ns_64_6_max_dsp_1_U9      | 11  |        | term4          | dmul      | maxdsp                 | 5       |
|   dadddsub_64ns_64ns_64_5_full_dsp_1_U7 | 3   |        | sub_i_i_i      | dadd      | fulldsp                | 4       |
|   dadddsub_64ns_64ns_64_5_full_dsp_1_U7 | 3   |        | add_i_i_i      | dadd      | fulldsp                | 4       |
|   dadddsub_64ns_64ns_64_5_full_dsp_1_U7 | 3   |        | sub5_i_i_i     | dadd      | fulldsp                | 4       |
|   xor_ln928_fu_507_p2                   |     |        | xor_ln928      | xor       | auto                   | 0       |
|   realPart_fu_529_p3                    |     |        | realPart       | select    | auto_sel               | 0       |
|   select_ln1114_fu_476_p3               |     |        | select_ln1114  | select    | auto_sel               | 0       |
|   term1_fu_482_p3                       |     |        | term1          | select    | auto_sel               | 0       |
|   dmul_64ns_64ns_64_6_max_dsp_1_U10     | 11  |        | mul_i18_i_i    | dmul      | maxdsp                 | 5       |
|   dmul_64ns_64ns_64_6_max_dsp_1_U10     | 11  |        | mul1_i19_i_i   | dmul      | maxdsp                 | 5       |
|   dmul_64ns_64ns_64_6_max_dsp_1_U10     | 11  |        | term2_1        | dmul      | maxdsp                 | 5       |
|   dmul_64ns_64ns_64_6_max_dsp_1_U10     | 11  |        | mul2_i_i_i     | dmul      | maxdsp                 | 5       |
|   dmul_64ns_64ns_64_6_max_dsp_1_U10     | 11  |        | mul3_i21_i_i   | dmul      | maxdsp                 | 5       |
|   dmul_64ns_64ns_64_6_max_dsp_1_U9      | 11  |        | term3_1        | dmul      | maxdsp                 | 5       |
|   dmul_64ns_64ns_64_6_max_dsp_1_U9      | 11  |        | mul5_i_i_i     | dmul      | maxdsp                 | 5       |
|   dmul_64ns_64ns_64_6_max_dsp_1_U9      | 11  |        | mul6_i_i_i     | dmul      | maxdsp                 | 5       |
|   dmul_64ns_64ns_64_6_max_dsp_1_U9      | 11  |        | term4_1        | dmul      | maxdsp                 | 5       |
|   dadddsub_64ns_64ns_64_5_full_dsp_1_U7 | 3   |        | sub_i23_i_i    | dadd      | fulldsp                | 4       |
|   dadddsub_64ns_64ns_64_5_full_dsp_1_U7 | 3   |        | add_i24_i_i    | dadd      | fulldsp                | 4       |
|   dadddsub_64ns_64ns_64_5_full_dsp_1_U7 | 3   |        | imagPart       | dadd      | fulldsp                | 4       |
|   dmul_64ns_64ns_64_6_max_dsp_1_U9      | 11  |        | mul4_i         | dmul      | maxdsp                 | 5       |
|   dmul_64ns_64ns_64_6_max_dsp_1_U9      | 11  |        | mul5_i         | dmul      | maxdsp                 | 5       |
|   dadddsub_64ns_64ns_64_5_full_dsp_1_U7 | 3   |        | sub_i          | dadd      | fulldsp                | 4       |
|   dadddsub_64ns_64ns_64_5_full_dsp_1_U7 | 3   |        | add_i          | dadd      | fulldsp                | 4       |
|   dadddsub_64ns_64ns_64_5_full_dsp_1_U7 | 3   |        | angle          | dadd      | fulldsp                | 4       |
|   ddiv_64ns_64ns_64_22_no_dsp_1_U11     |     |        | div            | ddiv      | fabric                 | 21      |
|  + generic_fmod_double_s                | 0   |        |                |           |                        |         |
|    isF_e_x_fu_117_p2                    |     |        | isF_e_x        | seteq     | auto                   | 0       |
|    isyBx_e_fu_123_p2                    |     |        | isyBx_e        | setlt     | auto                   | 0       |
|    icmp_ln267_fu_129_p2                 |     |        | icmp_ln267     | setne     | auto                   | 0       |
|    icmp_ln267_1_fu_135_p2               |     |        | icmp_ln267_1   | setgt     | auto                   | 0       |
|    or_ln267_fu_141_p2                   |     |        | or_ln267       | or        | auto                   | 0       |
|    icmp_ln271_fu_147_p2                 |     |        | icmp_ln271     | setne     | auto                   | 0       |
|    or_ln271_fu_153_p2                   |     |        | or_ln271       | or        | auto                   | 0       |
|    n_fu_178_p2                          |     |        | n              | add       | fabric                 | 0       |
|    icmp_ln319_fu_205_p2                 |     |        | icmp_ln319     | seteq     | auto                   | 0       |
|    ctlz_54_54_1_1_U4                    |     |        | tmp_5          | ctlz      | auto                   | 0       |
|    add_ln325_fu_227_p2                  |     |        | add_ln325      | add       | fabric                 | 0       |
|    icmp_ln325_fu_233_p2                 |     |        | icmp_ln325     | seteq     | auto                   | 0       |
|    shl_ln325_fu_257_p2                  |     |        | shl_ln325      | shl       | auto_pipe              | 0       |
|    ap_mx_2_fu_267_p3                    |     |        | ap_mx_2        | select    | auto_sel               | 0       |
|    sub_ln327_fu_275_p2                  |     |        | sub_ln327      | sub       | fabric                 | 0       |
|    fz_exp_1_fu_285_p2                   |     |        | fz_exp_1       | add       | fabric                 | 0       |
|   + generic_fmod_double_Pipeline_1      | 0   |        |                |           |                        |         |
|     icmp_ln308_fu_99_p2                 |     |        | icmp_ln308     | seteq     | auto                   | 0       |
|     loop_2_fu_105_p2                    |     |        | loop_2         | add       | fabric                 | 0       |
|     icmp_ln309_fu_117_p2                |     |        | icmp_ln309     | setgt     | auto                   | 0       |
|     add_ln310_fu_123_p2                 |     |        | add_ln310      | add       | fabric                 | 0       |
|     r_sh_1_fu_129_p3                    |     |        | r_sh_1         | select    | auto_sel               | 0       |
|     icmp_ln311_fu_137_p2                |     |        | icmp_ln311     | setgt     | auto                   | 0       |
|     i_1_fu_149_p2                       |     |        | i_1            | add       | fabric                 | 0       |
|     r_sh_3_fu_155_p3                    |     |        | r_sh_3         | select    | auto_sel               | 0       |
|     i_2_fu_163_p3                       |     |        | i_2            | select    | auto_sel               | 0       |
+-----------------------------------------+-----+--------+----------------+-----------+------------------------+---------+


================================================================
== Storage Report
================================================================
  No bind storage info in design

================================================================
== Pragma Report
================================================================
  No pragmas found

