================================================================
== Design Size Report
================================================================

* Total Instructions per Compilation Phase
+---------------+-----------------------------+--------------+----------------------------------------------------------------------------------------+
| Phase         | Step                        | Instructions | Description                                                                            |
+---------------+-----------------------------+--------------+----------------------------------------------------------------------------------------+
| Compile/Link  |                             | 13,970       | After all functions are compiled and linked into a single design                       |
|               |                             |              |                                                                                        |
| Unroll/Inline |                             |              | After user unroll and inline pragmas are applied                                       |
|               | (1) unroll                  |    870       | user unroll pragmas are applied                                                        |
|               | (2) simplification          |    644       | simplification of applied user unroll pragmas                                          |
|               | (3) inline                  |    603       | user inline pragmas are applied                                                        |
|               | (4) simplification          |    253       | simplification of applied user inline pragmas                                          |
|               |                             |              |                                                                                        |
| Array/Struct  |                             |              | After user array partition and struct aggregate/disaggregate pragmas are applied       |
|               | (1) array partition         |    253       | user array partition pragmas are applied                                               |
|               | (2) simplification          |    253       | simplification of applied user array partition & struct aggregate/disaggregate pragmas |
|               | (3) aggregate/disaggregate  |    253       | user struct aggregate/disaggregate pragmas are applied                                 |
|               | (4) array reshape           |    253       | apply array reshape pragmas                                                            |
|               | (5) access patterns         |    256       | array access pattern optmizations                                                      |
|               |                             |              |                                                                                        |
| Performance   |                             |              | After transformations are applied to meet performance pragma targets                   |
|               | (1) loop simplification     |    256       | loop and instruction simplification                                                    |
|               | (2) parallelization         |    253       | loops are unrolled or pipelined to meet performance targets                            |
|               | (3) array partition         |    253       | arrays are partitioned to meet performance targets                                     |
|               | (4) simplification          |    253       | simplification of design after performance transformations                             |
|               |                             |              |                                                                                        |
| HW Transforms |                             |              | After hardware transfomations                                                          |
|               | (1) lowering                |    261       | initial conversion to HW specific instructions                                         |
|               | (2) optimizations           |    265       | high level synthesis optimizations                                                     |
+---------------+-----------------------------+--------------+----------------------------------------------------------------------------------------+

* Instructions per Function for each Compilation Phase
+------------------------------+------------------------+-----------------+---------------+--------------+-------------+---------------+
| Function                     | Location               | Compile/Link    | Unroll/Inline | Array/Struct | Performance | HW Transforms |
+------------------------------+------------------------+-----------------+---------------+--------------+-------------+---------------+
| + dFFT                       | posit_lib.cpp:1424     | 13,970          | 253           | 256          | 253         | 265           |
|  + dAccumulateFC             | posit_lib.cpp:1309     | 13,930          | 229           | 232          | 229         | 235           |
|   + dEuler                   | posit_lib.cpp:1285     | 13,885          |               |              |             |               |
|    + dTailorCos              | posit_lib.cpp:892      | 6,947           |               |              |             |               |
|     + dReduceAngle           | posit_lib.cpp:868      | 6,922           |               |              |             |               |
|      + fmod                  | fmoddouble.cpp:6       | 6,895           |               |              |             |               |
|       + generic_fmod<double> | hls_fmod_rem_quo.h:225 | 6,893           |               |              |             |               |
|          fp_struct           | x_hls_utils.h:456      |   638 (2 calls) |               |              |             |               |
|          fp_struct           | x_hls_utils.h:454      |     4           |               |              |             |               |
|        + to_ieee             | x_hls_utils.h:509      | 1,818 (6 calls) |               |              |             |               |
|         + to_double          | x_hls_utils.h:494      | 1,806 (6 calls) |               |              |             |               |
|            data              | x_hls_utils.h:475      | 1,674 (6 calls) |               |              |             |               |
|    + dTailorSin              | posit_lib.cpp:1114     | 6,933           |               |              |             |               |
|     + dNAngle                | posit_lib.cpp:1097     | 6,919           |               |              |             |               |
|      + fmod                  | fmoddouble.cpp:6       | 6,895           |               |              |             |               |
|       + generic_fmod<double> | hls_fmod_rem_quo.h:225 | 6,893           |               |              |             |               |
|          fp_struct           | x_hls_utils.h:456      |   638 (2 calls) |               |              |             |               |
|          fp_struct           | x_hls_utils.h:454      |     4           |               |              |             |               |
|        + to_ieee             | x_hls_utils.h:509      | 1,818 (6 calls) |               |              |             |               |
|         + to_double          | x_hls_utils.h:494      | 1,806 (6 calls) |               |              |             |               |
|            data              | x_hls_utils.h:475      | 1,674 (6 calls) |               |              |             |               |
|     generic_fmod<double>     | hls_fmod_rem_quo.h:225 |                 | 146           | 147          | 146         | 149           |
+------------------------------+------------------------+-----------------+---------------+--------------+-------------+---------------+

* Design Size Message Settings
+---------------------------------------------+--------+------------------------------------------------------------------+
| Message Setting                             | Value  | Description                                                      |
+---------------------------------------------+--------+------------------------------------------------------------------+
| config_compile -design_size_maximum_warning | 100000 | Show a warning when total design instructions exceeds this value |
+---------------------------------------------+--------+------------------------------------------------------------------+


