

================================================================
== Vitis HLS Report for 'dFFT'
================================================================
* Date:           Sat Apr  5 23:10:51 2025

* Version:        2024.2 (Build 5238294 on Nov  8 2024)
* Project:        PositFFT
* Solution:       hls (Vivado IP Flow Target)
* Product family: azynquplus
* Target device:  xazu3teg-sfvc784-1Q-q


================================================================
== Performance Estimates
================================================================
+ Timing: 
    * Summary: 
    +--------+----------+----------+------------+
    |  Clock |  Target  | Estimated| Uncertainty|
    +--------+----------+----------+------------+
    |ap_clk  |  10.00 ns|  7.288 ns|     2.70 ns|
    +--------+----------+----------+------------+

+ Latency: 
    * Summary: 
    +---------+---------+----------+----------+-----+-----+---------+
    |  Latency (cycles) |  Latency (absolute) |  Interval | Pipeline|
    |   min   |   max   |    min   |    max   | min | max |   Type  |
    +---------+---------+----------+----------+-----+-----+---------+
    |        ?|        ?|         ?|         ?|    ?|    ?|       no|
    +---------+---------+----------+----------+-----+-----+---------+

    + Detail: 
        * Instance: 
        +----------------------------------+-----------------------+---------+---------+-----------+-----------+-----+------+---------+
        |                                  |                       |  Latency (cycles) |   Latency (absolute)  |  Interval  | Pipeline|
        |             Instance             |         Module        |   min   |   max   |    min    |    max    | min |  max |   Type  |
        +----------------------------------+-----------------------+---------+---------+-----------+-----------+-----+------+---------+
        |grp_generic_fmod_double_s_fu_207  |generic_fmod_double_s  |        1|     2102|  10.000 ns|  21.020 us|    1|  2102|       no|
        +----------------------------------+-----------------------+---------+---------+-----------+-----------+-----+------+---------+

        * Loop: 
        +----------------------+---------+---------+-----------+-----------+-----------+-------+----------+
        |                      |  Latency (cycles) | Iteration |  Initiation Interval  |  Trip |          |
        |       Loop Name      |   min   |   max   |  Latency  |  achieved |   target  | Count | Pipelined|
        +----------------------+---------+---------+-----------+-----------+-----------+-------+----------+
        |- VITIS_LOOP_1331_1   |        ?|        ?|    131 ~ ?|          -|          -|      ?|        no|
        | + VITIS_LOOP_1219_1  |       98|        ?|  98 ~ 2199|          -|          -|  1 ~ ?|        no|
        +----------------------+---------+---------+-----------+-----------+-----------+-------+----------+



================================================================
== Utilization Estimates
================================================================
* Summary: 
+-----------------+---------+-----+--------+-------+-----+
|       Name      | BRAM_18K| DSP |   FF   |  LUT  | URAM|
+-----------------+---------+-----+--------+-------+-----+
|DSP              |        -|    -|       -|      -|    -|
|Expression       |        -|    -|       0|    588|    -|
|FIFO             |        -|    -|       -|      -|    -|
|Instance         |        -|   28|    1923|   3047|    -|
|Memory           |        -|    -|       -|      -|    -|
|Multiplexer      |        -|    -|       0|   1104|    -|
|Register         |        -|    -|    1480|      -|    -|
+-----------------+---------+-----+--------+-------+-----+
|Total            |        0|   28|    3403|   4739|    0|
+-----------------+---------+-----+--------+-------+-----+
|Available        |      288|  576|  144000|  72000|   48|
+-----------------+---------+-----+--------+-------+-----+
|Utilization (%)  |        0|    4|       2|      6|    0|
+-----------------+---------+-----+--------+-------+-----+

+ Detail: 
    * Instance: 
    +---------------------------------------+------------------------------------+---------+----+-----+------+-----+
    |                Instance               |               Module               | BRAM_18K| DSP|  FF |  LUT | URAM|
    +---------------------------------------+------------------------------------+---------+----+-----+------+-----+
    |dadddsub_64ns_64ns_64_5_full_dsp_1_U7  |dadddsub_64ns_64ns_64_5_full_dsp_1  |        0|   3|  445|   781|    0|
    |dadddsub_64ns_64ns_64_5_full_dsp_1_U8  |dadddsub_64ns_64ns_64_5_full_dsp_1  |        0|   3|  445|   781|    0|
    |dcmp_64ns_64ns_1_2_no_dsp_1_U13        |dcmp_64ns_64ns_1_2_no_dsp_1         |        0|   0|    0|     0|    0|
    |dcmp_64ns_64ns_1_2_no_dsp_1_U14        |dcmp_64ns_64ns_1_2_no_dsp_1         |        0|   0|    0|     0|    0|
    |ddiv_64ns_64ns_64_22_no_dsp_1_U11      |ddiv_64ns_64ns_64_22_no_dsp_1       |        0|   0|    0|     0|    0|
    |ddiv_64ns_64ns_64_22_no_dsp_1_U12      |ddiv_64ns_64ns_64_22_no_dsp_1       |        0|   0|    0|     0|    0|
    |dmul_64ns_64ns_64_6_max_dsp_1_U9       |dmul_64ns_64ns_64_6_max_dsp_1       |        0|  11|  317|   208|    0|
    |dmul_64ns_64ns_64_6_max_dsp_1_U10      |dmul_64ns_64ns_64_6_max_dsp_1       |        0|  11|  317|   208|    0|
    |grp_generic_fmod_double_s_fu_207       |generic_fmod_double_s               |        0|   0|  399|  1060|    0|
    |sitodp_32ns_64_4_no_dsp_1_U15          |sitodp_32ns_64_4_no_dsp_1           |        0|   0|    0|     0|    0|
    |sparsemux_7_2_64_1_1_U16               |sparsemux_7_2_64_1_1                |        0|   0|    0|     9|    0|
    +---------------------------------------+------------------------------------+---------+----+-----+------+-----+
    |Total                                  |                                    |        0|  28| 1923|  3047|    0|
    +---------------------------------------+------------------------------------+---------+----+-----+------+-----+

    * DSP: 
    N/A

    * Memory: 
    N/A

    * FIFO: 
    N/A

    * Expression: 
    +--------------------------+----------+----+---+----+------------+------------+
    |       Variable Name      | Operation| DSP| FF| LUT| Bitwidth P0| Bitwidth P1|
    +--------------------------+----------+----+---+----+------------+------------+
    |add_ln1219_fu_337_p2      |         +|   0|  0|  38|          31|           1|
    |add_ln1331_fu_319_p2      |         +|   0|  0|  18|          11|           1|
    |and_ln801_fu_392_p2       |       and|   0|  0|   2|           1|           1|
    |and_ln803_fu_398_p2       |       and|   0|  0|   2|           1|           1|
    |and_ln808_fu_454_p2       |       and|   0|  0|   2|           1|           1|
    |and_ln811_1_fu_472_p2     |       and|   0|  0|   2|           1|           1|
    |and_ln811_fu_460_p2       |       and|   0|  0|   2|           1|           1|
    |icmp_ln1219_fu_332_p2     |      icmp|   0|  0|  39|          32|          32|
    |icmp_ln1331_fu_314_p2     |      icmp|   0|  0|  39|          32|          32|
    |icmp_ln801_1_fu_380_p2    |      icmp|   0|  0|  59|          52|           1|
    |icmp_ln801_fu_374_p2      |      icmp|   0|  0|  18|          11|           2|
    |icmp_ln808_1_fu_442_p2    |      icmp|   0|  0|  59|          52|           1|
    |icmp_ln808_fu_436_p2      |      icmp|   0|  0|  18|          11|           2|
    |negate_fu_529_p2          |        or|   0|  0|   2|           1|           1|
    |or_ln801_fu_386_p2        |        or|   0|  0|   2|           1|           1|
    |or_ln808_fu_448_p2        |        or|   0|  0|   2|           1|           1|
    |angle_assign_4_fu_411_p3  |    select|   0|  0|  56|           1|          64|
    |realPart_fu_567_p3        |    select|   0|  0|  56|           1|          64|
    |select_ln1017_fu_505_p3   |    select|   0|  0|  56|           1|          64|
    |select_ln803_fu_404_p3    |    select|   0|  0|  56|           1|          64|
    |term1_fu_511_p3           |    select|   0|  0|  56|           1|          64|
    |xor_ln808_fu_466_p2       |       xor|   0|  0|   2|           2|           1|
    |xor_ln850_fu_545_p2       |       xor|   0|  0|   2|           1|           2|
    +--------------------------+----------+----+---+----+------------+------------+
    |Total                     |          |   0|  0| 588|         248|         403|
    +--------------------------+----------+----+---+----+------------+------------+

    * Multiplexer: 
    +-------------------+-----+-----------+-----+-----------+
    |        Name       | LUT | Input Size| Bits| Total Bits|
    +-------------------+-----+-----------+-----+-----------+
    |angle_1_reg_195    |    9|          2|   64|        128|
    |ap_NS_fsm          |  705|        134|    1|        134|
    |empty_14_reg_183   |    9|          2|   64|        128|
    |empty_reg_171      |    9|          2|   64|        128|
    |grp_fu_213_opcode  |   14|          3|    2|          6|
    |grp_fu_213_p0      |   49|          9|   64|        576|
    |grp_fu_213_p1      |   43|          8|   64|        512|
    |grp_fu_219_opcode  |   14|          3|    2|          6|
    |grp_fu_219_p0      |   14|          3|   64|        192|
    |grp_fu_219_p1      |   14|          3|   64|        192|
    |grp_fu_229_p0      |   31|          6|   64|        384|
    |grp_fu_229_p1      |   43|          8|   64|        512|
    |grp_fu_234_p0      |   14|          3|   64|        192|
    |grp_fu_234_p1      |   14|          3|   64|        192|
    |grp_fu_239_p0      |   14|          3|   64|        192|
    |grp_fu_239_p1      |   20|          4|   64|        256|
    |grp_fu_250_p0      |   14|          3|   64|        192|
    |grp_fu_250_p1      |   14|          3|   64|        192|
    |grp_fu_255_p0      |   14|          3|   64|        192|
    |grp_fu_255_p1      |   14|          3|   64|        192|
    |grp_fu_262_p0      |   14|          3|   32|         96|
    |k_fu_110           |    9|          2|   11|         22|
    |n_reg_159          |    9|          2|   31|         62|
    +-------------------+-----+-----------+-----+-----------+
    |Total              | 1104|        215| 1167|       4678|
    +-------------------+-----+-----------+-----+-----------+

    * Register: 
    +-----------------------------------------------+-----+----+-----+-----------+
    |                      Name                     |  FF | LUT| Bits| Const Bits|
    +-----------------------------------------------+-----+----+-----+-----------+
    |add_i_reg_714                                  |   64|   0|   64|          0|
    |add_ln1219_reg_630                             |   31|   0|   31|          0|
    |add_ln1331_reg_606                             |   11|   0|   11|          0|
    |and_ln808_reg_661                              |    1|   0|    1|          0|
    |and_ln811_1_reg_674                            |    1|   0|    1|          0|
    |and_ln811_reg_668                              |    1|   0|    1|          0|
    |angle_1_reg_195                                |   64|   0|   64|          0|
    |angle_assign_4_reg_650                         |   64|   0|   64|          0|
    |angle_assign_reg_635                           |   64|   0|   64|          0|
    |angle_reg_645                                  |   64|   0|   64|          0|
    |ap_CS_fsm                                      |  133|   0|  133|          0|
    |bitcast_ln1222_1_reg_704                       |   64|   0|   64|          0|
    |conv1_i_reg_590                                |   64|   0|   64|          0|
    |conv_i_reg_611                                 |   64|   0|   64|          0|
    |deltaTheta_reg_622                             |   64|   0|   64|          0|
    |empty_14_reg_183                               |   64|   0|   64|          0|
    |empty_reg_171                                  |   64|   0|   64|          0|
    |grp_generic_fmod_double_s_fu_207_ap_start_reg  |    1|   0|    1|          0|
    |k_fu_110                                       |   11|   0|   11|          0|
    |n_reg_159                                      |   31|   0|   31|          0|
    |reg_266                                        |   64|   0|   64|          0|
    |reg_274                                        |   64|   0|   64|          0|
    |reg_280                                        |   64|   0|   64|          0|
    |reg_284                                        |   64|   0|   64|          0|
    |reg_290                                        |   64|   0|   64|          0|
    |reg_296                                        |   64|   0|   64|          0|
    |sampleCount_read_reg_583                       |   32|   0|   32|          0|
    |term1_reg_685                                  |   64|   0|   64|          0|
    |term2_1_reg_693                                |   64|   0|   64|          0|
    |zext_ln1331_reg_616                            |   11|   0|   64|         53|
    +-----------------------------------------------+-----+----+-----+-----------+
    |Total                                          | 1480|   0| 1533|         53|
    +-----------------------------------------------+-----+----+-----+-----------+



================================================================
== Interface
================================================================
* Summary: 
+-------------------+-----+-----+------------+--------------+--------------+
|     RTL Ports     | Dir | Bits|  Protocol  | Source Object|    C Type    |
+-------------------+-----+-----+------------+--------------+--------------+
|ap_clk             |   in|    1|  ap_ctrl_hs|          dFFT|  return value|
|ap_rst             |   in|    1|  ap_ctrl_hs|          dFFT|  return value|
|ap_start           |   in|    1|  ap_ctrl_hs|          dFFT|  return value|
|ap_done            |  out|    1|  ap_ctrl_hs|          dFFT|  return value|
|ap_idle            |  out|    1|  ap_ctrl_hs|          dFFT|  return value|
|ap_ready           |  out|    1|  ap_ctrl_hs|          dFFT|  return value|
|signal_r_address0  |  out|   10|   ap_memory|      signal_r|         array|
|signal_r_ce0       |  out|    1|   ap_memory|      signal_r|         array|
|signal_r_q0        |   in|   64|   ap_memory|      signal_r|         array|
|real_r_address0    |  out|   10|   ap_memory|        real_r|         array|
|real_r_ce0         |  out|    1|   ap_memory|        real_r|         array|
|real_r_we0         |  out|    1|   ap_memory|        real_r|         array|
|real_r_d0          |  out|   64|   ap_memory|        real_r|         array|
|imag_address0      |  out|   10|   ap_memory|          imag|         array|
|imag_ce0           |  out|    1|   ap_memory|          imag|         array|
|imag_we0           |  out|    1|   ap_memory|          imag|         array|
|imag_d0            |  out|   64|   ap_memory|          imag|         array|
|sampleCount        |   in|   32|     ap_none|   sampleCount|        scalar|
+-------------------+-----+-----+------------+--------------+--------------+

