

================================================================
== Vitis HLS Report for 'dFFT'
================================================================
* Date:           Tue Apr  8 11:35:58 2025

* Version:        2024.2 (Build 5238294 on Nov  8 2024)
* Project:        PositFFT
* Solution:       hls (Vivado IP Flow Target)
* Product family: azynquplus
* Target device:  xazu7ev-fbvb900-1-i


================================================================
== Performance Estimates
================================================================
+ Timing: 
    * Summary: 
    +--------+----------+----------+------------+
    |  Clock |  Target  | Estimated| Uncertainty|
    +--------+----------+----------+------------+
    |ap_clk  |  10.00 ns|  7.568 ns|     2.70 ns|
    +--------+----------+----------+------------+

+ Latency: 
    * Summary: 
    +---------+---------+----------+-----------+--------+---------+---------+
    |  Latency (cycles) |  Latency (absolute)  |     Interval     | Pipeline|
    |   min   |   max   |    min   |    max    |   min  |   max   |   Type  |
    +---------+---------+----------+-----------+--------+---------+---------+
    |   201793|  8807489|  2.018 ms|  88.075 ms|  201794|  8807490|       no|
    +---------+---------+----------+-----------+--------+---------+---------+

    + Detail: 
        * Instance: 
        +----------------------------------+-----------------------+---------+---------+-----------+-----------+-----+------+---------+
        |                                  |                       |  Latency (cycles) |   Latency (absolute)  |  Interval  | Pipeline|
        |             Instance             |         Module        |   min   |   max   |    min    |    max    | min |  max |   Type  |
        +----------------------------------+-----------------------+---------+---------+-----------+-----------+-----+------+---------+
        |grp_generic_fmod_double_s_fu_173  |generic_fmod_double_s  |        1|     2102|  10.000 ns|  21.020 us|    1|  2102|       no|
        +----------------------------------+-----------------------+---------+---------+-----------+-----------+-----+------+---------+

        * Loop: 
        +----------------------+---------+---------+---------------+-----------+-----------+------+----------+
        |                      |  Latency (cycles) |   Iteration   |  Initiation Interval  | Trip |          |
        |       Loop Name      |   min   |   max   |    Latency    |  achieved |   target  | Count| Pipelined|
        +----------------------+---------+---------+---------------+-----------+-----------+------+----------+
        |- VITIS_LOOP_1295_1   |   201792|  8807488|  3153 ~ 137617|          -|          -|    64|        no|
        | + VITIS_LOOP_1214_1  |     3136|   137600|      49 ~ 2150|          -|          -|    64|        no|
        +----------------------+---------+---------+---------------+-----------+-----------+------+----------+



================================================================
== Utilization Estimates
================================================================
* Summary: 
+-----------------+---------+------+--------+--------+-----+
|       Name      | BRAM_18K|  DSP |   FF   |   LUT  | URAM|
+-----------------+---------+------+--------+--------+-----+
|DSP              |        -|     -|       -|       -|    -|
|Expression       |        -|     -|       0|     563|    -|
|FIFO             |        -|     -|       -|       -|    -|
|Instance         |        -|    39|    2240|    3246|    -|
|Memory           |        -|     -|       -|       -|    -|
|Multiplexer      |        -|     -|       0|     670|    -|
|Register         |        -|     -|    1130|       -|    -|
+-----------------+---------+------+--------+--------+-----+
|Total            |        0|    39|    3370|    4479|    0|
+-----------------+---------+------+--------+--------+-----+
|Available        |      624|  1728|  460800|  230400|   96|
+-----------------+---------+------+--------+--------+-----+
|Utilization (%)  |        0|     2|      ~0|       1|    0|
+-----------------+---------+------+--------+--------+-----+

+ Detail: 
    * Instance: 
    +---------------------------------------+------------------------------------+---------+----+-----+------+-----+
    |                Instance               |               Module               | BRAM_18K| DSP|  FF |  LUT | URAM|
    +---------------------------------------+------------------------------------+---------+----+-----+------+-----+
    |dadddsub_64ns_64ns_64_5_full_dsp_1_U7  |dadddsub_64ns_64ns_64_5_full_dsp_1  |        0|   3|  445|   781|    0|
    |dadddsub_64ns_64ns_64_5_full_dsp_1_U8  |dadddsub_64ns_64ns_64_5_full_dsp_1  |        0|   3|  445|   781|    0|
    |dcmp_64ns_64ns_1_2_no_dsp_1_U12        |dcmp_64ns_64ns_1_2_no_dsp_1         |        0|   0|    0|     0|    0|
    |dcmp_64ns_64ns_1_2_no_dsp_1_U13        |dcmp_64ns_64ns_1_2_no_dsp_1         |        0|   0|    0|     0|    0|
    |dmul_64ns_64ns_64_6_max_dsp_1_U9       |dmul_64ns_64ns_64_6_max_dsp_1       |        0|  11|  317|   208|    0|
    |dmul_64ns_64ns_64_6_max_dsp_1_U10      |dmul_64ns_64ns_64_6_max_dsp_1       |        0|  11|  317|   208|    0|
    |dmul_64ns_64ns_64_6_max_dsp_1_U11      |dmul_64ns_64ns_64_6_max_dsp_1       |        0|  11|  317|   208|    0|
    |grp_generic_fmod_double_s_fu_173       |generic_fmod_double_s               |        0|   0|  399|  1060|    0|
    |sitodp_32ns_64_4_no_dsp_1_U14          |sitodp_32ns_64_4_no_dsp_1           |        0|   0|    0|     0|    0|
    +---------------------------------------+------------------------------------+---------+----+-----+------+-----+
    |Total                                  |                                    |        0|  39| 2240|  3246|    0|
    +---------------------------------------+------------------------------------+---------+----+-----+------+-----+

    * DSP: 
    N/A

    * Memory: 
    N/A

    * FIFO: 
    N/A

    * Expression: 
    +--------------------------+----------+----+---+----+------------+------------+
    |       Variable Name      | Operation| DSP| FF| LUT| Bitwidth P0| Bitwidth P1|
    +--------------------------+----------+----+---+----+------------+------------+
    |add_ln1214_fu_304_p2      |         +|   0|  0|  14|           7|           1|
    |add_ln1295_fu_280_p2      |         +|   0|  0|  14|           7|           1|
    |and_ln809_fu_359_p2       |       and|   0|  0|   2|           1|           1|
    |and_ln811_fu_364_p2       |       and|   0|  0|   2|           1|           1|
    |and_ln816_fu_421_p2       |       and|   0|  0|   2|           1|           1|
    |and_ln819_fu_427_p2       |       and|   0|  0|   2|           1|           1|
    |icmp_ln1214_fu_298_p2     |      icmp|   0|  0|  15|           7|           8|
    |icmp_ln1295_fu_274_p2     |      icmp|   0|  0|  15|           7|           8|
    |icmp_ln809_1_fu_347_p2    |      icmp|   0|  0|  59|          52|           1|
    |icmp_ln809_fu_341_p2      |      icmp|   0|  0|  18|          11|           2|
    |icmp_ln816_1_fu_409_p2    |      icmp|   0|  0|  59|          52|           1|
    |icmp_ln816_fu_403_p2      |      icmp|   0|  0|  18|          11|           2|
    |or_ln809_fu_353_p2        |        or|   0|  0|   2|           1|           1|
    |or_ln816_fu_415_p2        |        or|   0|  0|   2|           1|           1|
    |or_ln819_fu_490_p2        |        or|   0|  0|   2|           1|           1|
    |angle_assign_9_fu_376_p3  |    select|   0|  0|  56|           1|          64|
    |empty_15_fu_433_p3        |    select|   0|  0|  55|           1|          63|
    |realPart_fu_494_p3        |    select|   0|  0|  56|           1|          64|
    |select_ln1025_fu_441_p3   |    select|   0|  0|  56|           1|          64|
    |select_ln811_fu_369_p3    |    select|   0|  0|  56|           1|          64|
    |term1_fu_447_p3           |    select|   0|  0|  56|           1|          64|
    |xor_ln856_fu_468_p2       |       xor|   0|  0|   2|           1|           2|
    +--------------------------+----------+----+---+----+------------+------------+
    |Total                     |          |   0|  0| 563|         168|         416|
    +--------------------------+----------+----+---+----+------------+------------+

    * Multiplexer: 
    +-------------------+-----+-----------+-----+-----------+
    |        Name       | LUT | Input Size| Bits| Total Bits|
    +-------------------+-----+-----------+-----+-----------+
    |angle_1_reg_161    |    9|          2|   64|        128|
    |ap_NS_fsm          |  296|         66|    1|         66|
    |empty_13_reg_137   |    9|          2|   64|        128|
    |empty_14_reg_149   |    9|          2|   64|        128|
    |grp_fu_179_opcode  |   14|          3|    2|          6|
    |grp_fu_179_p0      |   43|          8|   64|        512|
    |grp_fu_179_p1      |   26|          5|   64|        320|
    |grp_fu_185_opcode  |   14|          3|    2|          6|
    |grp_fu_185_p0      |   26|          5|   64|        320|
    |grp_fu_185_p1      |   20|          4|   64|        256|
    |grp_fu_196_p0      |   37|          7|   64|        448|
    |grp_fu_196_p1      |   37|          7|   64|        448|
    |grp_fu_202_p0      |   14|          3|   64|        192|
    |grp_fu_202_p1      |   14|          3|   64|        192|
    |grp_fu_206_p0      |   14|          3|   64|        192|
    |grp_fu_206_p1      |   14|          3|   64|        192|
    |grp_fu_213_p0      |   14|          3|   64|        192|
    |grp_fu_213_p1      |   14|          3|   64|        192|
    |grp_fu_218_p0      |   14|          3|   64|        192|
    |grp_fu_218_p1      |   14|          3|   64|        192|
    |k_fu_90            |    9|          2|    7|         14|
    |n_reg_126          |    9|          2|    7|         14|
    +-------------------+-----+-----------+-----+-----------+
    |Total              |  670|        142| 1107|       4330|
    +-------------------+-----+-----------+-----+-----------+

    * Register: 
    +-----------------------------------------------+----+----+-----+-----------+
    |                      Name                     | FF | LUT| Bits| Const Bits|
    +-----------------------------------------------+----+----+-----+-----------+
    |add_ln1214_reg_545                             |   7|   0|    7|          0|
    |add_ln1295_reg_521                             |   7|   0|    7|          0|
    |and_ln816_reg_587                              |   1|   0|    1|          0|
    |and_ln819_reg_593                              |   1|   0|    1|          0|
    |angle_1_reg_161                                |  64|   0|   64|          0|
    |angle_assign_9_reg_575                         |  64|   0|   64|          0|
    |angle_assign_reg_550                           |  64|   0|   64|          0|
    |angle_reg_560                                  |  64|   0|   64|          0|
    |ap_CS_fsm                                      |  65|   0|   65|          0|
    |conv_i_reg_531                                 |  64|   0|   64|          0|
    |empty_13_reg_137                               |  64|   0|   64|          0|
    |empty_14_reg_149                               |  64|   0|   64|          0|
    |empty_15_reg_599                               |   1|   0|   64|         63|
    |empty_reg_510                                  |  64|   0|   64|          0|
    |grp_generic_fmod_double_s_fu_173_ap_start_reg  |   1|   0|    1|          0|
    |k_fu_90                                        |   7|   0|    7|          0|
    |n_reg_126                                      |   7|   0|    7|          0|
    |realSum_reg_616                                |  64|   0|   64|          0|
    |reg_228                                        |  64|   0|   64|          0|
    |reg_234                                        |  64|   0|   64|          0|
    |reg_240                                        |  64|   0|   64|          0|
    |reg_244                                        |  64|   0|   64|          0|
    |reg_250                                        |  64|   0|   64|          0|
    |reg_256                                        |  64|   0|   64|          0|
    |term1_reg_604                                  |  64|   0|   64|          0|
    |tmp_1_reg_565                                  |   1|   0|    1|          0|
    |tmp_3_reg_570                                  |   1|   0|    1|          0|
    |zext_ln1295_reg_536                            |   7|   0|   64|         57|
    +-----------------------------------------------+----+----+-----+-----------+
    |Total                                          |1130|   0| 1250|        120|
    +-----------------------------------------------+----+----+-----+-----------+



================================================================
== Interface
================================================================
* Summary: 
+----------------------+-----+-----+------------+--------------+--------------+
|       RTL Ports      | Dir | Bits|  Protocol  | Source Object|    C Type    |
+----------------------+-----+-----+------------+--------------+--------------+
|ap_clk                |   in|    1|  ap_ctrl_hs|          dFFT|  return value|
|ap_rst                |   in|    1|  ap_ctrl_hs|          dFFT|  return value|
|ap_start              |   in|    1|  ap_ctrl_hs|          dFFT|  return value|
|ap_done               |  out|    1|  ap_ctrl_hs|          dFFT|  return value|
|ap_idle               |  out|    1|  ap_ctrl_hs|          dFFT|  return value|
|ap_ready              |  out|    1|  ap_ctrl_hs|          dFFT|  return value|
|signal_r              |   in|   64|     ap_none|      signal_r|       pointer|
|result_real_address0  |  out|    6|   ap_memory|   result_real|         array|
|result_real_ce0       |  out|    1|   ap_memory|   result_real|         array|
|result_real_we0       |  out|    1|   ap_memory|   result_real|         array|
|result_real_d0        |  out|   64|   ap_memory|   result_real|         array|
|result_imag_address0  |  out|    6|   ap_memory|   result_imag|         array|
|result_imag_ce0       |  out|    1|   ap_memory|   result_imag|         array|
|result_imag_we0       |  out|    1|   ap_memory|   result_imag|         array|
|result_imag_d0        |  out|   64|   ap_memory|   result_imag|         array|
+----------------------+-----+-----+------------+--------------+--------------+

