

================================================================
== Vitis HLS Report for 'dFFT'
================================================================
* Date:           Tue Apr  8 22:10:09 2025

* Version:        2024.2 (Build 5238294 on Nov  8 2024)
* Project:        PositFFT
* Solution:       hls (Vivado IP Flow Target)
* Product family: azynquplus
* Target device:  xazu7ev-fbvb900-1-i


================================================================
== Performance Estimates
================================================================
+ Timing: 
    * Summary: 
    +--------+----------+----------+------------+
    |  Clock |  Target  | Estimated| Uncertainty|
    +--------+----------+----------+------------+
    |ap_clk  |  10.00 ns|  7.534 ns|     2.70 ns|
    +--------+----------+----------+------------+

+ Latency: 
    * Summary: 
    +---------+---------+----------+-----------+--------+---------+---------+
    |  Latency (cycles) |  Latency (absolute)  |     Interval     | Pipeline|
    |   min   |   max   |    min   |    max    |   min  |   max   |   Type  |
    +---------+---------+----------+-----------+--------+---------+---------+
    |   345153|  8950849|  3.452 ms|  89.508 ms|  345154|  8950850|       no|
    +---------+---------+----------+-----------+--------+---------+---------+

    + Detail: 
        * Instance: 
        +----------------------------------+-----------------------+---------+---------+-----------+-----------+-----+------+---------+
        |                                  |                       |  Latency (cycles) |   Latency (absolute)  |  Interval  | Pipeline|
        |             Instance             |         Module        |   min   |   max   |    min    |    max    | min |  max |   Type  |
        +----------------------------------+-----------------------+---------+---------+-----------+-----------+-----+------+---------+
        |grp_generic_fmod_double_s_fu_189  |generic_fmod_double_s  |        1|     2102|  10.000 ns|  21.020 us|    1|  2102|       no|
        +----------------------------------+-----------------------+---------+---------+-----------+-----------+-----+------+---------+

        * Loop: 
        +----------------------+---------+---------+---------------+-----------+-----------+------+----------+
        |                      |  Latency (cycles) |   Iteration   |  Initiation Interval  | Trip |          |
        |       Loop Name      |   min   |   max   |    Latency    |  achieved |   target  | Count| Pipelined|
        +----------------------+---------+---------+---------------+-----------+-----------+------+----------+
        |- VITIS_LOOP_1431_1   |   345152|  8950848|  5393 ~ 139857|          -|          -|    64|        no|
        | + VITIS_LOOP_1318_1  |     5376|   139840|      84 ~ 2185|          -|          -|    64|        no|
        +----------------------+---------+---------+---------------+-----------+-----------+------+----------+



================================================================
== Utilization Estimates
================================================================
* Summary: 
+-----------------+---------+------+--------+--------+-----+
|       Name      | BRAM_18K|  DSP |   FF   |   LUT  | URAM|
+-----------------+---------+------+--------+--------+-----+
|DSP              |        -|     -|       -|       -|    -|
|Expression       |        -|     -|       0|     512|    -|
|FIFO             |        -|     -|       -|       -|    -|
|Instance         |        -|    28|    1923|    3047|    -|
|Memory           |        -|     -|       -|       -|    -|
|Multiplexer      |        -|     -|       0|     900|    -|
|Register         |        -|     -|    1291|       -|    -|
+-----------------+---------+------+--------+--------+-----+
|Total            |        0|    28|    3214|    4459|    0|
+-----------------+---------+------+--------+--------+-----+
|Available        |      624|  1728|  460800|  230400|   96|
+-----------------+---------+------+--------+--------+-----+
|Utilization (%)  |        0|     1|      ~0|       1|    0|
+-----------------+---------+------+--------+--------+-----+

+ Detail: 
    * Instance: 
    +---------------------------------------+------------------------------------+---------+----+-----+------+-----+
    |                Instance               |               Module               | BRAM_18K| DSP|  FF |  LUT | URAM|
    +---------------------------------------+------------------------------------+---------+----+-----+------+-----+
    |dadddsub_64ns_64ns_64_5_full_dsp_1_U7  |dadddsub_64ns_64ns_64_5_full_dsp_1  |        0|   3|  445|   781|    0|
    |dadddsub_64ns_64ns_64_5_full_dsp_1_U8  |dadddsub_64ns_64ns_64_5_full_dsp_1  |        0|   3|  445|   781|    0|
    |dcmp_64ns_64ns_1_2_no_dsp_1_U11        |dcmp_64ns_64ns_1_2_no_dsp_1         |        0|   0|    0|     0|    0|
    |dcmp_64ns_64ns_1_2_no_dsp_1_U12        |dcmp_64ns_64ns_1_2_no_dsp_1         |        0|   0|    0|     0|    0|
    |dmul_64ns_64ns_64_6_max_dsp_1_U9       |dmul_64ns_64ns_64_6_max_dsp_1       |        0|  11|  317|   208|    0|
    |dmul_64ns_64ns_64_6_max_dsp_1_U10      |dmul_64ns_64ns_64_6_max_dsp_1       |        0|  11|  317|   208|    0|
    |grp_generic_fmod_double_s_fu_189       |generic_fmod_double_s               |        0|   0|  399|  1060|    0|
    |sitodp_32ns_64_4_no_dsp_1_U13          |sitodp_32ns_64_4_no_dsp_1           |        0|   0|    0|     0|    0|
    |sparsemux_7_2_64_1_1_U14               |sparsemux_7_2_64_1_1                |        0|   0|    0|     9|    0|
    +---------------------------------------+------------------------------------+---------+----+-----+------+-----+
    |Total                                  |                                    |        0|  28| 1923|  3047|    0|
    +---------------------------------------+------------------------------------+---------+----+-----+------+-----+

    * DSP: 
    N/A

    * Memory: 
    N/A

    * FIFO: 
    N/A

    * Expression: 
    +--------------------------+----------+----+---+----+------------+------------+
    |       Variable Name      | Operation| DSP| FF| LUT| Bitwidth P0| Bitwidth P1|
    +--------------------------+----------+----+---+----+------------+------------+
    |add_ln1318_fu_324_p2      |         +|   0|  0|  14|           7|           1|
    |add_ln1431_fu_300_p2      |         +|   0|  0|  14|           7|           1|
    |and_ln871_fu_379_p2       |       and|   0|  0|   2|           1|           1|
    |and_ln873_fu_385_p2       |       and|   0|  0|   2|           1|           1|
    |and_ln878_fu_441_p2       |       and|   0|  0|   2|           1|           1|
    |and_ln881_1_fu_459_p2     |       and|   0|  0|   2|           1|           1|
    |and_ln881_fu_447_p2       |       and|   0|  0|   2|           1|           1|
    |icmp_ln1318_fu_318_p2     |      icmp|   0|  0|  15|           7|           8|
    |icmp_ln1431_fu_294_p2     |      icmp|   0|  0|  15|           7|           8|
    |icmp_ln871_1_fu_367_p2    |      icmp|   0|  0|  59|          52|           1|
    |icmp_ln871_fu_361_p2      |      icmp|   0|  0|  18|          11|           2|
    |icmp_ln878_1_fu_429_p2    |      icmp|   0|  0|  59|          52|           1|
    |icmp_ln878_fu_423_p2      |      icmp|   0|  0|  18|          11|           2|
    |negate_fu_507_p2          |        or|   0|  0|   2|           1|           1|
    |or_ln871_fu_373_p2        |        or|   0|  0|   2|           1|           1|
    |or_ln878_fu_435_p2        |        or|   0|  0|   2|           1|           1|
    |angle_assign_4_fu_398_p3  |    select|   0|  0|  56|           1|          64|
    |realPart_fu_545_p3        |    select|   0|  0|  56|           1|          64|
    |select_ln1108_fu_492_p3   |    select|   0|  0|  56|           1|          64|
    |select_ln873_fu_391_p3    |    select|   0|  0|  56|           1|          64|
    |term1_fu_498_p3           |    select|   0|  0|  56|           1|          64|
    |xor_ln878_fu_453_p2       |       xor|   0|  0|   2|           2|           1|
    |xor_ln922_fu_523_p2       |       xor|   0|  0|   2|           1|           2|
    +--------------------------+----------+----+---+----+------------+------------+
    |Total                     |          |   0|  0| 512|         170|         355|
    +--------------------------+----------+----+---+----+------------+------------+

    * Multiplexer: 
    +-------------------+-----+-----------+-----+-----------+
    |        Name       | LUT | Input Size| Bits| Total Bits|
    +-------------------+-----+-----------+-----+-----------+
    |angle_1_reg_177    |    9|          2|   64|        128|
    |ap_NS_fsm          |  503|        101|    1|        101|
    |grp_fu_195_opcode  |   14|          3|    2|          6|
    |grp_fu_195_p0      |   49|          9|   64|        576|
    |grp_fu_195_p1      |   43|          8|   64|        512|
    |grp_fu_201_opcode  |   14|          3|    2|          6|
    |grp_fu_201_p0      |   14|          3|   64|        192|
    |grp_fu_201_p1      |   14|          3|   64|        192|
    |grp_fu_211_p0      |   43|          8|   64|        512|
    |grp_fu_211_p1      |   65|         12|   64|        768|
    |grp_fu_217_p0      |   20|          4|   64|        256|
    |grp_fu_217_p1      |   20|          4|   64|        256|
    |grp_fu_225_p0      |   14|          3|   64|        192|
    |grp_fu_225_p1      |   14|          3|   64|        192|
    |grp_fu_230_p0      |   14|          3|   64|        192|
    |grp_fu_230_p1      |   14|          3|   64|        192|
    |imagSum_reg_153    |    9|          2|   64|        128|
    |k_fu_106           |    9|          2|    7|         14|
    |n_reg_142          |    9|          2|    7|         14|
    |realSum_reg_165    |    9|          2|   64|        128|
    +-------------------+-----+-----------+-----+-----------+
    |Total              |  900|        180|  979|       4557|
    +-------------------+-----+-----------+-----+-----------+

    * Register: 
    +-----------------------------------------------+-----+----+-----+-----------+
    |                      Name                     |  FF | LUT| Bits| Const Bits|
    +-----------------------------------------------+-----+----+-----+-----------+
    |add_i_reg_669                                  |   64|   0|   64|          0|
    |add_ln1318_reg_596                             |    7|   0|    7|          0|
    |add_ln1431_reg_572                             |    7|   0|    7|          0|
    |and_ln878_reg_627                              |    1|   0|    1|          0|
    |and_ln881_1_reg_640                            |    1|   0|    1|          0|
    |and_ln881_reg_634                              |    1|   0|    1|          0|
    |angle_1_reg_177                                |   64|   0|   64|          0|
    |angle_assign_4_reg_616                         |   64|   0|   64|          0|
    |angle_assign_reg_601                           |   64|   0|   64|          0|
    |angle_reg_611                                  |   64|   0|   64|          0|
    |ap_CS_fsm                                      |  100|   0|  100|          0|
    |conv_i_reg_582                                 |   64|   0|   64|          0|
    |empty_reg_561                                  |   64|   0|   64|          0|
    |grp_generic_fmod_double_s_fu_189_ap_start_reg  |    1|   0|    1|          0|
    |imagSum_reg_153                                |   64|   0|   64|          0|
    |k_fu_106                                       |    7|   0|    7|          0|
    |n_reg_142                                      |    7|   0|    7|          0|
    |realSum_reg_165                                |   64|   0|   64|          0|
    |reg_240                                        |   64|   0|   64|          0|
    |reg_246                                        |   64|   0|   64|          0|
    |reg_252                                        |   64|   0|   64|          0|
    |reg_256                                        |   64|   0|   64|          0|
    |reg_263                                        |   64|   0|   64|          0|
    |reg_269                                        |   64|   0|   64|          0|
    |reg_276                                        |   64|   0|   64|          0|
    |term1_reg_651                                  |   64|   0|   64|          0|
    |term2_reg_659                                  |   64|   0|   64|          0|
    |zext_ln1431_reg_587                            |    7|   0|   64|         57|
    +-----------------------------------------------+-----+----+-----+-----------+
    |Total                                          | 1291|   0| 1348|         57|
    +-----------------------------------------------+-----+----+-----+-----------+



================================================================
== Interface
================================================================
* Summary: 
+----------------------+-----+-----+------------+--------------+--------------+
|       RTL Ports      | Dir | Bits|  Protocol  | Source Object|    C Type    |
+----------------------+-----+-----+------------+--------------+--------------+
|ap_clk                |   in|    1|  ap_ctrl_hs|          dFFT|  return value|
|ap_rst                |   in|    1|  ap_ctrl_hs|          dFFT|  return value|
|ap_start              |   in|    1|  ap_ctrl_hs|          dFFT|  return value|
|ap_done               |  out|    1|  ap_ctrl_hs|          dFFT|  return value|
|ap_idle               |  out|    1|  ap_ctrl_hs|          dFFT|  return value|
|ap_ready              |  out|    1|  ap_ctrl_hs|          dFFT|  return value|
|signal_r              |   in|   64|     ap_none|      signal_r|       pointer|
|result_real_address0  |  out|    6|   ap_memory|   result_real|         array|
|result_real_ce0       |  out|    1|   ap_memory|   result_real|         array|
|result_real_we0       |  out|    1|   ap_memory|   result_real|         array|
|result_real_d0        |  out|   64|   ap_memory|   result_real|         array|
|result_imag_address0  |  out|    6|   ap_memory|   result_imag|         array|
|result_imag_ce0       |  out|    1|   ap_memory|   result_imag|         array|
|result_imag_we0       |  out|    1|   ap_memory|   result_imag|         array|
|result_imag_d0        |  out|   64|   ap_memory|   result_imag|         array|
+----------------------+-----+-----+------------+--------------+--------------+

