

================================================================
== Vitis HLS Report for 'dIFFT'
================================================================
* Date:           Wed Apr  9 18:21:27 2025

* Version:        2024.2 (Build 5238294 on Nov  8 2024)
* Project:        PositFFT
* Solution:       hls (Vivado IP Flow Target)
* Product family: azynquplus
* Target device:  xazu7ev-fbvb900-1-i


================================================================
== Performance Estimates
================================================================
+ Timing: 
    * Summary: 
    +--------+----------+----------+------------+
    |  Clock |  Target  | Estimated| Uncertainty|
    +--------+----------+----------+------------+
    |ap_clk  |  10.00 ns|  7.499 ns|     2.70 ns|
    +--------+----------+----------+------------+

+ Latency: 
    * Summary: 
    +---------+---------+----------+----------+-----+-----+---------+
    |  Latency (cycles) |  Latency (absolute) |  Interval | Pipeline|
    |   min   |   max   |    min   |    max   | min | max |   Type  |
    +---------+---------+----------+----------+-----+-----+---------+
    |        ?|        ?|         ?|         ?|    ?|    ?|       no|
    +---------+---------+----------+----------+-----+-----+---------+

    + Detail: 
        * Instance: 
        +----------------------------------+-----------------------+---------+---------+-----------+-----------+-----+------+---------+
        |                                  |                       |  Latency (cycles) |   Latency (absolute)  |  Interval  | Pipeline|
        |             Instance             |         Module        |   min   |   max   |    min    |    max    | min |  max |   Type  |
        +----------------------------------+-----------------------+---------+---------+-----------+-----------+-----+------+---------+
        |grp_generic_fmod_double_s_fu_174  |generic_fmod_double_s  |        1|     2102|  10.000 ns|  21.020 us|    1|  2102|       no|
        +----------------------------------+-----------------------+---------+---------+-----------+-----------+-----+------+---------+

        * Loop: 
        +----------------------+---------+---------+-----------+-----------+-----------+-------+----------+
        |                      |  Latency (cycles) | Iteration |  Initiation Interval  |  Trip |          |
        |       Loop Name      |   min   |   max   |  Latency  |  achieved |   target  | Count | Pipelined|
        +----------------------+---------+---------+-----------+-----------+-----------+-------+----------+
        |- VITIS_LOOP_1516_1   |        ?|        ?|    143 ~ ?|          -|          -|      ?|        no|
        | + VITIS_LOOP_1502_1  |       89|        ?|  89 ~ 2190|          -|          -|  1 ~ ?|        no|
        +----------------------+---------+---------+-----------+-----------+-----------+-------+----------+



================================================================
== Utilization Estimates
================================================================
* Summary: 
+-----------------+---------+------+--------+--------+-----+
|       Name      | BRAM_18K|  DSP |   FF   |   LUT  | URAM|
+-----------------+---------+------+--------+--------+-----+
|DSP              |        -|     -|       -|       -|    -|
|Expression       |        -|     -|       0|     647|    -|
|FIFO             |        -|     -|       -|       -|    -|
|Instance         |        -|    28|    1923|    3047|    -|
|Memory           |        -|     -|       -|       -|    -|
|Multiplexer      |        -|     -|       0|    1185|    -|
|Register         |        -|     -|    1522|       -|    -|
+-----------------+---------+------+--------+--------+-----+
|Total            |        0|    28|    3445|    4879|    0|
+-----------------+---------+------+--------+--------+-----+
|Available        |      624|  1728|  460800|  230400|   96|
+-----------------+---------+------+--------+--------+-----+
|Utilization (%)  |        0|     1|      ~0|       2|    0|
+-----------------+---------+------+--------+--------+-----+

+ Detail: 
    * Instance: 
    +---------------------------------------+------------------------------------+---------+----+-----+------+-----+
    |                Instance               |               Module               | BRAM_18K| DSP|  FF |  LUT | URAM|
    +---------------------------------------+------------------------------------+---------+----+-----+------+-----+
    |dadddsub_64ns_64ns_64_5_full_dsp_1_U7  |dadddsub_64ns_64ns_64_5_full_dsp_1  |        0|   3|  445|   781|    0|
    |dadddsub_64ns_64ns_64_5_full_dsp_1_U8  |dadddsub_64ns_64ns_64_5_full_dsp_1  |        0|   3|  445|   781|    0|
    |dcmp_64ns_64ns_1_2_no_dsp_1_U12        |dcmp_64ns_64ns_1_2_no_dsp_1         |        0|   0|    0|     0|    0|
    |dcmp_64ns_64ns_1_2_no_dsp_1_U13        |dcmp_64ns_64ns_1_2_no_dsp_1         |        0|   0|    0|     0|    0|
    |ddiv_64ns_64ns_64_22_no_dsp_1_U11      |ddiv_64ns_64ns_64_22_no_dsp_1       |        0|   0|    0|     0|    0|
    |dmul_64ns_64ns_64_6_max_dsp_1_U9       |dmul_64ns_64ns_64_6_max_dsp_1       |        0|  11|  317|   208|    0|
    |dmul_64ns_64ns_64_6_max_dsp_1_U10      |dmul_64ns_64ns_64_6_max_dsp_1       |        0|  11|  317|   208|    0|
    |grp_generic_fmod_double_s_fu_174       |generic_fmod_double_s               |        0|   0|  399|  1060|    0|
    |sitodp_32ns_64_4_no_dsp_1_U14          |sitodp_32ns_64_4_no_dsp_1           |        0|   0|    0|     0|    0|
    |sparsemux_7_2_64_1_1_U15               |sparsemux_7_2_64_1_1                |        0|   0|    0|     9|    0|
    +---------------------------------------+------------------------------------+---------+----+-----+------+-----+
    |Total                                  |                                    |        0|  28| 1923|  3047|    0|
    +---------------------------------------+------------------------------------+---------+----+-----+------+-----+

    * DSP: 
    N/A

    * Memory: 
    N/A

    * FIFO: 
    N/A

    * Expression: 
    +--------------------------+----------+----+---+----+------------+------------+
    |       Variable Name      | Operation| DSP| FF| LUT| Bitwidth P0| Bitwidth P1|
    +--------------------------+----------+----+---+----+------------+------------+
    |add_ln1502_fu_318_p2      |         +|   0|  0|  38|          31|           1|
    |add_ln1516_fu_299_p2      |         +|   0|  0|  38|          31|           1|
    |and_ln877_fu_363_p2       |       and|   0|  0|   2|           1|           1|
    |and_ln879_fu_369_p2       |       and|   0|  0|   2|           1|           1|
    |and_ln884_fu_425_p2       |       and|   0|  0|   2|           1|           1|
    |and_ln887_1_fu_443_p2     |       and|   0|  0|   2|           1|           1|
    |and_ln887_fu_431_p2       |       and|   0|  0|   2|           1|           1|
    |icmp_ln1502_fu_313_p2     |      icmp|   0|  0|  39|          32|          32|
    |icmp_ln1516_1_fu_294_p2   |      icmp|   0|  0|  39|          32|          32|
    |icmp_ln1516_fu_273_p2     |      icmp|   0|  0|  39|          32|           1|
    |icmp_ln877_1_fu_351_p2    |      icmp|   0|  0|  59|          52|           1|
    |icmp_ln877_fu_345_p2      |      icmp|   0|  0|  18|          11|           2|
    |icmp_ln884_1_fu_413_p2    |      icmp|   0|  0|  59|          52|           1|
    |icmp_ln884_fu_407_p2      |      icmp|   0|  0|  18|          11|           2|
    |negate_fu_491_p2          |        or|   0|  0|   2|           1|           1|
    |or_ln877_fu_357_p2        |        or|   0|  0|   2|           1|           1|
    |or_ln884_fu_419_p2        |        or|   0|  0|   2|           1|           1|
    |angle_assign_4_fu_382_p3  |    select|   0|  0|  56|           1|          64|
    |realPart_fu_529_p3        |    select|   0|  0|  56|           1|          64|
    |select_ln1114_fu_476_p3   |    select|   0|  0|  56|           1|          64|
    |select_ln879_fu_375_p3    |    select|   0|  0|  56|           1|          64|
    |term1_fu_482_p3           |    select|   0|  0|  56|           1|          64|
    |xor_ln884_fu_437_p2       |       xor|   0|  0|   2|           2|           1|
    |xor_ln928_fu_507_p2       |       xor|   0|  0|   2|           1|           2|
    +--------------------------+----------+----+---+----+------------+------------+
    |Total                     |          |   0|  0| 647|         300|         404|
    +--------------------------+----------+----+---+----+------------+------------+

    * Multiplexer: 
    +-------------------+-----+-----------+-----+-----------+
    |        Name       | LUT | Input Size| Bits| Total Bits|
    +-------------------+-----+-----------+-----+-----------+
    |angle_1_reg_162    |    9|          2|   64|        128|
    |ap_NS_fsm          |  769|        146|    1|        146|
    |grp_fu_180_opcode  |   14|          3|    2|          6|
    |grp_fu_180_p0      |   49|          9|   64|        576|
    |grp_fu_180_p1      |   49|          9|   64|        576|
    |grp_fu_186_opcode  |   14|          3|    2|          6|
    |grp_fu_186_p0      |   14|          3|   64|        192|
    |grp_fu_186_p1      |   14|          3|   64|        192|
    |grp_fu_195_p0      |   43|          8|   64|        512|
    |grp_fu_195_p1      |   59|         11|   64|        704|
    |grp_fu_200_p0      |   20|          4|   64|        256|
    |grp_fu_200_p1      |   20|          4|   64|        256|
    |grp_fu_208_p0      |   14|          3|   64|        192|
    |grp_fu_213_p0      |   14|          3|   64|        192|
    |grp_fu_213_p1      |   14|          3|   64|        192|
    |grp_fu_218_p0      |   14|          3|   64|        192|
    |grp_fu_218_p1      |   14|          3|   64|        192|
    |grp_fu_225_p0      |   14|          3|   32|         96|
    |k_fu_110           |    9|          2|   31|         62|
    |n_reg_139          |    9|          2|   31|         62|
    |realSum_reg_150    |    9|          2|   64|        128|
    +-------------------+-----+-----------+-----+-----------+
    |Total              | 1185|        229| 1059|       4858|
    +-------------------+-----+-----------+-----+-----------+

    * Register: 
    +-----------------------------------------------+-----+----+-----+-----------+
    |                      Name                     |  FF | LUT| Bits| Const Bits|
    +-----------------------------------------------+-----+----+-----+-----------+
    |add_ln1502_reg_613                             |   31|   0|   31|          0|
    |add_ln1516_reg_595                             |   31|   0|   31|          0|
    |and_ln884_reg_644                              |    1|   0|    1|          0|
    |and_ln887_1_reg_657                            |    1|   0|    1|          0|
    |and_ln887_reg_651                              |    1|   0|    1|          0|
    |angle_1_reg_162                                |   64|   0|   64|          0|
    |angle_assign_4_reg_633                         |   64|   0|   64|          0|
    |angle_assign_reg_618                           |   64|   0|   64|          0|
    |angle_reg_628                                  |   64|   0|   64|          0|
    |ap_CS_fsm                                      |  145|   0|  145|          0|
    |conv_i_reg_600                                 |   64|   0|   64|          0|
    |conv_reg_568                                   |   64|   0|   64|          0|
    |deltaTheta_reg_605                             |   64|   0|   64|          0|
    |grp_generic_fmod_double_s_fu_174_ap_start_reg  |    1|   0|    1|          0|
    |icmp_ln1516_reg_573                            |    1|   0|    1|          0|
    |k_fu_110                                       |   31|   0|   31|          0|
    |n_reg_139                                      |   31|   0|   31|          0|
    |p_phi_fu_106                                   |   64|   0|   64|          0|
    |realSum_reg_150                                |   64|   0|   64|          0|
    |reg_229                                        |   64|   0|   64|          0|
    |reg_237                                        |   64|   0|   64|          0|
    |reg_244                                        |   64|   0|   64|          0|
    |reg_248                                        |   64|   0|   64|          0|
    |reg_254                                        |   64|   0|   64|          0|
    |reg_262                                        |   64|   0|   64|          0|
    |sampleCount_read_reg_560                       |   32|   0|   32|          0|
    |signalVal_imag_reg_582                         |   64|   0|   64|          0|
    |signalVal_real_reg_577                         |   64|   0|   64|          0|
    |term1_reg_668                                  |   64|   0|   64|          0|
    |term2_reg_676                                  |   64|   0|   64|          0|
    +-----------------------------------------------+-----+----+-----+-----------+
    |Total                                          | 1522|   0| 1522|          0|
    +-----------------------------------------------+-----+----+-----+-----------+



================================================================
== Interface
================================================================
* Summary: 
+-----------------+-----+-----+------------+--------------+--------------+
|    RTL Ports    | Dir | Bits|  Protocol  | Source Object|    C Type    |
+-----------------+-----+-----+------------+--------------+--------------+
|ap_clk           |   in|    1|  ap_ctrl_hs|         dIFFT|  return value|
|ap_rst           |   in|    1|  ap_ctrl_hs|         dIFFT|  return value|
|ap_start         |   in|    1|  ap_ctrl_hs|         dIFFT|  return value|
|ap_done          |  out|    1|  ap_ctrl_hs|         dIFFT|  return value|
|ap_idle          |  out|    1|  ap_ctrl_hs|         dIFFT|  return value|
|ap_ready         |  out|    1|  ap_ctrl_hs|         dIFFT|  return value|
|real_r           |   in|   64|     ap_none|        real_r|       pointer|
|imag             |   in|   64|     ap_none|          imag|       pointer|
|signal_r         |  out|   64|      ap_vld|      signal_r|       pointer|
|signal_r_ap_vld  |  out|    1|      ap_vld|      signal_r|       pointer|
|sampleCount      |   in|   32|     ap_none|   sampleCount|        scalar|
+-----------------+-----+-----+------------+--------------+--------------+

