

================================================================
== Vitis HLS Report for 'double2posit'
================================================================
* Date:           Tue Apr  8 14:33:06 2025

* Version:        2024.2 (Build 5238294 on Nov  8 2024)
* Project:        PositFFT
* Solution:       hls (Vivado IP Flow Target)
* Product family: azynquplus
* Target device:  xazu7ev-fbvb900-1-i


================================================================
== Performance Estimates
================================================================
+ Timing: 
    * Summary: 
    +--------+----------+----------+------------+
    |  Clock |  Target  | Estimated| Uncertainty|
    +--------+----------+----------+------------+
    |ap_clk  |  10.00 ns|  7.258 ns|     2.70 ns|
    +--------+----------+----------+------------+

+ Latency: 
    * Summary: 
    +---------+---------+-----------+----------+-----+-----+---------+
    |  Latency (cycles) |  Latency (absolute)  |  Interval | Pipeline|
    |   min   |   max   |    min    |    max   | min | max |   Type  |
    +---------+---------+-----------+----------+-----+-----+---------+
    |        2|       61|  20.000 ns|  0.610 us|    2|   61|       no|
    +---------+---------+-----------+----------+-----+-----+---------+

    + Detail: 
        * Instance: 
        +---------------------------------+----------------------+---------+---------+----------+----------+-----+-----+---------+
        |                                 |                      |  Latency (cycles) |  Latency (absolute) |  Interval | Pipeline|
        |             Instance            |        Module        |   min   |   max   |    min   |    max   | min | max |   Type  |
        +---------------------------------+----------------------+---------+---------+----------+----------+-----+-----+---------+
        |grp_log_generic_double_s_fu_282  |log_generic_double_s  |       11|       11|  0.110 us|  0.110 us|    1|    1|      yes|
        |grp_pow_generic_double_s_fu_305  |pow_generic_double_s  |       11|       11|  0.110 us|  0.110 us|    1|    1|      yes|
        +---------------------------------+----------------------+---------+---------+----------+----------+-----+-----+---------+

        * Loop: 
        N/A



================================================================
== Utilization Estimates
================================================================
* Summary: 
+-----------------+---------+------+--------+--------+-----+
|       Name      | BRAM_18K|  DSP |   FF   |   LUT  | URAM|
+-----------------+---------+------+--------+--------+-----+
|DSP              |        -|     -|       -|       -|    -|
|Expression       |        -|     -|       0|    3490|    -|
|FIFO             |        -|     -|       -|       -|    -|
|Instance         |       26|    72|    5089|   12076|    -|
|Memory           |        6|     -|       0|       0|    -|
|Multiplexer      |        -|     -|       0|     475|    -|
|Register         |        -|     -|     848|       -|    -|
+-----------------+---------+------+--------+--------+-----+
|Total            |       32|    72|    5937|   16041|    0|
+-----------------+---------+------+--------+--------+-----+
|Available        |      624|  1728|  460800|  230400|   96|
+-----------------+---------+------+--------+--------+-----+
|Utilization (%)  |        5|     4|       1|       6|    0|
+-----------------+---------+------+--------+--------+-----+

+ Detail: 
    * Instance: 
    +------------------------------------+--------------------------------+---------+----+------+------+-----+
    |              Instance              |             Module             | BRAM_18K| DSP|  FF  |  LUT | URAM|
    +------------------------------------+--------------------------------+---------+----+------+------+-----+
    |dcmp_64ns_64ns_1_2_no_dsp_1_U55     |dcmp_64ns_64ns_1_2_no_dsp_1     |        0|   0|     0|     0|    0|
    |dsub_64ns_64ns_64_5_full_dsp_1_U53  |dsub_64ns_64ns_64_5_full_dsp_1  |        0|   3|   445|   781|    0|
    |grp_log_generic_double_s_fu_282     |log_generic_double_s            |       21|  33|  3166|  5896|    0|
    |grp_pow_generic_double_s_fu_305     |pow_generic_double_s            |        5|  36|  1478|  5376|    0|
    |sitodp_32s_64_4_no_dsp_1_U56        |sitodp_32s_64_4_no_dsp_1        |        0|   0|     0|     0|    0|
    |sparsemux_7_2_64_1_1_U57            |sparsemux_7_2_64_1_1            |        0|   0|     0|     9|    0|
    |sparsemux_9_3_64_1_1_U58            |sparsemux_9_3_64_1_1            |        0|   0|     0|    14|    0|
    +------------------------------------+--------------------------------+---------+----+------+------+-----+
    |Total                               |                                |       26|  72|  5089| 12076|    0|
    +------------------------------------+--------------------------------+---------+----+------+------+-----+

    * DSP: 
    N/A

    * Memory: 
    +------------------+-----------------------------------------+---------+---+----+-----+------+-----+------+-------------+
    |      Memory      |                  Module                 | BRAM_18K| FF| LUT| URAM| Words| Bits| Banks| W*Bits*Banks|
    +------------------+-----------------------------------------+---------+---+----+-----+------+-----+------+-------------+
    |mask_table_U      |double2posit_mask_table_ROM_AUTO_1R      |        2|  0|   0|    0|    64|   52|     1|         3328|
    |mask_table_50_U   |double2posit_mask_table_ROM_AUTO_1R      |        2|  0|   0|    0|    64|   52|     1|         3328|
    |one_half_table_U  |double2posit_one_half_table_ROM_AUTO_1R  |        2|  0|   0|    0|    64|   53|     1|         3392|
    +------------------+-----------------------------------------+---------+---+----+-----+------+-----+------+-------------+
    |Total             |                                         |        6|  0|   0|    0|   192|  157|     3|        10048|
    +------------------+-----------------------------------------+---------+---+----+-----+------+-----+------+-------------+

    * FIFO: 
    N/A

    * Expression: 
    +----------------------------------------+----------+----+---+-----+------------+------------+
    |              Variable Name             | Operation| DSP| FF| LUT | Bitwidth P0| Bitwidth P1|
    +----------------------------------------+----------+----+---+-----+------------+------------+
    |SREG_fu_983_p2                          |         +|   0|  0|   13|           6|           2|
    |add_ln401_fu_961_p2                     |         +|   0|  0|   14|           7|           2|
    |add_ln486_1_fu_1063_p2                  |         +|   0|  0|   19|          12|          11|
    |add_ln486_fu_843_p2                     |         +|   0|  0|   19|          12|          11|
    |data_2_fu_489_p2                        |         +|   0|  0|   71|          64|          64|
    |data_4_fu_648_p2                        |         +|   0|  0|   71|          64|          64|
    |SREG_2_fu_997_p2                        |         -|   0|  0|   13|           2|           6|
    |result_1_fu_923_p2                      |         -|   0|  0|   14|           1|           7|
    |result_4_fu_1143_p2                     |         -|   0|  0|   44|           1|          37|
    |sub_ln18_1_fu_1077_p2                   |         -|   0|  0|   18|          10|          11|
    |sub_ln18_fu_857_p2                      |         -|   0|  0|   18|          10|          11|
    |sub_ln381_fu_1173_p2                    |         -|   0|  0|   15|           1|           8|
    |and_ln170_fu_538_p2                     |       and|   0|  0|    2|           1|           1|
    |and_ln19_1_fu_762_p2                    |       and|   0|  0|    2|           1|           1|
    |and_ln19_fu_757_p2                      |       and|   0|  0|    2|           1|           1|
    |and_ln24_fu_724_p2                      |       and|   0|  0|    2|           1|           1|
    |and_ln339_fu_619_p2                     |       and|   0|  0|    2|           1|           1|
    |and_ln356_fu_381_p2                     |       and|   0|  0|    2|           1|           1|
    |result_sign_fu_387_p2                   |       and|   0|  0|    2|           1|           1|
    |xs_sig_4_fu_698_p2                      |       and|   0|  0|   52|          52|          52|
    |xs_sig_fu_504_p2                        |       and|   0|  0|   52|          52|          52|
    |xs_sign_2_fu_674_p2                     |       and|   0|  0|    2|           1|           1|
    |icmp_ln167_fu_464_p2                    |      icmp|   0|  0|   18|          11|          10|
    |icmp_ln170_fu_480_p2                    |      icmp|   0|  0|   18|          11|          11|
    |icmp_ln18_fu_628_p2                     |      icmp|   0|  0|   18|          11|          10|
    |icmp_ln19_1_fu_746_p2                   |      icmp|   0|  0|   18|          11|           1|
    |icmp_ln19_fu_740_p2                     |      icmp|   0|  0|   59|          52|           1|
    |icmp_ln339_1_fu_609_p2                  |      icmp|   0|  0|   59|          52|           1|
    |icmp_ln339_fu_603_p2                    |      icmp|   0|  0|   18|          11|           2|
    |icmp_ln356_1_fu_369_p2                  |      icmp|   0|  0|   59|          52|           1|
    |icmp_ln356_fu_363_p2                    |      icmp|   0|  0|   18|          11|           2|
    |icmp_ln401_fu_977_p2                    |      icmp|   0|  0|    9|           2|           1|
    |icmp_ln414_fu_1011_p2                   |      icmp|   0|  0|   14|           6|           7|
    |lshr_ln18_1_fu_1103_p2                  |      lshr|   0|  0|  591|         169|         169|
    |lshr_ln18_fu_883_p2                     |      lshr|   0|  0|  460|         137|         137|
    |lshr_ln381_fu_1167_p2                   |      lshr|   0|  0|  120|          37|          37|
    |or_ln19_fu_751_p2                       |        or|   0|  0|    2|           1|           1|
    |or_ln24_fu_729_p2                       |        or|   0|  0|    2|           1|           1|
    |or_ln339_fu_615_p2                      |        or|   0|  0|    2|           1|           1|
    |or_ln356_fu_375_p2                      |        or|   0|  0|    2|           1|           1|
    |SREG_1_fu_989_p3                        |    select|   0|  0|    7|           1|           6|
    |SREG_3_fu_1003_p3                       |    select|   0|  0|    6|           1|           6|
    |grp_log_generic_double_s_fu_282_base_r  |    select|   0|  0|   56|           1|          64|
    |mant_part_fu_1201_p3                    |    select|   0|  0|   29|           1|          30|
    |mant_with_sf_fu_1149_p3                 |    select|   0|  0|   37|           1|          37|
    |result_fu_929_p3                        |    select|   0|  0|    7|           1|           7|
    |select_ln18_2_fu_1087_p3                |    select|   0|  0|   12|           1|          12|
    |select_ln18_fu_867_p3                   |    select|   0|  0|   12|           1|          12|
    |val_1_fu_1135_p3                        |    select|   0|  0|   37|           1|          37|
    |val_fu_915_p3                           |    select|   0|  0|    7|           1|           7|
    |xs_exp_4_fu_679_p3                      |    select|   0|  0|   10|           1|          11|
    |xs_sig_3_fu_685_p3                      |    select|   0|  0|   51|           1|          52|
    |shl_ln18_1_fu_1109_p2                   |       shl|   0|  0|  591|         169|         169|
    |shl_ln18_fu_889_p2                      |       shl|   0|  0|  460|         137|         137|
    |shl_ln381_fu_1187_p2                    |       shl|   0|  0|  120|          37|          37|
    |xor_ln167_fu_532_p2                     |       xor|   0|  0|    2|           1|           2|
    |xor_ln184_fu_498_p2                     |       xor|   0|  0|   52|          52|           2|
    |xor_ln18_fu_718_p2                      |       xor|   0|  0|    2|           1|           2|
    |xor_ln24_fu_734_p2                      |       xor|   0|  0|    2|           1|           2|
    |xor_ln363_fu_399_p2                     |       xor|   0|  0|    2|           1|           2|
    |xor_ln39_fu_692_p2                      |       xor|   0|  0|   52|          52|           2|
    +----------------------------------------+----------+----+---+-----+------------+------------+
    |Total                                   |          |   0|  0| 3490|        1342|        1376|
    +----------------------------------------+----------+----+---+-----+------------+------------+

    * Multiplexer: 
    +-----------------------------------------------------+-----+-----------+-----+-----------+
    |                         Name                        | LUT | Input Size| Bits| Total Bits|
    +-----------------------------------------------------+-----+-----------+-----+-----------+
    |ap_NS_fsm                                            |  269|         63|    1|         63|
    |ap_phi_mux_result_isZero_phi_fu_271_p6               |    9|          2|    1|          2|
    |ap_phi_mux_this_mantissa_write_assign_phi_fu_256_p6  |    9|          2|   30|         60|
    |ap_phi_mux_this_regime_write_assign_phi_fu_230_p6    |    9|          2|    6|         12|
    |ap_phi_mux_this_sign_write_assign_phi_fu_243_p6      |    9|          2|    1|          2|
    |ap_return_0                                          |    9|          2|    1|          2|
    |ap_return_1                                          |    9|          2|    1|          2|
    |ap_return_2                                          |    9|          2|    6|         12|
    |ap_return_3                                          |    9|          2|   30|         60|
    |fl_reg_217                                           |    9|          2|   64|        128|
    |grp_fu_316_p0                                        |   14|          3|   64|        192|
    |grp_fu_316_p1                                        |   14|          3|   64|        192|
    |grp_fu_320_p0                                        |   14|          3|   64|        192|
    |grp_fu_320_p1                                        |   14|          3|   64|        192|
    |grp_fu_326_opcode                                    |   14|          3|    5|         15|
    |grp_fu_326_p0                                        |   14|          3|   64|        192|
    |grp_fu_326_p1                                        |   14|          3|   64|        192|
    |this_mantissa_write_assign_reg_252                   |    9|          2|   30|         60|
    |this_regime_write_assign_reg_226                     |    9|          2|    6|         12|
    |this_sign_write_assign_reg_239                       |    9|          2|    1|          2|
    +-----------------------------------------------------+-----+-----------+-----+-----------+
    |Total                                                |  475|        108|  567|       1584|
    +-----------------------------------------------------+-----+-----------+-----+-----------+

    * Register: 
    +------------------------------------+----+----+-----+-----------+
    |                Name                | FF | LUT| Bits| Const Bits|
    +------------------------------------+----+----+-----+-----------+
    |and_ln356_reg_1260                  |   1|   0|    1|          0|
    |ap_CS_fsm                           |  62|   0|   62|          0|
    |ap_return_0_preg                    |   1|   0|    1|          0|
    |ap_return_1_preg                    |   1|   0|    1|          0|
    |ap_return_2_preg                    |   6|   0|    6|          0|
    |ap_return_3_preg                    |  30|   0|   30|          0|
    |bitcast_ln356_reg_1249              |  64|   0|   64|          0|
    |bitcast_ln497_1_reg_1321            |   1|   0|   64|         63|
    |data_3_reg_1281                     |  64|   0|   64|          0|
    |exact_reg_1398                      |  64|   0|   64|          0|
    |fl_reg_217                          |  64|   0|   64|          0|
    |icmp_ln170_reg_1326                 |   1|   0|    1|          0|
    |icmp_ln339_1_reg_1348               |   1|   0|    1|          0|
    |icmp_ln339_reg_1343                 |   1|   0|    1|          0|
    |icmp_ln414_reg_1384                 |   1|   0|    1|          0|
    |mant_part_reg_1403                  |  30|   0|   30|          0|
    |or_ln356_reg_1255                   |   1|   0|    1|          0|
    |reg_336                             |  64|   0|   64|          0|
    |reg_341                             |  64|   0|   64|          0|
    |result_isZero_reg_266               |   1|   0|    1|          0|
    |result_reg_1366                     |   7|   0|    7|          0|
    |result_regime_reg_1378              |   6|   0|    6|          0|
    |result_sign_reg_1264                |   1|   0|    1|          0|
    |retval_0_i_reg_1332                 |  64|   0|   64|          0|
    |select_ln361_reg_1270               |  64|   0|   64|          0|
    |this_mantissa_write_assign_reg_252  |  30|   0|   30|          0|
    |this_regime_write_assign_reg_226    |   6|   0|    6|          0|
    |this_sign_write_assign_reg_239      |   1|   0|    1|          0|
    |tmp_171_reg_1373                    |   1|   0|    1|          0|
    |tmp_reg_1276                        |  64|   0|   64|          0|
    |xs_exp_1_reg_1288                   |  11|   0|   11|          0|
    |xs_sign_reg_1297                    |   1|   0|    1|          0|
    |y_assign_reg_1393                   |  64|   0|   64|          0|
    |zext_ln179_reg_1306                 |   6|   0|   64|         58|
    +------------------------------------+----+----+-----+-----------+
    |Total                               | 848|   0|  969|        121|
    +------------------------------------+----+----+-----+-----------+



================================================================
== Interface
================================================================
* Summary: 
+--------------------+-----+-----+------------+--------------+--------------+
|      RTL Ports     | Dir | Bits|  Protocol  | Source Object|    C Type    |
+--------------------+-----+-----+------------+--------------+--------------+
|ap_clk              |   in|    1|  ap_ctrl_hs|  double2posit|  return value|
|ap_rst              |   in|    1|  ap_ctrl_hs|  double2posit|  return value|
|ap_start            |   in|    1|  ap_ctrl_hs|  double2posit|  return value|
|ap_done             |  out|    1|  ap_ctrl_hs|  double2posit|  return value|
|ap_idle             |  out|    1|  ap_ctrl_hs|  double2posit|  return value|
|ap_ready            |  out|    1|  ap_ctrl_hs|  double2posit|  return value|
|ap_return_0         |  out|    1|  ap_ctrl_hs|  double2posit|  return value|
|ap_return_1         |  out|    1|  ap_ctrl_hs|  double2posit|  return value|
|ap_return_2         |  out|    6|  ap_ctrl_hs|  double2posit|  return value|
|ap_return_3         |  out|   30|  ap_ctrl_hs|  double2posit|  return value|
|grp_fu_177_p_din0   |  out|   64|  ap_ctrl_hs|  double2posit|  return value|
|grp_fu_177_p_din1   |  out|   64|  ap_ctrl_hs|  double2posit|  return value|
|grp_fu_177_p_dout0  |   in|   64|  ap_ctrl_hs|  double2posit|  return value|
|grp_fu_177_p_ce     |  out|    1|  ap_ctrl_hs|  double2posit|  return value|
|div                 |   in|   64|     ap_none|           div|        scalar|
+--------------------+-----+-----+------------+--------------+--------------+

