

================================================================
== Vitis HLS Report for 'pFFT'
================================================================
* Date:           Tue Apr  8 14:33:16 2025

* Version:        2024.2 (Build 5238294 on Nov  8 2024)
* Project:        PositFFT
* Solution:       hls (Vivado IP Flow Target)
* Product family: azynquplus
* Target device:  xazu7ev-fbvb900-1-i


================================================================
== Performance Estimates
================================================================
+ Timing: 
    * Summary: 
    +--------+----------+----------+------------+
    |  Clock |  Target  | Estimated| Uncertainty|
    +--------+----------+----------+------------+
    |ap_clk  |  10.00 ns|  7.723 ns|     2.70 ns|
    +--------+----------+----------+------------+

+ Latency: 
    * Summary: 
    +---------+---------+----------+----------+-------+-------+---------+
    |  Latency (cycles) |  Latency (absolute) |    Interval   | Pipeline|
    |   min   |   max   |    min   |    max   |  min  |  max  |   Type  |
    +---------+---------+----------+----------+-------+-------+---------+
    |    37953|    41729|  0.380 ms|  0.417 ms|  37954|  41730|       no|
    +---------+---------+----------+----------+-------+-------+---------+

    + Detail: 
        * Instance: 
        +--------------------------+---------------+---------+---------+----------+----------+-----+-----+---------+
        |                          |               |  Latency (cycles) |  Latency (absolute) |  Interval | Pipeline|
        |         Instance         |     Module    |   min   |   max   |    min   |    max   | min | max |   Type  |
        +--------------------------+---------------+---------+---------+----------+----------+-----+-----+---------+
        |grp_pAccumulateFC_fu_116  |pAccumulateFC  |      590|      649|  5.900 us|  6.490 us|  590|  649|       no|
        +--------------------------+---------------+---------+---------+----------+----------+-----+-----+---------+

        * Loop: 
        +---------------------+---------+---------+-----------+-----------+-----------+------+----------+
        |                     |  Latency (cycles) | Iteration |  Initiation Interval  | Trip |          |
        |      Loop Name      |   min   |   max   |  Latency  |  achieved |   target  | Count| Pipelined|
        +---------------------+---------+---------+-----------+-----------+-----------+------+----------+
        |- VITIS_LOOP_1366_1  |    37952|    41728|  593 ~ 652|          -|          -|    64|        no|
        +---------------------+---------+---------+-----------+-----------+-----------+------+----------+



================================================================
== Utilization Estimates
================================================================
* Summary: 
+-----------------+---------+------+--------+--------+-----+
|       Name      | BRAM_18K|  DSP |   FF   |   LUT  | URAM|
+-----------------+---------+------+--------+--------+-----+
|DSP              |        -|     -|       -|       -|    -|
|Expression       |        -|     -|       0|      29|    -|
|FIFO             |        -|     -|       -|       -|    -|
|Instance         |       32|   123|   34265|   45179|    -|
|Memory           |        -|     -|       -|       -|    -|
|Multiplexer      |        -|     -|       0|      35|    -|
|Register         |        -|     -|      65|       -|    -|
+-----------------+---------+------+--------+--------+-----+
|Total            |       32|   123|   34330|   45243|    0|
+-----------------+---------+------+--------+--------+-----+
|Available        |      624|  1728|  460800|  230400|   96|
+-----------------+---------+------+--------+--------+-----+
|Utilization (%)  |        5|     7|       7|      19|    0|
+-----------------+---------+------+--------+--------+-----+

+ Detail: 
    * Instance: 
    +--------------------------+---------------+---------+-----+-------+-------+-----+
    |         Instance         |     Module    | BRAM_18K| DSP |   FF  |  LUT  | URAM|
    +--------------------------+---------------+---------+-----+-------+-------+-----+
    |grp_pAccumulateFC_fu_116  |pAccumulateFC  |       32|  123|  34265|  45179|    0|
    +--------------------------+---------------+---------+-----+-------+-------+-----+
    |Total                     |               |       32|  123|  34265|  45179|    0|
    +--------------------------+---------------+---------+-----+-------+-------+-----+

    * DSP: 
    N/A

    * Memory: 
    N/A

    * FIFO: 
    N/A

    * Expression: 
    +-----------------------+----------+----+---+----+------------+------------+
    |     Variable Name     | Operation| DSP| FF| LUT| Bitwidth P0| Bitwidth P1|
    +-----------------------+----------+----+---+----+------------+------------+
    |add_ln1366_fu_166_p2   |         +|   0|  0|  14|           7|           1|
    |icmp_ln1366_fu_160_p2  |      icmp|   0|  0|  15|           7|           8|
    +-----------------------+----------+----+---+----+------------+------------+
    |Total                  |          |   0|  0|  29|          14|           9|
    +-----------------------+----------+----+---+----+------------+------------+

    * Multiplexer: 
    +-----------+----+-----------+-----+-----------+
    |    Name   | LUT| Input Size| Bits| Total Bits|
    +-----------+----+-----------+-----+-----------+
    |ap_NS_fsm  |  26|          5|    1|          5|
    |k_fu_80    |   9|          2|    7|         14|
    +-----------+----+-----------+-----+-----------+
    |Total      |  35|          7|    8|         19|
    +-----------+----+-----------+-----+-----------+

    * Register: 
    +---------------------------------------+----+----+-----+-----------+
    |                  Name                 | FF | LUT| Bits| Const Bits|
    +---------------------------------------+----+----+-----+-----------+
    |ap_CS_fsm                              |   4|   0|    4|          0|
    |grp_pAccumulateFC_fu_116_ap_start_reg  |   1|   0|    1|          0|
    |k_1_reg_272                            |   7|   0|    7|          0|
    |k_fu_80                                |   7|   0|    7|          0|
    |signal_r_read_reg_267                  |  40|   0|   40|          0|
    |trunc_ln1373_reg_281                   |   6|   0|    6|          0|
    +---------------------------------------+----+----+-----+-----------+
    |Total                                  |  65|   0|   65|          0|
    +---------------------------------------+----+----+-----+-----------+



================================================================
== Interface
================================================================
* Summary: 
+----------------------+-----+-----+------------+--------------+--------------+
|       RTL Ports      | Dir | Bits|  Protocol  | Source Object|    C Type    |
+----------------------+-----+-----+------------+--------------+--------------+
|ap_clk                |   in|    1|  ap_ctrl_hs|          pFFT|  return value|
|ap_rst                |   in|    1|  ap_ctrl_hs|          pFFT|  return value|
|ap_start              |   in|    1|  ap_ctrl_hs|          pFFT|  return value|
|ap_done               |  out|    1|  ap_ctrl_hs|          pFFT|  return value|
|ap_idle               |  out|    1|  ap_ctrl_hs|          pFFT|  return value|
|ap_ready              |  out|    1|  ap_ctrl_hs|          pFFT|  return value|
|signal_r              |   in|   40|     ap_none|      signal_r|       pointer|
|result_real_address0  |  out|    6|   ap_memory|   result_real|         array|
|result_real_ce0       |  out|    1|   ap_memory|   result_real|         array|
|result_real_we0       |  out|    1|   ap_memory|   result_real|         array|
|result_real_d0        |  out|   40|   ap_memory|   result_real|         array|
|result_imag_address0  |  out|    6|   ap_memory|   result_imag|         array|
|result_imag_ce0       |  out|    1|   ap_memory|   result_imag|         array|
|result_imag_we0       |  out|    1|   ap_memory|   result_imag|         array|
|result_imag_d0        |  out|   40|   ap_memory|   result_imag|         array|
+----------------------+-----+-----+------------+--------------+--------------+

