

================================================================
== Vitis HLS Report for 'pNAngle'
================================================================
* Date:           Tue Apr  8 14:33:13 2025

* Version:        2024.2 (Build 5238294 on Nov  8 2024)
* Project:        PositFFT
* Solution:       hls (Vivado IP Flow Target)
* Product family: azynquplus
* Target device:  xazu7ev-fbvb900-1-i


================================================================
== Performance Estimates
================================================================
+ Timing: 
    * Summary: 
    +--------+----------+----------+------------+
    |  Clock |  Target  | Estimated| Uncertainty|
    +--------+----------+----------+------------+
    |ap_clk  |  10.00 ns|  7.285 ns|     2.70 ns|
    +--------+----------+----------+------------+

+ Latency: 
    * Summary: 
    +---------+---------+----------+----------+-----+-----+---------+
    |  Latency (cycles) |  Latency (absolute) |  Interval | Pipeline|
    |   min   |   max   |    min   |    max   | min | max |   Type  |
    +---------+---------+----------+----------+-----+-----+---------+
    |       25|       25|  0.250 us|  0.250 us|    1|    1|      yes|
    +---------+---------+----------+----------+-----+-----+---------+

    + Detail: 
        * Instance: 
        +---------------------+----------+---------+---------+-----------+-----------+-----+-----+---------+
        |                     |          |  Latency (cycles) |   Latency (absolute)  |  Interval | Pipeline|
        |       Instance      |  Module  |   min   |   max   |    min    |    max    | min | max |   Type  |
        +---------------------+----------+---------+---------+-----------+-----------+-----+-----+---------+
        |grp_positAdd_fu_257  |positAdd  |        7|        7|  70.000 ns|  70.000 ns|    1|    1|      yes|
        |grp_positAdd_fu_274  |positAdd  |        7|        7|  70.000 ns|  70.000 ns|    1|    1|      yes|
        |grp_positAdd_fu_295  |positAdd  |        7|        7|  70.000 ns|  70.000 ns|    1|    1|      yes|
        +---------------------+----------+---------+---------+-----------+-----------+-----+-----+---------+

        * Loop: 
        N/A



================================================================
== Utilization Estimates
================================================================
* Summary: 
+-----------------+---------+------+--------+--------+-----+
|       Name      | BRAM_18K|  DSP |   FF   |   LUT  | URAM|
+-----------------+---------+------+--------+--------+-----+
|DSP              |        -|     -|       -|       -|    -|
|Expression       |        -|     -|       0|     486|    -|
|FIFO             |        -|     -|       -|       -|    -|
|Instance         |        -|    10|    5250|    7115|    -|
|Memory           |        -|     -|       -|       -|    -|
|Multiplexer      |        -|     -|       0|     407|    -|
|Register         |        -|     -|    3347|     352|    -|
+-----------------+---------+------+--------+--------+-----+
|Total            |        0|    10|    8597|    8360|    0|
+-----------------+---------+------+--------+--------+-----+
|Available        |      624|  1728|  460800|  230400|   96|
+-----------------+---------+------+--------+--------+-----+
|Utilization (%)  |        0|    ~0|       1|       3|    0|
+-----------------+---------+------+--------+--------+-----+

+ Detail: 
    * Instance: 
    +---------------------------+-----------------------+---------+----+------+------+-----+
    |          Instance         |         Module        | BRAM_18K| DSP|  FF  |  LUT | URAM|
    +---------------------------+-----------------------+---------+----+------+------+-----+
    |mul_59ns_61ns_119_1_1_U99  |mul_59ns_61ns_119_1_1  |        0|  10|     0|    38|    0|
    |grp_positAdd_fu_257        |positAdd               |        0|   0|  1750|  2359|    0|
    |grp_positAdd_fu_274        |positAdd               |        0|   0|  1750|  2359|    0|
    |grp_positAdd_fu_295        |positAdd               |        0|   0|  1750|  2359|    0|
    +---------------------------+-----------------------+---------+----+------+------+-----+
    |Total                      |                       |        0|  10|  5250|  7115|    0|
    +---------------------------+-----------------------+---------+----+------+------+-----+

    * DSP: 
    N/A

    * Memory: 
    N/A

    * FIFO: 
    N/A

    * Expression: 
    +-----------------------------------------+----------+----+---+----+------------+------------+
    |              Variable Name              | Operation| DSP| FF| LUT| Bitwidth P0| Bitwidth P1|
    +-----------------------------------------+----------+----+---+----+------------+------------+
    |add_ln680_fu_467_p2                      |         +|   0|  0|  13|           6|           6|
    |regime_17_fu_504_p2                      |         +|   0|  0|  13|           6|           2|
    |sf_r_fu_472_p2                           |         +|   0|  0|  13|           6|           6|
    |absXGreaterEqual_9_fu_426_p2             |       and|   0|  0|   2|           1|           1|
    |and_ln24_2_fu_782_p2                     |       and|   0|  0|   2|           1|           1|
    |and_ln24_fu_668_p2                       |       and|   0|  0|   2|           1|           1|
    |and_ln25_11_fu_686_p2                    |       and|   0|  0|   2|           1|           1|
    |and_ln25_12_fu_692_p2                    |       and|   0|  0|   2|           1|           1|
    |and_ln25_13_fu_740_p2                    |       and|   0|  0|   2|           1|           1|
    |and_ln25_14_fu_746_p2                    |       and|   0|  0|   2|           1|           1|
    |and_ln25_15_fu_800_p2                    |       and|   0|  0|   2|           1|           1|
    |and_ln25_16_fu_806_p2                    |       and|   0|  0|   2|           1|           1|
    |and_ln25_17_fu_856_p2                    |       and|   0|  0|   2|           1|           1|
    |and_ln25_18_fu_862_p2                    |       and|   0|  0|   2|           1|           1|
    |and_ln25_fu_420_p2                       |       and|   0|  0|   2|           1|           1|
    |ap_condition_1351                        |       and|   0|  0|   2|           1|           1|
    |ap_condition_1355                        |       and|   0|  0|   2|           1|           1|
    |ap_predicate_op105_call_state11_state10  |       and|   0|  0|   2|           1|           1|
    |ap_predicate_op159_call_state19_state18  |       and|   0|  0|   2|           1|           1|
    |ap_predicate_op61_call_state3_state2     |       and|   0|  0|   2|           1|           1|
    |retval_1_i20_fu_836_p2                   |       and|   0|  0|   2|           1|           1|
    |retval_1_i31_fu_880_p2                   |       and|   0|  0|   2|           1|           1|
    |retval_1_i9_fu_764_p2                    |       and|   0|  0|   2|           1|           1|
    |retval_1_i_fu_722_p2                     |       and|   0|  0|   2|           1|           1|
    |icmp_ln23_4_fu_656_p2                    |      icmp|   0|  0|  12|           5|           1|
    |icmp_ln23_5_fu_728_p2                    |      icmp|   0|  0|  13|           6|           1|
    |icmp_ln23_6_fu_770_p2                    |      icmp|   0|  0|  13|           6|           1|
    |icmp_ln23_fu_396_p2                      |      icmp|   0|  0|  12|           5|           1|
    |icmp_ln24_3_fu_662_p2                    |      icmp|   0|  0|  13|           6|           1|
    |icmp_ln24_4_fu_776_p2                    |      icmp|   0|  0|  13|           6|           1|
    |icmp_ln24_fu_402_p2                      |      icmp|   0|  0|  13|           6|           2|
    |icmp_ln25_5_fu_680_p2                    |      icmp|   0|  0|  37|          30|          29|
    |icmp_ln25_6_fu_734_p2                    |      icmp|   0|  0|  37|          30|          29|
    |icmp_ln25_7_fu_794_p2                    |      icmp|   0|  0|  37|          30|          29|
    |icmp_ln25_8_fu_850_p2                    |      icmp|   0|  0|  37|          30|          29|
    |icmp_ln25_fu_414_p2                      |      icmp|   0|  0|  37|          30|          29|
    |icmp_ln703_fu_478_p2                     |      icmp|   0|  0|  13|           6|           5|
    |icmp_ln803_fu_510_p2                     |      icmp|   0|  0|  13|           6|           5|
    |icmp_ln804_fu_516_p2                     |      icmp|   0|  0|  13|           6|           6|
    |absXGreaterEqual_5_fu_752_p2             |        or|   0|  0|   2|           1|           1|
    |absXGreaterEqual_6_fu_818_p2             |        or|   0|  0|   2|           1|           1|
    |absXGreaterEqual_7_fu_868_p2             |        or|   0|  0|   2|           1|           1|
    |absXGreaterEqual_fu_704_p2               |        or|   0|  0|   2|           1|           1|
    |or_ln24_2_fu_812_p2                      |        or|   0|  0|   2|           1|           1|
    |or_ln24_fu_698_p2                        |        or|   0|  0|   2|           1|           1|
    |or_ln720_fu_491_p2                       |        or|   0|  0|   2|           1|           1|
    |or_ln820_fu_530_p2                       |        or|   0|  0|   2|           1|           1|
    |grp_positAdd_fu_257_y_mantissa3_val      |    select|   0|  0|  28|           1|           1|
    |regime_19_fu_535_p3                      |    select|   0|  0|   6|           1|           6|
    |regime_fu_496_p3                         |    select|   0|  0|   6|           1|           6|
    |select_ln680_fu_460_p3                   |    select|   0|  0|   3|           1|           3|
    |select_ln720_fu_484_p3                   |    select|   0|  0|   5|           1|           1|
    |select_ln804_fu_522_p3                   |    select|   0|  0|   6|           1|           6|
    |ap_enable_pp0                            |       xor|   0|  0|   2|           1|           2|
    |m_angle_sign_7_fu_890_p2                 |       xor|   0|  0|   2|           1|           2|
    |not_m_angle_sign_fu_716_p2               |       xor|   0|  0|   2|           1|           2|
    |not_y_sign_fu_830_p2                     |       xor|   0|  0|   2|           1|           2|
    |xor_ln25_3_fu_674_p2                     |       xor|   0|  0|   2|           1|           2|
    |xor_ln25_4_fu_788_p2                     |       xor|   0|  0|   2|           1|           2|
    |xor_ln25_fu_408_p2                       |       xor|   0|  0|   2|           1|           2|
    |xor_ln27_4_fu_758_p2                     |       xor|   0|  0|   2|           2|           1|
    |xor_ln27_5_fu_824_p2                     |       xor|   0|  0|   2|           1|           1|
    |xor_ln27_6_fu_874_p2                     |       xor|   0|  0|   2|           2|           1|
    |xor_ln27_fu_710_p2                       |       xor|   0|  0|   2|           1|           1|
    +-----------------------------------------+----------+----+---+----+------------+------------+
    |Total                                    |          |   0|  0| 486|         274|         253|
    +-----------------------------------------+----------+----+---+----+------------+------------+

    * Multiplexer: 
    +----------------------------------------------+----+-----------+-----+-----------+
    |                     Name                     | LUT| Input Size| Bits| Total Bits|
    +----------------------------------------------+----+-----------+-----+-----------+
    |ap_phi_mux_ref_tmp_0292_2_phi_fu_200_p6       |  14|          3|    1|          3|
    |ap_phi_mux_ref_tmp_1293_2_phi_fu_212_p6       |   9|          2|    1|          2|
    |ap_phi_mux_ref_tmp_3_2_phi_fu_224_p6          |   9|          2|    6|         12|
    |ap_phi_mux_ref_tmp_4_2_phi_fu_236_p6          |   9|          2|    1|          2|
    |ap_phi_mux_ref_tmp_5_2_phi_fu_248_p6          |   9|          2|   30|         60|
    |ap_phi_mux_storemerge_in_i_phi_fu_131_p4      |   9|          2|   94|        188|
    |ap_phi_mux_x_exponent_7_phi_fu_164_p6         |   9|          2|    1|          2|
    |ap_phi_mux_x_regime_10_phi_fu_152_p6          |   9|          2|    6|         12|
    |ap_phi_mux_x_sign_6_phi_fu_140_p6             |   9|          2|    1|          2|
    |ap_phi_mux_y_mantissa_phi_fu_176_p6           |   9|          2|   30|         60|
    |ap_phi_reg_pp0_iter10_x_exponent_7_reg_161    |   9|          2|    1|          2|
    |ap_phi_reg_pp0_iter10_x_regime_10_reg_149     |   9|          2|    6|         12|
    |ap_phi_reg_pp0_iter10_x_sign_6_reg_137        |   9|          2|    1|          2|
    |ap_phi_reg_pp0_iter10_y_isZero_reg_185        |   9|          2|    1|          2|
    |ap_phi_reg_pp0_iter10_y_mantissa_reg_173      |   9|          2|   30|         60|
    |ap_phi_reg_pp0_iter18_y_isZero_reg_185        |   9|          2|    1|          2|
    |ap_phi_reg_pp0_iter19_ref_tmp_0292_2_reg_197  |   9|          2|    1|          2|
    |ap_phi_reg_pp0_iter19_ref_tmp_1293_2_reg_209  |   9|          2|    1|          2|
    |ap_phi_reg_pp0_iter19_ref_tmp_3_2_reg_221     |   9|          2|    6|         12|
    |ap_phi_reg_pp0_iter19_ref_tmp_4_2_reg_233     |   9|          2|    1|          2|
    |ap_phi_reg_pp0_iter19_ref_tmp_5_2_reg_245     |   9|          2|   30|         60|
    |ap_phi_reg_pp0_iter9_storemerge_in_i_reg_128  |   9|          2|   94|        188|
    |grp_positAdd_fu_274_x_sign                    |  14|          3|    1|          3|
    |grp_positAdd_fu_274_y_sign_val                |  14|          3|    1|          3|
    |grp_positAdd_fu_295_x_exponent2               |  14|          3|    1|          3|
    |grp_positAdd_fu_295_x_isZero                  |  14|          3|    1|          3|
    |grp_positAdd_fu_295_x_mantissa3               |  14|          3|   30|         90|
    |grp_positAdd_fu_295_x_regime1                 |  14|          3|    6|         18|
    |grp_positAdd_fu_295_x_sign                    |  14|          3|    1|          3|
    |grp_positAdd_fu_295_y_exponent2_val           |  14|          3|    1|          3|
    |grp_positAdd_fu_295_y_isZero_val              |  14|          3|    1|          3|
    |grp_positAdd_fu_295_y_mantissa3_val           |  14|          3|   30|         90|
    |grp_positAdd_fu_295_y_regime1_val             |  14|          3|    6|         18|
    |grp_positAdd_fu_295_y_sign_val                |  14|          3|    1|          3|
    |x_exponent_7_reg_161                          |   9|          2|    1|          2|
    |x_regime_10_reg_149                           |   9|          2|    6|         12|
    |x_sign_6_reg_137                              |   9|          2|    1|          2|
    |y_mantissa_reg_173                            |   9|          2|   30|         60|
    +----------------------------------------------+----+-----------+-----+-----------+
    |Total                                         | 407|         89|  462|       1005|
    +----------------------------------------------+----+-----------+-----+-----------+

    * Register: 
    +----------------------------------------------+----+----+-----+-----------+
    |                     Name                     | FF | LUT| Bits| Const Bits|
    +----------------------------------------------+----+----+-----+-----------+
    |absXGreaterEqual_9_reg_973                    |   1|   0|    1|          0|
    |ap_CS_fsm                                     |   1|   0|    1|          0|
    |ap_enable_reg_pp0_iter1                       |   1|   0|    1|          0|
    |ap_enable_reg_pp0_iter10                      |   1|   0|    1|          0|
    |ap_enable_reg_pp0_iter11                      |   1|   0|    1|          0|
    |ap_enable_reg_pp0_iter12                      |   1|   0|    1|          0|
    |ap_enable_reg_pp0_iter13                      |   1|   0|    1|          0|
    |ap_enable_reg_pp0_iter14                      |   1|   0|    1|          0|
    |ap_enable_reg_pp0_iter15                      |   1|   0|    1|          0|
    |ap_enable_reg_pp0_iter16                      |   1|   0|    1|          0|
    |ap_enable_reg_pp0_iter17                      |   1|   0|    1|          0|
    |ap_enable_reg_pp0_iter18                      |   1|   0|    1|          0|
    |ap_enable_reg_pp0_iter19                      |   1|   0|    1|          0|
    |ap_enable_reg_pp0_iter2                       |   1|   0|    1|          0|
    |ap_enable_reg_pp0_iter20                      |   1|   0|    1|          0|
    |ap_enable_reg_pp0_iter21                      |   1|   0|    1|          0|
    |ap_enable_reg_pp0_iter22                      |   1|   0|    1|          0|
    |ap_enable_reg_pp0_iter23                      |   1|   0|    1|          0|
    |ap_enable_reg_pp0_iter24                      |   1|   0|    1|          0|
    |ap_enable_reg_pp0_iter25                      |   1|   0|    1|          0|
    |ap_enable_reg_pp0_iter3                       |   1|   0|    1|          0|
    |ap_enable_reg_pp0_iter4                       |   1|   0|    1|          0|
    |ap_enable_reg_pp0_iter5                       |   1|   0|    1|          0|
    |ap_enable_reg_pp0_iter6                       |   1|   0|    1|          0|
    |ap_enable_reg_pp0_iter7                       |   1|   0|    1|          0|
    |ap_enable_reg_pp0_iter8                       |   1|   0|    1|          0|
    |ap_enable_reg_pp0_iter9                       |   1|   0|    1|          0|
    |ap_phi_reg_pp0_iter10_ref_tmp_0292_2_reg_197  |   1|   0|    1|          0|
    |ap_phi_reg_pp0_iter10_ref_tmp_1293_2_reg_209  |   1|   0|    1|          0|
    |ap_phi_reg_pp0_iter10_ref_tmp_3_2_reg_221     |   6|   0|    6|          0|
    |ap_phi_reg_pp0_iter10_ref_tmp_4_2_reg_233     |   1|   0|    1|          0|
    |ap_phi_reg_pp0_iter10_ref_tmp_5_2_reg_245     |  30|   0|   30|          0|
    |ap_phi_reg_pp0_iter10_x_exponent_7_reg_161    |   1|   0|    1|          0|
    |ap_phi_reg_pp0_iter10_x_regime_10_reg_149     |   6|   0|    6|          0|
    |ap_phi_reg_pp0_iter10_x_sign_6_reg_137        |   1|   0|    1|          0|
    |ap_phi_reg_pp0_iter10_y_isZero_reg_185        |   1|   0|    1|          0|
    |ap_phi_reg_pp0_iter10_y_mantissa_reg_173      |  30|   0|   30|          0|
    |ap_phi_reg_pp0_iter11_ref_tmp_0292_2_reg_197  |   1|   0|    1|          0|
    |ap_phi_reg_pp0_iter11_ref_tmp_1293_2_reg_209  |   1|   0|    1|          0|
    |ap_phi_reg_pp0_iter11_ref_tmp_3_2_reg_221     |   6|   0|    6|          0|
    |ap_phi_reg_pp0_iter11_ref_tmp_4_2_reg_233     |   1|   0|    1|          0|
    |ap_phi_reg_pp0_iter11_ref_tmp_5_2_reg_245     |  30|   0|   30|          0|
    |ap_phi_reg_pp0_iter11_x_exponent_7_reg_161    |   1|   0|    1|          0|
    |ap_phi_reg_pp0_iter11_x_regime_10_reg_149     |   6|   0|    6|          0|
    |ap_phi_reg_pp0_iter11_x_sign_6_reg_137        |   1|   0|    1|          0|
    |ap_phi_reg_pp0_iter11_y_isZero_reg_185        |   1|   0|    1|          0|
    |ap_phi_reg_pp0_iter11_y_mantissa_reg_173      |  30|   0|   30|          0|
    |ap_phi_reg_pp0_iter12_ref_tmp_0292_2_reg_197  |   1|   0|    1|          0|
    |ap_phi_reg_pp0_iter12_ref_tmp_1293_2_reg_209  |   1|   0|    1|          0|
    |ap_phi_reg_pp0_iter12_ref_tmp_3_2_reg_221     |   6|   0|    6|          0|
    |ap_phi_reg_pp0_iter12_ref_tmp_4_2_reg_233     |   1|   0|    1|          0|
    |ap_phi_reg_pp0_iter12_ref_tmp_5_2_reg_245     |  30|   0|   30|          0|
    |ap_phi_reg_pp0_iter12_x_exponent_7_reg_161    |   1|   0|    1|          0|
    |ap_phi_reg_pp0_iter12_x_regime_10_reg_149     |   6|   0|    6|          0|
    |ap_phi_reg_pp0_iter12_x_sign_6_reg_137        |   1|   0|    1|          0|
    |ap_phi_reg_pp0_iter12_y_isZero_reg_185        |   1|   0|    1|          0|
    |ap_phi_reg_pp0_iter12_y_mantissa_reg_173      |  30|   0|   30|          0|
    |ap_phi_reg_pp0_iter13_ref_tmp_0292_2_reg_197  |   1|   0|    1|          0|
    |ap_phi_reg_pp0_iter13_ref_tmp_1293_2_reg_209  |   1|   0|    1|          0|
    |ap_phi_reg_pp0_iter13_ref_tmp_3_2_reg_221     |   6|   0|    6|          0|
    |ap_phi_reg_pp0_iter13_ref_tmp_4_2_reg_233     |   1|   0|    1|          0|
    |ap_phi_reg_pp0_iter13_ref_tmp_5_2_reg_245     |  30|   0|   30|          0|
    |ap_phi_reg_pp0_iter13_x_exponent_7_reg_161    |   1|   0|    1|          0|
    |ap_phi_reg_pp0_iter13_x_regime_10_reg_149     |   6|   0|    6|          0|
    |ap_phi_reg_pp0_iter13_x_sign_6_reg_137        |   1|   0|    1|          0|
    |ap_phi_reg_pp0_iter13_y_isZero_reg_185        |   1|   0|    1|          0|
    |ap_phi_reg_pp0_iter13_y_mantissa_reg_173      |  30|   0|   30|          0|
    |ap_phi_reg_pp0_iter14_ref_tmp_0292_2_reg_197  |   1|   0|    1|          0|
    |ap_phi_reg_pp0_iter14_ref_tmp_1293_2_reg_209  |   1|   0|    1|          0|
    |ap_phi_reg_pp0_iter14_ref_tmp_3_2_reg_221     |   6|   0|    6|          0|
    |ap_phi_reg_pp0_iter14_ref_tmp_4_2_reg_233     |   1|   0|    1|          0|
    |ap_phi_reg_pp0_iter14_ref_tmp_5_2_reg_245     |  30|   0|   30|          0|
    |ap_phi_reg_pp0_iter14_x_exponent_7_reg_161    |   1|   0|    1|          0|
    |ap_phi_reg_pp0_iter14_x_regime_10_reg_149     |   6|   0|    6|          0|
    |ap_phi_reg_pp0_iter14_x_sign_6_reg_137        |   1|   0|    1|          0|
    |ap_phi_reg_pp0_iter14_y_isZero_reg_185        |   1|   0|    1|          0|
    |ap_phi_reg_pp0_iter14_y_mantissa_reg_173      |  30|   0|   30|          0|
    |ap_phi_reg_pp0_iter15_ref_tmp_0292_2_reg_197  |   1|   0|    1|          0|
    |ap_phi_reg_pp0_iter15_ref_tmp_1293_2_reg_209  |   1|   0|    1|          0|
    |ap_phi_reg_pp0_iter15_ref_tmp_3_2_reg_221     |   6|   0|    6|          0|
    |ap_phi_reg_pp0_iter15_ref_tmp_4_2_reg_233     |   1|   0|    1|          0|
    |ap_phi_reg_pp0_iter15_ref_tmp_5_2_reg_245     |  30|   0|   30|          0|
    |ap_phi_reg_pp0_iter15_x_exponent_7_reg_161    |   1|   0|    1|          0|
    |ap_phi_reg_pp0_iter15_x_regime_10_reg_149     |   6|   0|    6|          0|
    |ap_phi_reg_pp0_iter15_x_sign_6_reg_137        |   1|   0|    1|          0|
    |ap_phi_reg_pp0_iter15_y_isZero_reg_185        |   1|   0|    1|          0|
    |ap_phi_reg_pp0_iter15_y_mantissa_reg_173      |  30|   0|   30|          0|
    |ap_phi_reg_pp0_iter16_ref_tmp_0292_2_reg_197  |   1|   0|    1|          0|
    |ap_phi_reg_pp0_iter16_ref_tmp_1293_2_reg_209  |   1|   0|    1|          0|
    |ap_phi_reg_pp0_iter16_ref_tmp_3_2_reg_221     |   6|   0|    6|          0|
    |ap_phi_reg_pp0_iter16_ref_tmp_4_2_reg_233     |   1|   0|    1|          0|
    |ap_phi_reg_pp0_iter16_ref_tmp_5_2_reg_245     |  30|   0|   30|          0|
    |ap_phi_reg_pp0_iter16_x_exponent_7_reg_161    |   1|   0|    1|          0|
    |ap_phi_reg_pp0_iter16_x_regime_10_reg_149     |   6|   0|    6|          0|
    |ap_phi_reg_pp0_iter16_x_sign_6_reg_137        |   1|   0|    1|          0|
    |ap_phi_reg_pp0_iter16_y_isZero_reg_185        |   1|   0|    1|          0|
    |ap_phi_reg_pp0_iter16_y_mantissa_reg_173      |  30|   0|   30|          0|
    |ap_phi_reg_pp0_iter17_ref_tmp_0292_2_reg_197  |   1|   0|    1|          0|
    |ap_phi_reg_pp0_iter17_ref_tmp_1293_2_reg_209  |   1|   0|    1|          0|
    |ap_phi_reg_pp0_iter17_ref_tmp_3_2_reg_221     |   6|   0|    6|          0|
    |ap_phi_reg_pp0_iter17_ref_tmp_4_2_reg_233     |   1|   0|    1|          0|
    |ap_phi_reg_pp0_iter17_ref_tmp_5_2_reg_245     |  30|   0|   30|          0|
    |ap_phi_reg_pp0_iter17_x_exponent_7_reg_161    |   1|   0|    1|          0|
    |ap_phi_reg_pp0_iter17_x_regime_10_reg_149     |   6|   0|    6|          0|
    |ap_phi_reg_pp0_iter17_x_sign_6_reg_137        |   1|   0|    1|          0|
    |ap_phi_reg_pp0_iter17_y_isZero_reg_185        |   1|   0|    1|          0|
    |ap_phi_reg_pp0_iter17_y_mantissa_reg_173      |  30|   0|   30|          0|
    |ap_phi_reg_pp0_iter18_ref_tmp_0292_2_reg_197  |   1|   0|    1|          0|
    |ap_phi_reg_pp0_iter18_ref_tmp_1293_2_reg_209  |   1|   0|    1|          0|
    |ap_phi_reg_pp0_iter18_ref_tmp_3_2_reg_221     |   6|   0|    6|          0|
    |ap_phi_reg_pp0_iter18_ref_tmp_4_2_reg_233     |   1|   0|    1|          0|
    |ap_phi_reg_pp0_iter18_ref_tmp_5_2_reg_245     |  30|   0|   30|          0|
    |ap_phi_reg_pp0_iter18_y_isZero_reg_185        |   1|   0|    1|          0|
    |ap_phi_reg_pp0_iter19_ref_tmp_0292_2_reg_197  |   1|   0|    1|          0|
    |ap_phi_reg_pp0_iter19_ref_tmp_1293_2_reg_209  |   1|   0|    1|          0|
    |ap_phi_reg_pp0_iter19_ref_tmp_3_2_reg_221     |   6|   0|    6|          0|
    |ap_phi_reg_pp0_iter19_ref_tmp_4_2_reg_233     |   1|   0|    1|          0|
    |ap_phi_reg_pp0_iter19_ref_tmp_5_2_reg_245     |  30|   0|   30|          0|
    |ap_phi_reg_pp0_iter1_ref_tmp_0292_2_reg_197   |   1|   0|    1|          0|
    |ap_phi_reg_pp0_iter1_ref_tmp_1293_2_reg_209   |   1|   0|    1|          0|
    |ap_phi_reg_pp0_iter1_ref_tmp_3_2_reg_221      |   6|   0|    6|          0|
    |ap_phi_reg_pp0_iter1_ref_tmp_4_2_reg_233      |   1|   0|    1|          0|
    |ap_phi_reg_pp0_iter1_ref_tmp_5_2_reg_245      |  30|   0|   30|          0|
    |ap_phi_reg_pp0_iter1_storemerge_in_i_reg_128  |  94|   0|   94|          0|
    |ap_phi_reg_pp0_iter1_x_exponent_7_reg_161     |   1|   0|    1|          0|
    |ap_phi_reg_pp0_iter1_x_regime_10_reg_149      |   6|   0|    6|          0|
    |ap_phi_reg_pp0_iter1_x_sign_6_reg_137         |   1|   0|    1|          0|
    |ap_phi_reg_pp0_iter1_y_isZero_reg_185         |   1|   0|    1|          0|
    |ap_phi_reg_pp0_iter1_y_mantissa_reg_173       |  30|   0|   30|          0|
    |ap_phi_reg_pp0_iter20_ref_tmp_0292_2_reg_197  |   1|   0|    1|          0|
    |ap_phi_reg_pp0_iter20_ref_tmp_1293_2_reg_209  |   1|   0|    1|          0|
    |ap_phi_reg_pp0_iter20_ref_tmp_3_2_reg_221     |   6|   0|    6|          0|
    |ap_phi_reg_pp0_iter20_ref_tmp_4_2_reg_233     |   1|   0|    1|          0|
    |ap_phi_reg_pp0_iter20_ref_tmp_5_2_reg_245     |  30|   0|   30|          0|
    |ap_phi_reg_pp0_iter21_ref_tmp_0292_2_reg_197  |   1|   0|    1|          0|
    |ap_phi_reg_pp0_iter21_ref_tmp_1293_2_reg_209  |   1|   0|    1|          0|
    |ap_phi_reg_pp0_iter21_ref_tmp_3_2_reg_221     |   6|   0|    6|          0|
    |ap_phi_reg_pp0_iter21_ref_tmp_4_2_reg_233     |   1|   0|    1|          0|
    |ap_phi_reg_pp0_iter21_ref_tmp_5_2_reg_245     |  30|   0|   30|          0|
    |ap_phi_reg_pp0_iter22_ref_tmp_0292_2_reg_197  |   1|   0|    1|          0|
    |ap_phi_reg_pp0_iter22_ref_tmp_1293_2_reg_209  |   1|   0|    1|          0|
    |ap_phi_reg_pp0_iter22_ref_tmp_3_2_reg_221     |   6|   0|    6|          0|
    |ap_phi_reg_pp0_iter22_ref_tmp_4_2_reg_233     |   1|   0|    1|          0|
    |ap_phi_reg_pp0_iter22_ref_tmp_5_2_reg_245     |  30|   0|   30|          0|
    |ap_phi_reg_pp0_iter23_ref_tmp_0292_2_reg_197  |   1|   0|    1|          0|
    |ap_phi_reg_pp0_iter23_ref_tmp_1293_2_reg_209  |   1|   0|    1|          0|
    |ap_phi_reg_pp0_iter23_ref_tmp_3_2_reg_221     |   6|   0|    6|          0|
    |ap_phi_reg_pp0_iter23_ref_tmp_4_2_reg_233     |   1|   0|    1|          0|
    |ap_phi_reg_pp0_iter23_ref_tmp_5_2_reg_245     |  30|   0|   30|          0|
    |ap_phi_reg_pp0_iter24_ref_tmp_0292_2_reg_197  |   1|   0|    1|          0|
    |ap_phi_reg_pp0_iter24_ref_tmp_1293_2_reg_209  |   1|   0|    1|          0|
    |ap_phi_reg_pp0_iter24_ref_tmp_3_2_reg_221     |   6|   0|    6|          0|
    |ap_phi_reg_pp0_iter24_ref_tmp_4_2_reg_233     |   1|   0|    1|          0|
    |ap_phi_reg_pp0_iter24_ref_tmp_5_2_reg_245     |  30|   0|   30|          0|
    |ap_phi_reg_pp0_iter25_ref_tmp_0292_2_reg_197  |   1|   0|    1|          0|
    |ap_phi_reg_pp0_iter25_ref_tmp_1293_2_reg_209  |   1|   0|    1|          0|
    |ap_phi_reg_pp0_iter25_ref_tmp_3_2_reg_221     |   6|   0|    6|          0|
    |ap_phi_reg_pp0_iter25_ref_tmp_4_2_reg_233     |   1|   0|    1|          0|
    |ap_phi_reg_pp0_iter25_ref_tmp_5_2_reg_245     |  30|   0|   30|          0|
    |ap_phi_reg_pp0_iter2_ref_tmp_0292_2_reg_197   |   1|   0|    1|          0|
    |ap_phi_reg_pp0_iter2_ref_tmp_1293_2_reg_209   |   1|   0|    1|          0|
    |ap_phi_reg_pp0_iter2_ref_tmp_3_2_reg_221      |   6|   0|    6|          0|
    |ap_phi_reg_pp0_iter2_ref_tmp_4_2_reg_233      |   1|   0|    1|          0|
    |ap_phi_reg_pp0_iter2_ref_tmp_5_2_reg_245      |  30|   0|   30|          0|
    |ap_phi_reg_pp0_iter2_storemerge_in_i_reg_128  |  94|   0|   94|          0|
    |ap_phi_reg_pp0_iter2_x_exponent_7_reg_161     |   1|   0|    1|          0|
    |ap_phi_reg_pp0_iter2_x_regime_10_reg_149      |   6|   0|    6|          0|
    |ap_phi_reg_pp0_iter2_x_sign_6_reg_137         |   1|   0|    1|          0|
    |ap_phi_reg_pp0_iter2_y_isZero_reg_185         |   1|   0|    1|          0|
    |ap_phi_reg_pp0_iter2_y_mantissa_reg_173       |  30|   0|   30|          0|
    |ap_phi_reg_pp0_iter3_ref_tmp_0292_2_reg_197   |   1|   0|    1|          0|
    |ap_phi_reg_pp0_iter3_ref_tmp_1293_2_reg_209   |   1|   0|    1|          0|
    |ap_phi_reg_pp0_iter3_ref_tmp_3_2_reg_221      |   6|   0|    6|          0|
    |ap_phi_reg_pp0_iter3_ref_tmp_4_2_reg_233      |   1|   0|    1|          0|
    |ap_phi_reg_pp0_iter3_ref_tmp_5_2_reg_245      |  30|   0|   30|          0|
    |ap_phi_reg_pp0_iter3_storemerge_in_i_reg_128  |  94|   0|   94|          0|
    |ap_phi_reg_pp0_iter3_x_exponent_7_reg_161     |   1|   0|    1|          0|
    |ap_phi_reg_pp0_iter3_x_regime_10_reg_149      |   6|   0|    6|          0|
    |ap_phi_reg_pp0_iter3_x_sign_6_reg_137         |   1|   0|    1|          0|
    |ap_phi_reg_pp0_iter3_y_isZero_reg_185         |   1|   0|    1|          0|
    |ap_phi_reg_pp0_iter3_y_mantissa_reg_173       |  30|   0|   30|          0|
    |ap_phi_reg_pp0_iter4_ref_tmp_0292_2_reg_197   |   1|   0|    1|          0|
    |ap_phi_reg_pp0_iter4_ref_tmp_1293_2_reg_209   |   1|   0|    1|          0|
    |ap_phi_reg_pp0_iter4_ref_tmp_3_2_reg_221      |   6|   0|    6|          0|
    |ap_phi_reg_pp0_iter4_ref_tmp_4_2_reg_233      |   1|   0|    1|          0|
    |ap_phi_reg_pp0_iter4_ref_tmp_5_2_reg_245      |  30|   0|   30|          0|
    |ap_phi_reg_pp0_iter4_storemerge_in_i_reg_128  |  94|   0|   94|          0|
    |ap_phi_reg_pp0_iter4_x_exponent_7_reg_161     |   1|   0|    1|          0|
    |ap_phi_reg_pp0_iter4_x_regime_10_reg_149      |   6|   0|    6|          0|
    |ap_phi_reg_pp0_iter4_x_sign_6_reg_137         |   1|   0|    1|          0|
    |ap_phi_reg_pp0_iter4_y_isZero_reg_185         |   1|   0|    1|          0|
    |ap_phi_reg_pp0_iter4_y_mantissa_reg_173       |  30|   0|   30|          0|
    |ap_phi_reg_pp0_iter5_ref_tmp_0292_2_reg_197   |   1|   0|    1|          0|
    |ap_phi_reg_pp0_iter5_ref_tmp_1293_2_reg_209   |   1|   0|    1|          0|
    |ap_phi_reg_pp0_iter5_ref_tmp_3_2_reg_221      |   6|   0|    6|          0|
    |ap_phi_reg_pp0_iter5_ref_tmp_4_2_reg_233      |   1|   0|    1|          0|
    |ap_phi_reg_pp0_iter5_ref_tmp_5_2_reg_245      |  30|   0|   30|          0|
    |ap_phi_reg_pp0_iter5_storemerge_in_i_reg_128  |  94|   0|   94|          0|
    |ap_phi_reg_pp0_iter5_x_exponent_7_reg_161     |   1|   0|    1|          0|
    |ap_phi_reg_pp0_iter5_x_regime_10_reg_149      |   6|   0|    6|          0|
    |ap_phi_reg_pp0_iter5_x_sign_6_reg_137         |   1|   0|    1|          0|
    |ap_phi_reg_pp0_iter5_y_isZero_reg_185         |   1|   0|    1|          0|
    |ap_phi_reg_pp0_iter5_y_mantissa_reg_173       |  30|   0|   30|          0|
    |ap_phi_reg_pp0_iter6_ref_tmp_0292_2_reg_197   |   1|   0|    1|          0|
    |ap_phi_reg_pp0_iter6_ref_tmp_1293_2_reg_209   |   1|   0|    1|          0|
    |ap_phi_reg_pp0_iter6_ref_tmp_3_2_reg_221      |   6|   0|    6|          0|
    |ap_phi_reg_pp0_iter6_ref_tmp_4_2_reg_233      |   1|   0|    1|          0|
    |ap_phi_reg_pp0_iter6_ref_tmp_5_2_reg_245      |  30|   0|   30|          0|
    |ap_phi_reg_pp0_iter6_storemerge_in_i_reg_128  |  94|   0|   94|          0|
    |ap_phi_reg_pp0_iter6_x_exponent_7_reg_161     |   1|   0|    1|          0|
    |ap_phi_reg_pp0_iter6_x_regime_10_reg_149      |   6|   0|    6|          0|
    |ap_phi_reg_pp0_iter6_x_sign_6_reg_137         |   1|   0|    1|          0|
    |ap_phi_reg_pp0_iter6_y_isZero_reg_185         |   1|   0|    1|          0|
    |ap_phi_reg_pp0_iter6_y_mantissa_reg_173       |  30|   0|   30|          0|
    |ap_phi_reg_pp0_iter7_ref_tmp_0292_2_reg_197   |   1|   0|    1|          0|
    |ap_phi_reg_pp0_iter7_ref_tmp_1293_2_reg_209   |   1|   0|    1|          0|
    |ap_phi_reg_pp0_iter7_ref_tmp_3_2_reg_221      |   6|   0|    6|          0|
    |ap_phi_reg_pp0_iter7_ref_tmp_4_2_reg_233      |   1|   0|    1|          0|
    |ap_phi_reg_pp0_iter7_ref_tmp_5_2_reg_245      |  30|   0|   30|          0|
    |ap_phi_reg_pp0_iter7_storemerge_in_i_reg_128  |  94|   0|   94|          0|
    |ap_phi_reg_pp0_iter7_x_exponent_7_reg_161     |   1|   0|    1|          0|
    |ap_phi_reg_pp0_iter7_x_regime_10_reg_149      |   6|   0|    6|          0|
    |ap_phi_reg_pp0_iter7_x_sign_6_reg_137         |   1|   0|    1|          0|
    |ap_phi_reg_pp0_iter7_y_isZero_reg_185         |   1|   0|    1|          0|
    |ap_phi_reg_pp0_iter7_y_mantissa_reg_173       |  30|   0|   30|          0|
    |ap_phi_reg_pp0_iter8_ref_tmp_0292_2_reg_197   |   1|   0|    1|          0|
    |ap_phi_reg_pp0_iter8_ref_tmp_1293_2_reg_209   |   1|   0|    1|          0|
    |ap_phi_reg_pp0_iter8_ref_tmp_3_2_reg_221      |   6|   0|    6|          0|
    |ap_phi_reg_pp0_iter8_ref_tmp_4_2_reg_233      |   1|   0|    1|          0|
    |ap_phi_reg_pp0_iter8_ref_tmp_5_2_reg_245      |  30|   0|   30|          0|
    |ap_phi_reg_pp0_iter8_storemerge_in_i_reg_128  |  94|   0|   94|          0|
    |ap_phi_reg_pp0_iter8_x_exponent_7_reg_161     |   1|   0|    1|          0|
    |ap_phi_reg_pp0_iter8_x_regime_10_reg_149      |   6|   0|    6|          0|
    |ap_phi_reg_pp0_iter8_x_sign_6_reg_137         |   1|   0|    1|          0|
    |ap_phi_reg_pp0_iter8_y_isZero_reg_185         |   1|   0|    1|          0|
    |ap_phi_reg_pp0_iter8_y_mantissa_reg_173       |  30|   0|   30|          0|
    |ap_phi_reg_pp0_iter9_ref_tmp_0292_2_reg_197   |   1|   0|    1|          0|
    |ap_phi_reg_pp0_iter9_ref_tmp_1293_2_reg_209   |   1|   0|    1|          0|
    |ap_phi_reg_pp0_iter9_ref_tmp_3_2_reg_221      |   6|   0|    6|          0|
    |ap_phi_reg_pp0_iter9_ref_tmp_4_2_reg_233      |   1|   0|    1|          0|
    |ap_phi_reg_pp0_iter9_ref_tmp_5_2_reg_245      |  30|   0|   30|          0|
    |ap_phi_reg_pp0_iter9_storemerge_in_i_reg_128  |  94|   0|   94|          0|
    |ap_phi_reg_pp0_iter9_x_exponent_7_reg_161     |   1|   0|    1|          0|
    |ap_phi_reg_pp0_iter9_x_regime_10_reg_149      |   6|   0|    6|          0|
    |ap_phi_reg_pp0_iter9_x_sign_6_reg_137         |   1|   0|    1|          0|
    |ap_phi_reg_pp0_iter9_y_isZero_reg_185         |   1|   0|    1|          0|
    |ap_phi_reg_pp0_iter9_y_mantissa_reg_173       |  30|   0|   30|          0|
    |grp_positAdd_fu_257_ap_start_reg              |   1|   0|    1|          0|
    |grp_positAdd_fu_274_ap_start_reg              |   1|   0|    1|          0|
    |grp_positAdd_fu_295_ap_start_reg              |   1|   0|    1|          0|
    |icmp_ln23_reg_969                             |   1|   0|    1|          0|
    |m_angle_exponent_9_reg_1010                   |   1|   0|    1|          0|
    |m_angle_isZero_reg_998                        |   1|   0|    1|          0|
    |m_angle_mantissa_reg_1016                     |  30|   0|   30|          0|
    |m_angle_regime_9_reg_1004                     |   6|   0|    6|          0|
    |m_angle_sign_8_reg_992                        |   1|   0|    1|          0|
    |regime_19_reg_982                             |   6|   0|    6|          0|
    |retval_1_i20_reg_1040                         |   1|   0|    1|          0|
    |retval_1_i31_reg_1044                         |   1|   0|    1|          0|
    |retval_1_i9_reg_1026                          |   1|   0|    1|          0|
    |retval_1_i_reg_1022                           |   1|   0|    1|          0|
    |tmp_50_reg_977                                |   1|   0|    1|          0|
    |x_exponent_7_reg_161                          |   1|   0|    1|          0|
    |x_exponent_read_reg_938                       |   1|   0|    1|          0|
    |x_isZero_read_reg_952                         |   1|   0|    1|          0|
    |x_mantissa_read_reg_932                       |  30|   0|   30|          0|
    |x_regime_10_reg_149                           |   6|   0|    6|          0|
    |x_regime_read_reg_945                         |   6|   0|    6|          0|
    |x_sign_6_reg_137                              |   1|   0|    1|          0|
    |x_sign_read_reg_963                           |   1|   0|    1|          0|
    |y_mantissa_reg_173                            |  30|   0|   30|          0|
    |absXGreaterEqual_9_reg_973                    |  64|  32|    1|          0|
    |icmp_ln23_reg_969                             |  64|  32|    1|          0|
    |retval_1_i20_reg_1040                         |  64|  32|    1|          0|
    |retval_1_i31_reg_1044                         |  64|  32|    1|          0|
    |retval_1_i9_reg_1026                          |  64|  32|    1|          0|
    |retval_1_i_reg_1022                           |  64|  32|    1|          0|
    |x_exponent_read_reg_938                       |  64|  32|    1|          0|
    |x_isZero_read_reg_952                         |  64|  32|    1|          0|
    |x_mantissa_read_reg_932                       |  64|  32|   30|          0|
    |x_regime_read_reg_945                         |  64|  32|    6|          0|
    |x_sign_read_reg_963                           |  64|  32|    1|          0|
    +----------------------------------------------+----+----+-----+-----------+
    |Total                                         |3347| 352| 2688|          0|
    +----------------------------------------------+----+----+-----+-----------+



================================================================
== Interface
================================================================
* Summary: 
+-------------+-----+-----+------------+--------------+--------------+
|  RTL Ports  | Dir | Bits|  Protocol  | Source Object|    C Type    |
+-------------+-----+-----+------------+--------------+--------------+
|ap_clk       |   in|    1|  ap_ctrl_hs|       pNAngle|  return value|
|ap_rst       |   in|    1|  ap_ctrl_hs|       pNAngle|  return value|
|ap_start     |   in|    1|  ap_ctrl_hs|       pNAngle|  return value|
|ap_done      |  out|    1|  ap_ctrl_hs|       pNAngle|  return value|
|ap_idle      |  out|    1|  ap_ctrl_hs|       pNAngle|  return value|
|ap_ready     |  out|    1|  ap_ctrl_hs|       pNAngle|  return value|
|ap_return_0  |  out|    1|  ap_ctrl_hs|       pNAngle|  return value|
|ap_return_1  |  out|    1|  ap_ctrl_hs|       pNAngle|  return value|
|ap_return_2  |  out|    6|  ap_ctrl_hs|       pNAngle|  return value|
|ap_return_3  |  out|    1|  ap_ctrl_hs|       pNAngle|  return value|
|ap_return_4  |  out|   30|  ap_ctrl_hs|       pNAngle|  return value|
|x_sign       |   in|    1|     ap_none|        x_sign|        scalar|
|x_isZero     |   in|    1|     ap_none|      x_isZero|        scalar|
|x_regime     |   in|    6|     ap_none|      x_regime|        scalar|
|x_exponent   |   in|    1|     ap_none|    x_exponent|        scalar|
|x_mantissa   |   in|   30|     ap_none|    x_mantissa|        scalar|
+-------------+-----+-----+------------+--------------+--------------+

