

================================================================
== Vitis HLS Report for 'positCos'
================================================================
* Date:           Tue Apr  8 14:33:11 2025

* Version:        2024.2 (Build 5238294 on Nov  8 2024)
* Project:        PositFFT
* Solution:       hls (Vivado IP Flow Target)
* Product family: azynquplus
* Target device:  xazu7ev-fbvb900-1-i


================================================================
== Performance Estimates
================================================================
+ Timing: 
    * Summary: 
    +--------+----------+----------+------------+
    |  Clock |  Target  | Estimated| Uncertainty|
    +--------+----------+----------+------------+
    |ap_clk  |  10.00 ns|  7.140 ns|     2.70 ns|
    +--------+----------+----------+------------+

+ Latency: 
    * Summary: 
    +---------+---------+----------+----------+-----+-----+---------+
    |  Latency (cycles) |  Latency (absolute) |  Interval | Pipeline|
    |   min   |   max   |    min   |    max   | min | max |   Type  |
    +---------+---------+----------+----------+-----+-----+---------+
    |       51|       51|  0.510 us|  0.510 us|    1|    1|      yes|
    +---------+---------+----------+----------+-----+-----+---------+

    + Detail: 
        * Instance: 
        +-------------------------+--------------+---------+---------+-----------+-----------+-----+-----+---------+
        |                         |              |  Latency (cycles) |   Latency (absolute)  |  Interval | Pipeline|
        |         Instance        |    Module    |   min   |   max   |    min    |    max    | min | max |   Type  |
        +-------------------------+--------------+---------+---------+-----------+-----------+-----+-----+---------+
        |grp_pReduceAngle_fu_169  |pReduceAngle  |       25|       25|   0.250 us|   0.250 us|    1|    1|      yes|
        |grp_positAdd_fu_177      |positAdd      |        7|        7|  70.000 ns|  70.000 ns|    1|    1|      yes|
        |grp_positAdd_fu_198      |positAdd      |        7|        7|  70.000 ns|  70.000 ns|    1|    1|      yes|
        |grp_positAdd_fu_214      |positAdd      |        7|        7|  70.000 ns|  70.000 ns|    1|    1|      yes|
        +-------------------------+--------------+---------+---------+-----------+-----------+-----+-----+---------+

        * Loop: 
        N/A



================================================================
== Utilization Estimates
================================================================
* Summary: 
+-----------------+---------+------+--------+--------+-----+
|       Name      | BRAM_18K|  DSP |   FF   |   LUT  | URAM|
+-----------------+---------+------+--------+--------+-----+
|DSP              |        -|     -|       -|       -|    -|
|Expression       |        -|     -|       0|     534|    -|
|FIFO             |        -|     -|       -|       -|    -|
|Instance         |        -|    22|   13781|   15425|    -|
|Memory           |        -|     -|       -|       -|    -|
|Multiplexer      |        -|     -|       0|      95|    -|
|Register         |        -|     -|    2798|     224|    -|
+-----------------+---------+------+--------+--------+-----+
|Total            |        0|    22|   16579|   16278|    0|
+-----------------+---------+------+--------+--------+-----+
|Available        |      624|  1728|  460800|  230400|   96|
+-----------------+---------+------+--------+--------+-----+
|Utilization (%)  |        0|     1|       3|       7|    0|
+-----------------+---------+------+--------+--------+-----+

+ Detail: 
    * Instance: 
    +--------------------------+----------------------+---------+----+------+------+-----+
    |         Instance         |        Module        | BRAM_18K| DSP|  FF  |  LUT | URAM|
    +--------------------------+----------------------+---------+----+------+------+-----+
    |mul_30ns_30ns_60_1_1_U90  |mul_30ns_30ns_60_1_1  |        0|   4|     0|    24|    0|
    |mul_30ns_30ns_60_1_1_U91  |mul_30ns_30ns_60_1_1  |        0|   4|     0|    24|    0|
    |mul_30ns_30ns_60_1_1_U92  |mul_30ns_30ns_60_1_1  |        0|   4|     0|    24|    0|
    |grp_pReduceAngle_fu_169   |pReduceAngle          |        0|  10|  8531|  8276|    0|
    |grp_positAdd_fu_177       |positAdd              |        0|   0|  1750|  2359|    0|
    |grp_positAdd_fu_198       |positAdd              |        0|   0|  1750|  2359|    0|
    |grp_positAdd_fu_214       |positAdd              |        0|   0|  1750|  2359|    0|
    +--------------------------+----------------------+---------+----+------+------+-----+
    |Total                     |                      |        0|  22| 13781| 15425|    0|
    +--------------------------+----------------------+---------+----+------+------+-----+

    * DSP: 
    N/A

    * Memory: 
    N/A

    * FIFO: 
    N/A

    * Expression: 
    +------------------------------+----------+----+---+----+------------+------------+
    |         Variable Name        | Operation| DSP| FF| LUT| Bitwidth P0| Bitwidth P1|
    +------------------------------+----------+----+---+----+------------+------------+
    |add_ln755_fu_621_p2           |         +|   0|  0|  13|           6|           6|
    |sf_in_1_fu_579_p2             |         +|   0|  0|  14|           7|           4|
    |sf_in_2_fu_747_p2             |         +|   0|  0|  14|           7|           4|
    |sf_in_fu_569_p2               |         +|   0|  0|  13|           6|           2|
    |sf_r_8_fu_625_p2              |         +|   0|  0|  14|           7|           7|
    |sf_r_9_fu_653_p2              |         +|   0|  0|  13|           6|           1|
    |sf_r_fu_288_p2                |         +|   0|  0|  14|           7|           7|
    |ap_condition_499              |       and|   0|  0|   2|           1|           1|
    |icmp_ln631_1_fu_761_p2        |      icmp|   0|  0|  10|           2|           3|
    |icmp_ln631_fu_593_p2          |      icmp|   0|  0|  10|           2|           3|
    |icmp_ln771_1_fu_462_p2        |      icmp|   0|  0|  10|           2|           3|
    |icmp_ln771_2_fu_639_p2        |      icmp|   0|  0|  10|           2|           3|
    |icmp_ln771_fu_306_p2          |      icmp|   0|  0|  10|           2|           3|
    |icmp_ln803_1_fu_524_p2        |      icmp|   0|  0|  13|           6|           5|
    |icmp_ln803_2_fu_699_p2        |      icmp|   0|  0|  13|           6|           5|
    |icmp_ln803_fu_400_p2          |      icmp|   0|  0|  13|           6|           5|
    |icmp_ln804_1_fu_530_p2        |      icmp|   0|  0|  13|           6|           6|
    |icmp_ln804_2_fu_705_p2        |      icmp|   0|  0|  13|           6|           6|
    |icmp_ln804_fu_405_p2          |      icmp|   0|  0|  13|           6|           6|
    |or_ln820_2_fu_386_p2          |        or|   0|  0|   2|           1|           1|
    |or_ln820_3_fu_544_p2          |        or|   0|  0|   2|           1|           1|
    |or_ln820_4_fu_557_p2          |        or|   0|  0|   2|           1|           1|
    |or_ln820_5_fu_719_p2          |        or|   0|  0|   2|           1|           1|
    |or_ln820_6_fu_731_p2          |        or|   0|  0|   2|           1|           1|
    |or_ln820_fu_424_p2            |        or|   0|  0|   2|           1|           1|
    |mantissa_10_fu_508_p3         |    select|   0|  0|  29|           1|          30|
    |mantissa_14_fu_683_p3         |    select|   0|  0|  29|           1|          30|
    |mantissa_16_fu_392_p3         |    select|   0|  0|  29|           1|          30|
    |mantissa_17_fu_562_p3         |    select|   0|  0|  29|           1|          30|
    |mantissa_18_fu_736_p3         |    select|   0|  0|  29|           1|          30|
    |mantissa_6_fu_362_p3          |    select|   0|  0|  29|           1|          30|
    |regime_10_fu_429_p3           |    select|   0|  0|   6|           1|           6|
    |regime_11_fu_549_p3           |    select|   0|  0|   6|           1|           6|
    |regime_3_fu_370_p3            |    select|   0|  0|   6|           1|           6|
    |regime_5_fu_516_p3            |    select|   0|  0|   6|           1|           6|
    |regime_8_fu_691_p3            |    select|   0|  0|   6|           1|           6|
    |regime_fu_724_p3              |    select|   0|  0|   6|           1|           6|
    |result_regime_11_fu_603_p3    |    select|   0|  0|   6|           1|           6|
    |result_regime_fu_771_p3       |    select|   0|  0|   6|           1|           6|
    |select_ln804_1_fu_536_p3      |    select|   0|  0|   6|           1|           6|
    |select_ln804_2_fu_711_p3      |    select|   0|  0|   6|           1|           6|
    |select_ln804_fu_410_p3        |    select|   0|  0|   6|           1|           6|
    |select_ln820_5_fu_378_p3      |    select|   0|  0|  30|           1|           1|
    |select_ln820_fu_417_p3        |    select|   0|  0|   5|           1|           1|
    |sf_r_11_fu_354_p3             |    select|   0|  0|   6|           1|           6|
    |sf_r_12_fu_500_p3             |    select|   0|  0|   6|           1|           6|
    |sf_r_13_fu_675_p3             |    select|   0|  0|   6|           1|           6|
    |ap_enable_pp0                 |       xor|   0|  0|   2|           1|           2|
    |negated_posit_sign_fu_848_p2  |       xor|   0|  0|   2|           1|           2|
    +------------------------------+----------+----+---+----+------------+------------+
    |Total                         |          |   0|  0| 534|         123|         356|
    +------------------------------+----------+----+---+----+------------+------------+

    * Multiplexer: 
    +----------------------------------------------+----+-----------+-----+-----------+
    |                     Name                     | LUT| Input Size| Bits| Total Bits|
    +----------------------------------------------+----+-----------+-----+-----------+
    |ap_phi_mux_agg_result_01_1_phi_fu_108_p6      |  14|          3|    1|          3|
    |ap_phi_mux_agg_result_12_1_phi_fu_121_p6      |   9|          2|    1|          2|
    |ap_phi_mux_agg_result_3_1_phi_fu_134_p6       |   9|          2|    6|         12|
    |ap_phi_mux_agg_result_4_1_phi_fu_147_p6       |   9|          2|    1|          2|
    |ap_phi_mux_agg_result_5_1_phi_fu_160_p6       |   9|          2|   30|         60|
    |ap_phi_reg_pp0_iter1_agg_result_01_1_reg_104  |   9|          2|    1|          2|
    |ap_phi_reg_pp0_iter1_agg_result_12_1_reg_117  |   9|          2|    1|          2|
    |ap_phi_reg_pp0_iter1_agg_result_3_1_reg_130   |   9|          2|    6|         12|
    |ap_phi_reg_pp0_iter1_agg_result_4_1_reg_143   |   9|          2|    1|          2|
    |ap_phi_reg_pp0_iter1_agg_result_5_1_reg_156   |   9|          2|   30|         60|
    +----------------------------------------------+----+-----------+-----+-----------+
    |Total                                         |  95|         21|   78|        157|
    +----------------------------------------------+----+-----------+-----+-----------+

    * Register: 
    +-----------------------------------------------+----+----+-----+-----------+
    |                      Name                     | FF | LUT| Bits| Const Bits|
    +-----------------------------------------------+----+----+-----+-----------+
    |ap_CS_fsm                                      |   1|   0|    1|          0|
    |ap_enable_reg_pp0_iter1                        |   1|   0|    1|          0|
    |ap_enable_reg_pp0_iter10                       |   1|   0|    1|          0|
    |ap_enable_reg_pp0_iter11                       |   1|   0|    1|          0|
    |ap_enable_reg_pp0_iter12                       |   1|   0|    1|          0|
    |ap_enable_reg_pp0_iter13                       |   1|   0|    1|          0|
    |ap_enable_reg_pp0_iter14                       |   1|   0|    1|          0|
    |ap_enable_reg_pp0_iter15                       |   1|   0|    1|          0|
    |ap_enable_reg_pp0_iter16                       |   1|   0|    1|          0|
    |ap_enable_reg_pp0_iter17                       |   1|   0|    1|          0|
    |ap_enable_reg_pp0_iter18                       |   1|   0|    1|          0|
    |ap_enable_reg_pp0_iter19                       |   1|   0|    1|          0|
    |ap_enable_reg_pp0_iter2                        |   1|   0|    1|          0|
    |ap_enable_reg_pp0_iter20                       |   1|   0|    1|          0|
    |ap_enable_reg_pp0_iter21                       |   1|   0|    1|          0|
    |ap_enable_reg_pp0_iter22                       |   1|   0|    1|          0|
    |ap_enable_reg_pp0_iter23                       |   1|   0|    1|          0|
    |ap_enable_reg_pp0_iter24                       |   1|   0|    1|          0|
    |ap_enable_reg_pp0_iter25                       |   1|   0|    1|          0|
    |ap_enable_reg_pp0_iter26                       |   1|   0|    1|          0|
    |ap_enable_reg_pp0_iter27                       |   1|   0|    1|          0|
    |ap_enable_reg_pp0_iter28                       |   1|   0|    1|          0|
    |ap_enable_reg_pp0_iter29                       |   1|   0|    1|          0|
    |ap_enable_reg_pp0_iter3                        |   1|   0|    1|          0|
    |ap_enable_reg_pp0_iter30                       |   1|   0|    1|          0|
    |ap_enable_reg_pp0_iter31                       |   1|   0|    1|          0|
    |ap_enable_reg_pp0_iter32                       |   1|   0|    1|          0|
    |ap_enable_reg_pp0_iter33                       |   1|   0|    1|          0|
    |ap_enable_reg_pp0_iter34                       |   1|   0|    1|          0|
    |ap_enable_reg_pp0_iter35                       |   1|   0|    1|          0|
    |ap_enable_reg_pp0_iter36                       |   1|   0|    1|          0|
    |ap_enable_reg_pp0_iter37                       |   1|   0|    1|          0|
    |ap_enable_reg_pp0_iter38                       |   1|   0|    1|          0|
    |ap_enable_reg_pp0_iter39                       |   1|   0|    1|          0|
    |ap_enable_reg_pp0_iter4                        |   1|   0|    1|          0|
    |ap_enable_reg_pp0_iter40                       |   1|   0|    1|          0|
    |ap_enable_reg_pp0_iter41                       |   1|   0|    1|          0|
    |ap_enable_reg_pp0_iter42                       |   1|   0|    1|          0|
    |ap_enable_reg_pp0_iter43                       |   1|   0|    1|          0|
    |ap_enable_reg_pp0_iter44                       |   1|   0|    1|          0|
    |ap_enable_reg_pp0_iter45                       |   1|   0|    1|          0|
    |ap_enable_reg_pp0_iter46                       |   1|   0|    1|          0|
    |ap_enable_reg_pp0_iter47                       |   1|   0|    1|          0|
    |ap_enable_reg_pp0_iter48                       |   1|   0|    1|          0|
    |ap_enable_reg_pp0_iter49                       |   1|   0|    1|          0|
    |ap_enable_reg_pp0_iter5                        |   1|   0|    1|          0|
    |ap_enable_reg_pp0_iter50                       |   1|   0|    1|          0|
    |ap_enable_reg_pp0_iter51                       |   1|   0|    1|          0|
    |ap_enable_reg_pp0_iter6                        |   1|   0|    1|          0|
    |ap_enable_reg_pp0_iter7                        |   1|   0|    1|          0|
    |ap_enable_reg_pp0_iter8                        |   1|   0|    1|          0|
    |ap_enable_reg_pp0_iter9                        |   1|   0|    1|          0|
    |ap_phi_reg_pp0_iter10_agg_result_01_1_reg_104  |   1|   0|    1|          0|
    |ap_phi_reg_pp0_iter10_agg_result_12_1_reg_117  |   1|   0|    1|          0|
    |ap_phi_reg_pp0_iter10_agg_result_3_1_reg_130   |   6|   0|    6|          0|
    |ap_phi_reg_pp0_iter10_agg_result_4_1_reg_143   |   1|   0|    1|          0|
    |ap_phi_reg_pp0_iter10_agg_result_5_1_reg_156   |  30|   0|   30|          0|
    |ap_phi_reg_pp0_iter11_agg_result_01_1_reg_104  |   1|   0|    1|          0|
    |ap_phi_reg_pp0_iter11_agg_result_12_1_reg_117  |   1|   0|    1|          0|
    |ap_phi_reg_pp0_iter11_agg_result_3_1_reg_130   |   6|   0|    6|          0|
    |ap_phi_reg_pp0_iter11_agg_result_4_1_reg_143   |   1|   0|    1|          0|
    |ap_phi_reg_pp0_iter11_agg_result_5_1_reg_156   |  30|   0|   30|          0|
    |ap_phi_reg_pp0_iter12_agg_result_01_1_reg_104  |   1|   0|    1|          0|
    |ap_phi_reg_pp0_iter12_agg_result_12_1_reg_117  |   1|   0|    1|          0|
    |ap_phi_reg_pp0_iter12_agg_result_3_1_reg_130   |   6|   0|    6|          0|
    |ap_phi_reg_pp0_iter12_agg_result_4_1_reg_143   |   1|   0|    1|          0|
    |ap_phi_reg_pp0_iter12_agg_result_5_1_reg_156   |  30|   0|   30|          0|
    |ap_phi_reg_pp0_iter13_agg_result_01_1_reg_104  |   1|   0|    1|          0|
    |ap_phi_reg_pp0_iter13_agg_result_12_1_reg_117  |   1|   0|    1|          0|
    |ap_phi_reg_pp0_iter13_agg_result_3_1_reg_130   |   6|   0|    6|          0|
    |ap_phi_reg_pp0_iter13_agg_result_4_1_reg_143   |   1|   0|    1|          0|
    |ap_phi_reg_pp0_iter13_agg_result_5_1_reg_156   |  30|   0|   30|          0|
    |ap_phi_reg_pp0_iter14_agg_result_01_1_reg_104  |   1|   0|    1|          0|
    |ap_phi_reg_pp0_iter14_agg_result_12_1_reg_117  |   1|   0|    1|          0|
    |ap_phi_reg_pp0_iter14_agg_result_3_1_reg_130   |   6|   0|    6|          0|
    |ap_phi_reg_pp0_iter14_agg_result_4_1_reg_143   |   1|   0|    1|          0|
    |ap_phi_reg_pp0_iter14_agg_result_5_1_reg_156   |  30|   0|   30|          0|
    |ap_phi_reg_pp0_iter15_agg_result_01_1_reg_104  |   1|   0|    1|          0|
    |ap_phi_reg_pp0_iter15_agg_result_12_1_reg_117  |   1|   0|    1|          0|
    |ap_phi_reg_pp0_iter15_agg_result_3_1_reg_130   |   6|   0|    6|          0|
    |ap_phi_reg_pp0_iter15_agg_result_4_1_reg_143   |   1|   0|    1|          0|
    |ap_phi_reg_pp0_iter15_agg_result_5_1_reg_156   |  30|   0|   30|          0|
    |ap_phi_reg_pp0_iter16_agg_result_01_1_reg_104  |   1|   0|    1|          0|
    |ap_phi_reg_pp0_iter16_agg_result_12_1_reg_117  |   1|   0|    1|          0|
    |ap_phi_reg_pp0_iter16_agg_result_3_1_reg_130   |   6|   0|    6|          0|
    |ap_phi_reg_pp0_iter16_agg_result_4_1_reg_143   |   1|   0|    1|          0|
    |ap_phi_reg_pp0_iter16_agg_result_5_1_reg_156   |  30|   0|   30|          0|
    |ap_phi_reg_pp0_iter17_agg_result_01_1_reg_104  |   1|   0|    1|          0|
    |ap_phi_reg_pp0_iter17_agg_result_12_1_reg_117  |   1|   0|    1|          0|
    |ap_phi_reg_pp0_iter17_agg_result_3_1_reg_130   |   6|   0|    6|          0|
    |ap_phi_reg_pp0_iter17_agg_result_4_1_reg_143   |   1|   0|    1|          0|
    |ap_phi_reg_pp0_iter17_agg_result_5_1_reg_156   |  30|   0|   30|          0|
    |ap_phi_reg_pp0_iter18_agg_result_01_1_reg_104  |   1|   0|    1|          0|
    |ap_phi_reg_pp0_iter18_agg_result_12_1_reg_117  |   1|   0|    1|          0|
    |ap_phi_reg_pp0_iter18_agg_result_3_1_reg_130   |   6|   0|    6|          0|
    |ap_phi_reg_pp0_iter18_agg_result_4_1_reg_143   |   1|   0|    1|          0|
    |ap_phi_reg_pp0_iter18_agg_result_5_1_reg_156   |  30|   0|   30|          0|
    |ap_phi_reg_pp0_iter19_agg_result_01_1_reg_104  |   1|   0|    1|          0|
    |ap_phi_reg_pp0_iter19_agg_result_12_1_reg_117  |   1|   0|    1|          0|
    |ap_phi_reg_pp0_iter19_agg_result_3_1_reg_130   |   6|   0|    6|          0|
    |ap_phi_reg_pp0_iter19_agg_result_4_1_reg_143   |   1|   0|    1|          0|
    |ap_phi_reg_pp0_iter19_agg_result_5_1_reg_156   |  30|   0|   30|          0|
    |ap_phi_reg_pp0_iter1_agg_result_01_1_reg_104   |   1|   0|    1|          0|
    |ap_phi_reg_pp0_iter1_agg_result_12_1_reg_117   |   1|   0|    1|          0|
    |ap_phi_reg_pp0_iter1_agg_result_3_1_reg_130    |   6|   0|    6|          0|
    |ap_phi_reg_pp0_iter1_agg_result_4_1_reg_143    |   1|   0|    1|          0|
    |ap_phi_reg_pp0_iter1_agg_result_5_1_reg_156    |  30|   0|   30|          0|
    |ap_phi_reg_pp0_iter20_agg_result_01_1_reg_104  |   1|   0|    1|          0|
    |ap_phi_reg_pp0_iter20_agg_result_12_1_reg_117  |   1|   0|    1|          0|
    |ap_phi_reg_pp0_iter20_agg_result_3_1_reg_130   |   6|   0|    6|          0|
    |ap_phi_reg_pp0_iter20_agg_result_4_1_reg_143   |   1|   0|    1|          0|
    |ap_phi_reg_pp0_iter20_agg_result_5_1_reg_156   |  30|   0|   30|          0|
    |ap_phi_reg_pp0_iter21_agg_result_01_1_reg_104  |   1|   0|    1|          0|
    |ap_phi_reg_pp0_iter21_agg_result_12_1_reg_117  |   1|   0|    1|          0|
    |ap_phi_reg_pp0_iter21_agg_result_3_1_reg_130   |   6|   0|    6|          0|
    |ap_phi_reg_pp0_iter21_agg_result_4_1_reg_143   |   1|   0|    1|          0|
    |ap_phi_reg_pp0_iter21_agg_result_5_1_reg_156   |  30|   0|   30|          0|
    |ap_phi_reg_pp0_iter22_agg_result_01_1_reg_104  |   1|   0|    1|          0|
    |ap_phi_reg_pp0_iter22_agg_result_12_1_reg_117  |   1|   0|    1|          0|
    |ap_phi_reg_pp0_iter22_agg_result_3_1_reg_130   |   6|   0|    6|          0|
    |ap_phi_reg_pp0_iter22_agg_result_4_1_reg_143   |   1|   0|    1|          0|
    |ap_phi_reg_pp0_iter22_agg_result_5_1_reg_156   |  30|   0|   30|          0|
    |ap_phi_reg_pp0_iter23_agg_result_01_1_reg_104  |   1|   0|    1|          0|
    |ap_phi_reg_pp0_iter23_agg_result_12_1_reg_117  |   1|   0|    1|          0|
    |ap_phi_reg_pp0_iter23_agg_result_3_1_reg_130   |   6|   0|    6|          0|
    |ap_phi_reg_pp0_iter23_agg_result_4_1_reg_143   |   1|   0|    1|          0|
    |ap_phi_reg_pp0_iter23_agg_result_5_1_reg_156   |  30|   0|   30|          0|
    |ap_phi_reg_pp0_iter24_agg_result_01_1_reg_104  |   1|   0|    1|          0|
    |ap_phi_reg_pp0_iter24_agg_result_12_1_reg_117  |   1|   0|    1|          0|
    |ap_phi_reg_pp0_iter24_agg_result_3_1_reg_130   |   6|   0|    6|          0|
    |ap_phi_reg_pp0_iter24_agg_result_4_1_reg_143   |   1|   0|    1|          0|
    |ap_phi_reg_pp0_iter24_agg_result_5_1_reg_156   |  30|   0|   30|          0|
    |ap_phi_reg_pp0_iter25_agg_result_01_1_reg_104  |   1|   0|    1|          0|
    |ap_phi_reg_pp0_iter25_agg_result_12_1_reg_117  |   1|   0|    1|          0|
    |ap_phi_reg_pp0_iter25_agg_result_3_1_reg_130   |   6|   0|    6|          0|
    |ap_phi_reg_pp0_iter25_agg_result_4_1_reg_143   |   1|   0|    1|          0|
    |ap_phi_reg_pp0_iter25_agg_result_5_1_reg_156   |  30|   0|   30|          0|
    |ap_phi_reg_pp0_iter26_agg_result_01_1_reg_104  |   1|   0|    1|          0|
    |ap_phi_reg_pp0_iter26_agg_result_12_1_reg_117  |   1|   0|    1|          0|
    |ap_phi_reg_pp0_iter26_agg_result_3_1_reg_130   |   6|   0|    6|          0|
    |ap_phi_reg_pp0_iter26_agg_result_4_1_reg_143   |   1|   0|    1|          0|
    |ap_phi_reg_pp0_iter26_agg_result_5_1_reg_156   |  30|   0|   30|          0|
    |ap_phi_reg_pp0_iter27_agg_result_01_1_reg_104  |   1|   0|    1|          0|
    |ap_phi_reg_pp0_iter27_agg_result_12_1_reg_117  |   1|   0|    1|          0|
    |ap_phi_reg_pp0_iter27_agg_result_3_1_reg_130   |   6|   0|    6|          0|
    |ap_phi_reg_pp0_iter27_agg_result_4_1_reg_143   |   1|   0|    1|          0|
    |ap_phi_reg_pp0_iter27_agg_result_5_1_reg_156   |  30|   0|   30|          0|
    |ap_phi_reg_pp0_iter28_agg_result_01_1_reg_104  |   1|   0|    1|          0|
    |ap_phi_reg_pp0_iter28_agg_result_12_1_reg_117  |   1|   0|    1|          0|
    |ap_phi_reg_pp0_iter28_agg_result_3_1_reg_130   |   6|   0|    6|          0|
    |ap_phi_reg_pp0_iter28_agg_result_4_1_reg_143   |   1|   0|    1|          0|
    |ap_phi_reg_pp0_iter28_agg_result_5_1_reg_156   |  30|   0|   30|          0|
    |ap_phi_reg_pp0_iter29_agg_result_01_1_reg_104  |   1|   0|    1|          0|
    |ap_phi_reg_pp0_iter29_agg_result_12_1_reg_117  |   1|   0|    1|          0|
    |ap_phi_reg_pp0_iter29_agg_result_3_1_reg_130   |   6|   0|    6|          0|
    |ap_phi_reg_pp0_iter29_agg_result_4_1_reg_143   |   1|   0|    1|          0|
    |ap_phi_reg_pp0_iter29_agg_result_5_1_reg_156   |  30|   0|   30|          0|
    |ap_phi_reg_pp0_iter2_agg_result_01_1_reg_104   |   1|   0|    1|          0|
    |ap_phi_reg_pp0_iter2_agg_result_12_1_reg_117   |   1|   0|    1|          0|
    |ap_phi_reg_pp0_iter2_agg_result_3_1_reg_130    |   6|   0|    6|          0|
    |ap_phi_reg_pp0_iter2_agg_result_4_1_reg_143    |   1|   0|    1|          0|
    |ap_phi_reg_pp0_iter2_agg_result_5_1_reg_156    |  30|   0|   30|          0|
    |ap_phi_reg_pp0_iter30_agg_result_01_1_reg_104  |   1|   0|    1|          0|
    |ap_phi_reg_pp0_iter30_agg_result_12_1_reg_117  |   1|   0|    1|          0|
    |ap_phi_reg_pp0_iter30_agg_result_3_1_reg_130   |   6|   0|    6|          0|
    |ap_phi_reg_pp0_iter30_agg_result_4_1_reg_143   |   1|   0|    1|          0|
    |ap_phi_reg_pp0_iter30_agg_result_5_1_reg_156   |  30|   0|   30|          0|
    |ap_phi_reg_pp0_iter31_agg_result_01_1_reg_104  |   1|   0|    1|          0|
    |ap_phi_reg_pp0_iter31_agg_result_12_1_reg_117  |   1|   0|    1|          0|
    |ap_phi_reg_pp0_iter31_agg_result_3_1_reg_130   |   6|   0|    6|          0|
    |ap_phi_reg_pp0_iter31_agg_result_4_1_reg_143   |   1|   0|    1|          0|
    |ap_phi_reg_pp0_iter31_agg_result_5_1_reg_156   |  30|   0|   30|          0|
    |ap_phi_reg_pp0_iter32_agg_result_01_1_reg_104  |   1|   0|    1|          0|
    |ap_phi_reg_pp0_iter32_agg_result_12_1_reg_117  |   1|   0|    1|          0|
    |ap_phi_reg_pp0_iter32_agg_result_3_1_reg_130   |   6|   0|    6|          0|
    |ap_phi_reg_pp0_iter32_agg_result_4_1_reg_143   |   1|   0|    1|          0|
    |ap_phi_reg_pp0_iter32_agg_result_5_1_reg_156   |  30|   0|   30|          0|
    |ap_phi_reg_pp0_iter33_agg_result_01_1_reg_104  |   1|   0|    1|          0|
    |ap_phi_reg_pp0_iter33_agg_result_12_1_reg_117  |   1|   0|    1|          0|
    |ap_phi_reg_pp0_iter33_agg_result_3_1_reg_130   |   6|   0|    6|          0|
    |ap_phi_reg_pp0_iter33_agg_result_4_1_reg_143   |   1|   0|    1|          0|
    |ap_phi_reg_pp0_iter33_agg_result_5_1_reg_156   |  30|   0|   30|          0|
    |ap_phi_reg_pp0_iter34_agg_result_01_1_reg_104  |   1|   0|    1|          0|
    |ap_phi_reg_pp0_iter34_agg_result_12_1_reg_117  |   1|   0|    1|          0|
    |ap_phi_reg_pp0_iter34_agg_result_3_1_reg_130   |   6|   0|    6|          0|
    |ap_phi_reg_pp0_iter34_agg_result_4_1_reg_143   |   1|   0|    1|          0|
    |ap_phi_reg_pp0_iter34_agg_result_5_1_reg_156   |  30|   0|   30|          0|
    |ap_phi_reg_pp0_iter35_agg_result_01_1_reg_104  |   1|   0|    1|          0|
    |ap_phi_reg_pp0_iter35_agg_result_12_1_reg_117  |   1|   0|    1|          0|
    |ap_phi_reg_pp0_iter35_agg_result_3_1_reg_130   |   6|   0|    6|          0|
    |ap_phi_reg_pp0_iter35_agg_result_4_1_reg_143   |   1|   0|    1|          0|
    |ap_phi_reg_pp0_iter35_agg_result_5_1_reg_156   |  30|   0|   30|          0|
    |ap_phi_reg_pp0_iter36_agg_result_01_1_reg_104  |   1|   0|    1|          0|
    |ap_phi_reg_pp0_iter36_agg_result_12_1_reg_117  |   1|   0|    1|          0|
    |ap_phi_reg_pp0_iter36_agg_result_3_1_reg_130   |   6|   0|    6|          0|
    |ap_phi_reg_pp0_iter36_agg_result_4_1_reg_143   |   1|   0|    1|          0|
    |ap_phi_reg_pp0_iter36_agg_result_5_1_reg_156   |  30|   0|   30|          0|
    |ap_phi_reg_pp0_iter37_agg_result_01_1_reg_104  |   1|   0|    1|          0|
    |ap_phi_reg_pp0_iter37_agg_result_12_1_reg_117  |   1|   0|    1|          0|
    |ap_phi_reg_pp0_iter37_agg_result_3_1_reg_130   |   6|   0|    6|          0|
    |ap_phi_reg_pp0_iter37_agg_result_4_1_reg_143   |   1|   0|    1|          0|
    |ap_phi_reg_pp0_iter37_agg_result_5_1_reg_156   |  30|   0|   30|          0|
    |ap_phi_reg_pp0_iter38_agg_result_01_1_reg_104  |   1|   0|    1|          0|
    |ap_phi_reg_pp0_iter38_agg_result_12_1_reg_117  |   1|   0|    1|          0|
    |ap_phi_reg_pp0_iter38_agg_result_3_1_reg_130   |   6|   0|    6|          0|
    |ap_phi_reg_pp0_iter38_agg_result_4_1_reg_143   |   1|   0|    1|          0|
    |ap_phi_reg_pp0_iter38_agg_result_5_1_reg_156   |  30|   0|   30|          0|
    |ap_phi_reg_pp0_iter39_agg_result_01_1_reg_104  |   1|   0|    1|          0|
    |ap_phi_reg_pp0_iter39_agg_result_12_1_reg_117  |   1|   0|    1|          0|
    |ap_phi_reg_pp0_iter39_agg_result_3_1_reg_130   |   6|   0|    6|          0|
    |ap_phi_reg_pp0_iter39_agg_result_4_1_reg_143   |   1|   0|    1|          0|
    |ap_phi_reg_pp0_iter39_agg_result_5_1_reg_156   |  30|   0|   30|          0|
    |ap_phi_reg_pp0_iter3_agg_result_01_1_reg_104   |   1|   0|    1|          0|
    |ap_phi_reg_pp0_iter3_agg_result_12_1_reg_117   |   1|   0|    1|          0|
    |ap_phi_reg_pp0_iter3_agg_result_3_1_reg_130    |   6|   0|    6|          0|
    |ap_phi_reg_pp0_iter3_agg_result_4_1_reg_143    |   1|   0|    1|          0|
    |ap_phi_reg_pp0_iter3_agg_result_5_1_reg_156    |  30|   0|   30|          0|
    |ap_phi_reg_pp0_iter40_agg_result_01_1_reg_104  |   1|   0|    1|          0|
    |ap_phi_reg_pp0_iter40_agg_result_12_1_reg_117  |   1|   0|    1|          0|
    |ap_phi_reg_pp0_iter40_agg_result_3_1_reg_130   |   6|   0|    6|          0|
    |ap_phi_reg_pp0_iter40_agg_result_4_1_reg_143   |   1|   0|    1|          0|
    |ap_phi_reg_pp0_iter40_agg_result_5_1_reg_156   |  30|   0|   30|          0|
    |ap_phi_reg_pp0_iter41_agg_result_01_1_reg_104  |   1|   0|    1|          0|
    |ap_phi_reg_pp0_iter41_agg_result_12_1_reg_117  |   1|   0|    1|          0|
    |ap_phi_reg_pp0_iter41_agg_result_3_1_reg_130   |   6|   0|    6|          0|
    |ap_phi_reg_pp0_iter41_agg_result_4_1_reg_143   |   1|   0|    1|          0|
    |ap_phi_reg_pp0_iter41_agg_result_5_1_reg_156   |  30|   0|   30|          0|
    |ap_phi_reg_pp0_iter42_agg_result_01_1_reg_104  |   1|   0|    1|          0|
    |ap_phi_reg_pp0_iter42_agg_result_12_1_reg_117  |   1|   0|    1|          0|
    |ap_phi_reg_pp0_iter42_agg_result_3_1_reg_130   |   6|   0|    6|          0|
    |ap_phi_reg_pp0_iter42_agg_result_4_1_reg_143   |   1|   0|    1|          0|
    |ap_phi_reg_pp0_iter42_agg_result_5_1_reg_156   |  30|   0|   30|          0|
    |ap_phi_reg_pp0_iter43_agg_result_01_1_reg_104  |   1|   0|    1|          0|
    |ap_phi_reg_pp0_iter43_agg_result_12_1_reg_117  |   1|   0|    1|          0|
    |ap_phi_reg_pp0_iter43_agg_result_3_1_reg_130   |   6|   0|    6|          0|
    |ap_phi_reg_pp0_iter43_agg_result_4_1_reg_143   |   1|   0|    1|          0|
    |ap_phi_reg_pp0_iter43_agg_result_5_1_reg_156   |  30|   0|   30|          0|
    |ap_phi_reg_pp0_iter44_agg_result_01_1_reg_104  |   1|   0|    1|          0|
    |ap_phi_reg_pp0_iter44_agg_result_12_1_reg_117  |   1|   0|    1|          0|
    |ap_phi_reg_pp0_iter44_agg_result_3_1_reg_130   |   6|   0|    6|          0|
    |ap_phi_reg_pp0_iter44_agg_result_4_1_reg_143   |   1|   0|    1|          0|
    |ap_phi_reg_pp0_iter44_agg_result_5_1_reg_156   |  30|   0|   30|          0|
    |ap_phi_reg_pp0_iter45_agg_result_01_1_reg_104  |   1|   0|    1|          0|
    |ap_phi_reg_pp0_iter45_agg_result_12_1_reg_117  |   1|   0|    1|          0|
    |ap_phi_reg_pp0_iter45_agg_result_3_1_reg_130   |   6|   0|    6|          0|
    |ap_phi_reg_pp0_iter45_agg_result_4_1_reg_143   |   1|   0|    1|          0|
    |ap_phi_reg_pp0_iter45_agg_result_5_1_reg_156   |  30|   0|   30|          0|
    |ap_phi_reg_pp0_iter46_agg_result_01_1_reg_104  |   1|   0|    1|          0|
    |ap_phi_reg_pp0_iter46_agg_result_12_1_reg_117  |   1|   0|    1|          0|
    |ap_phi_reg_pp0_iter46_agg_result_3_1_reg_130   |   6|   0|    6|          0|
    |ap_phi_reg_pp0_iter46_agg_result_4_1_reg_143   |   1|   0|    1|          0|
    |ap_phi_reg_pp0_iter46_agg_result_5_1_reg_156   |  30|   0|   30|          0|
    |ap_phi_reg_pp0_iter47_agg_result_01_1_reg_104  |   1|   0|    1|          0|
    |ap_phi_reg_pp0_iter47_agg_result_12_1_reg_117  |   1|   0|    1|          0|
    |ap_phi_reg_pp0_iter47_agg_result_3_1_reg_130   |   6|   0|    6|          0|
    |ap_phi_reg_pp0_iter47_agg_result_4_1_reg_143   |   1|   0|    1|          0|
    |ap_phi_reg_pp0_iter47_agg_result_5_1_reg_156   |  30|   0|   30|          0|
    |ap_phi_reg_pp0_iter48_agg_result_01_1_reg_104  |   1|   0|    1|          0|
    |ap_phi_reg_pp0_iter48_agg_result_12_1_reg_117  |   1|   0|    1|          0|
    |ap_phi_reg_pp0_iter48_agg_result_3_1_reg_130   |   6|   0|    6|          0|
    |ap_phi_reg_pp0_iter48_agg_result_4_1_reg_143   |   1|   0|    1|          0|
    |ap_phi_reg_pp0_iter48_agg_result_5_1_reg_156   |  30|   0|   30|          0|
    |ap_phi_reg_pp0_iter49_agg_result_01_1_reg_104  |   1|   0|    1|          0|
    |ap_phi_reg_pp0_iter49_agg_result_12_1_reg_117  |   1|   0|    1|          0|
    |ap_phi_reg_pp0_iter49_agg_result_3_1_reg_130   |   6|   0|    6|          0|
    |ap_phi_reg_pp0_iter49_agg_result_4_1_reg_143   |   1|   0|    1|          0|
    |ap_phi_reg_pp0_iter49_agg_result_5_1_reg_156   |  30|   0|   30|          0|
    |ap_phi_reg_pp0_iter4_agg_result_01_1_reg_104   |   1|   0|    1|          0|
    |ap_phi_reg_pp0_iter4_agg_result_12_1_reg_117   |   1|   0|    1|          0|
    |ap_phi_reg_pp0_iter4_agg_result_3_1_reg_130    |   6|   0|    6|          0|
    |ap_phi_reg_pp0_iter4_agg_result_4_1_reg_143    |   1|   0|    1|          0|
    |ap_phi_reg_pp0_iter4_agg_result_5_1_reg_156    |  30|   0|   30|          0|
    |ap_phi_reg_pp0_iter50_agg_result_01_1_reg_104  |   1|   0|    1|          0|
    |ap_phi_reg_pp0_iter50_agg_result_12_1_reg_117  |   1|   0|    1|          0|
    |ap_phi_reg_pp0_iter50_agg_result_3_1_reg_130   |   6|   0|    6|          0|
    |ap_phi_reg_pp0_iter50_agg_result_4_1_reg_143   |   1|   0|    1|          0|
    |ap_phi_reg_pp0_iter50_agg_result_5_1_reg_156   |  30|   0|   30|          0|
    |ap_phi_reg_pp0_iter51_agg_result_01_1_reg_104  |   1|   0|    1|          0|
    |ap_phi_reg_pp0_iter51_agg_result_12_1_reg_117  |   1|   0|    1|          0|
    |ap_phi_reg_pp0_iter51_agg_result_3_1_reg_130   |   6|   0|    6|          0|
    |ap_phi_reg_pp0_iter51_agg_result_4_1_reg_143   |   1|   0|    1|          0|
    |ap_phi_reg_pp0_iter51_agg_result_5_1_reg_156   |  30|   0|   30|          0|
    |ap_phi_reg_pp0_iter5_agg_result_01_1_reg_104   |   1|   0|    1|          0|
    |ap_phi_reg_pp0_iter5_agg_result_12_1_reg_117   |   1|   0|    1|          0|
    |ap_phi_reg_pp0_iter5_agg_result_3_1_reg_130    |   6|   0|    6|          0|
    |ap_phi_reg_pp0_iter5_agg_result_4_1_reg_143    |   1|   0|    1|          0|
    |ap_phi_reg_pp0_iter5_agg_result_5_1_reg_156    |  30|   0|   30|          0|
    |ap_phi_reg_pp0_iter6_agg_result_01_1_reg_104   |   1|   0|    1|          0|
    |ap_phi_reg_pp0_iter6_agg_result_12_1_reg_117   |   1|   0|    1|          0|
    |ap_phi_reg_pp0_iter6_agg_result_3_1_reg_130    |   6|   0|    6|          0|
    |ap_phi_reg_pp0_iter6_agg_result_4_1_reg_143    |   1|   0|    1|          0|
    |ap_phi_reg_pp0_iter6_agg_result_5_1_reg_156    |  30|   0|   30|          0|
    |ap_phi_reg_pp0_iter7_agg_result_01_1_reg_104   |   1|   0|    1|          0|
    |ap_phi_reg_pp0_iter7_agg_result_12_1_reg_117   |   1|   0|    1|          0|
    |ap_phi_reg_pp0_iter7_agg_result_3_1_reg_130    |   6|   0|    6|          0|
    |ap_phi_reg_pp0_iter7_agg_result_4_1_reg_143    |   1|   0|    1|          0|
    |ap_phi_reg_pp0_iter7_agg_result_5_1_reg_156    |  30|   0|   30|          0|
    |ap_phi_reg_pp0_iter8_agg_result_01_1_reg_104   |   1|   0|    1|          0|
    |ap_phi_reg_pp0_iter8_agg_result_12_1_reg_117   |   1|   0|    1|          0|
    |ap_phi_reg_pp0_iter8_agg_result_3_1_reg_130    |   6|   0|    6|          0|
    |ap_phi_reg_pp0_iter8_agg_result_4_1_reg_143    |   1|   0|    1|          0|
    |ap_phi_reg_pp0_iter8_agg_result_5_1_reg_156    |  30|   0|   30|          0|
    |ap_phi_reg_pp0_iter9_agg_result_01_1_reg_104   |   1|   0|    1|          0|
    |ap_phi_reg_pp0_iter9_agg_result_12_1_reg_117   |   1|   0|    1|          0|
    |ap_phi_reg_pp0_iter9_agg_result_3_1_reg_130    |   6|   0|    6|          0|
    |ap_phi_reg_pp0_iter9_agg_result_4_1_reg_143    |   1|   0|    1|          0|
    |ap_phi_reg_pp0_iter9_agg_result_5_1_reg_156    |  30|   0|   30|          0|
    |grp_pReduceAngle_fu_169_ap_start_reg           |   1|   0|    1|          0|
    |grp_positAdd_fu_177_ap_start_reg               |   1|   0|    1|          0|
    |grp_positAdd_fu_198_ap_start_reg               |   1|   0|    1|          0|
    |grp_positAdd_fu_214_ap_start_reg               |   1|   0|    1|          0|
    |mantissa_16_reg_939                            |  30|   0|   30|          0|
    |mantissa_16_reg_939_pp0_iter27_reg             |  30|   0|   30|          0|
    |mantissa_17_reg_961                            |  30|   0|   30|          0|
    |mantissa_18_reg_979                            |  30|   0|   30|          0|
    |negate_reg_922                                 |   1|   0|    1|          0|
    |regime_10_reg_950                              |   6|   0|    6|          0|
    |regime_3_reg_926                               |   6|   0|    6|          0|
    |result_exponent_reg_1004                       |   1|   0|    1|          0|
    |result_isZero_reg_994                          |   1|   0|    1|          0|
    |result_mantissa_reg_1009                       |  30|   0|   30|          0|
    |result_regime_11_reg_972                       |   6|   0|    6|          0|
    |result_regime_12_reg_999                       |   6|   0|    6|          0|
    |result_regime_reg_984                          |   6|   0|    6|          0|
    |result_sign_reg_989                            |   1|   0|    1|          0|
    |select_ln820_5_reg_933                         |   1|   0|   30|         29|
    |select_ln820_5_reg_933_pp0_iter27_reg          |   1|   0|   30|         29|
    |select_ln820_reg_945                           |   4|   0|    6|          2|
    |sf_in_reg_967                                  |   6|   0|    6|          0|
    |x_exponent_72_reg_1029                         |   1|   0|    1|          0|
    |x_exponent_read_reg_890                        |   1|   0|    1|          0|
    |x_isZero_70_reg_1019                           |   1|   0|    1|          0|
    |x_isZero_read_reg_900                          |   1|   0|    1|          0|
    |x_mantissa_73_reg_1034                         |  30|   0|   30|          0|
    |x_mantissa_read_reg_885                        |  30|   0|   30|          0|
    |x_regime_71_reg_1024                           |   6|   0|    6|          0|
    |x_regime_read_reg_895                          |   6|   0|    6|          0|
    |x_sign_69_reg_1014                             |   1|   0|    1|          0|
    |x_sign_read_reg_904                            |   1|   0|    1|          0|
    |y_isZero_reg_909                               |   1|   0|    1|          0|
    |zext_ln748_2_reg_956                           |  30|   0|   60|         30|
    |mantissa_17_reg_961                            |  64|  32|   30|          0|
    |mantissa_18_reg_979                            |  64|  32|   30|          0|
    |negate_reg_922                                 |  64|  32|    1|          0|
    |result_regime_11_reg_972                       |  64|  32|    6|          0|
    |result_regime_reg_984                          |  64|  32|    6|          0|
    |x_isZero_read_reg_900                          |  64|  32|    1|          0|
    |y_isZero_reg_909                               |  64|  32|    1|          0|
    +-----------------------------------------------+----+----+-----+-----------+
    |Total                                          |2798| 224| 2515|         90|
    +-----------------------------------------------+----+----+-----+-----------+



================================================================
== Interface
================================================================
* Summary: 
+-------------+-----+-----+------------+--------------+--------------+
|  RTL Ports  | Dir | Bits|  Protocol  | Source Object|    C Type    |
+-------------+-----+-----+------------+--------------+--------------+
|ap_clk       |   in|    1|  ap_ctrl_hs|      positCos|  return value|
|ap_rst       |   in|    1|  ap_ctrl_hs|      positCos|  return value|
|ap_start     |   in|    1|  ap_ctrl_hs|      positCos|  return value|
|ap_done      |  out|    1|  ap_ctrl_hs|      positCos|  return value|
|ap_idle      |  out|    1|  ap_ctrl_hs|      positCos|  return value|
|ap_ready     |  out|    1|  ap_ctrl_hs|      positCos|  return value|
|ap_return_0  |  out|    1|  ap_ctrl_hs|      positCos|  return value|
|ap_return_1  |  out|    1|  ap_ctrl_hs|      positCos|  return value|
|ap_return_2  |  out|    6|  ap_ctrl_hs|      positCos|  return value|
|ap_return_3  |  out|    1|  ap_ctrl_hs|      positCos|  return value|
|ap_return_4  |  out|   30|  ap_ctrl_hs|      positCos|  return value|
|x_sign       |   in|    1|     ap_none|        x_sign|        scalar|
|x_isZero     |   in|    1|     ap_none|      x_isZero|        scalar|
|x_regime     |   in|    6|     ap_none|      x_regime|        scalar|
|x_exponent   |   in|    1|     ap_none|    x_exponent|        scalar|
|x_mantissa   |   in|   30|     ap_none|    x_mantissa|        scalar|
+-------------+-----+-----+------------+--------------+--------------+

