

================================================================
== Vitis HLS Report for 'pow_generic_double_s'
================================================================
* Date:           Tue Apr  8 14:33:04 2025

* Version:        2024.2 (Build 5238294 on Nov  8 2024)
* Project:        PositFFT
* Solution:       hls (Vivado IP Flow Target)
* Product family: azynquplus
* Target device:  xazu7ev-fbvb900-1-i


================================================================
== Performance Estimates
================================================================
+ Timing: 
    * Summary: 
    +--------+----------+----------+------------+
    |  Clock |  Target  | Estimated| Uncertainty|
    +--------+----------+----------+------------+
    |ap_clk  |  10.00 ns|  7.214 ns|     2.70 ns|
    +--------+----------+----------+------------+

+ Latency: 
    * Summary: 
    +---------+---------+----------+----------+-----+-----+---------+
    |  Latency (cycles) |  Latency (absolute) |  Interval | Pipeline|
    |   min   |   max   |    min   |    max   | min | max |   Type  |
    +---------+---------+----------+----------+-----+-----+---------+
    |       11|       11|  0.110 us|  0.110 us|    1|    1|      yes|
    +---------+---------+----------+----------+-----+-----+---------+

    + Detail: 
        * Instance: 
        N/A

        * Loop: 
        N/A



================================================================
== Utilization Estimates
================================================================
* Summary: 
+-----------------+---------+------+--------+--------+-----+
|       Name      | BRAM_18K|  DSP |   FF   |   LUT  | URAM|
+-----------------+---------+------+--------+--------+-----+
|DSP              |        -|     1|       -|       -|    -|
|Expression       |        -|     -|       0|    4859|    -|
|FIFO             |        -|     -|       -|       -|    -|
|Instance         |        -|    35|       0|     197|    -|
|Memory           |        5|     -|       0|       0|    -|
|Multiplexer      |        -|     -|       -|       -|    -|
|Register         |        -|     -|    1478|     320|    -|
+-----------------+---------+------+--------+--------+-----+
|Total            |        5|    36|    1478|    5376|    0|
+-----------------+---------+------+--------+--------+-----+
|Available        |      624|  1728|  460800|  230400|   96|
+-----------------+---------+------+--------+--------+-----+
|Utilization (%)  |       ~0|     2|      ~0|       2|    0|
+-----------------+---------+------+--------+--------+-----+

+ Detail: 
    * Instance: 
    +---------------------------+-----------------------+---------+----+---+----+-----+
    |          Instance         |         Module        | BRAM_18K| DSP| FF| LUT| URAM|
    +---------------------------+-----------------------+---------+----+---+----+-----+
    |mul_13s_71s_71_1_1_U35     |mul_13s_71s_71_1_1     |        0|   4|  0|  64|    0|
    |mul_43ns_36ns_79_1_1_U36   |mul_43ns_36ns_79_1_1   |        0|   4|  0|  19|    0|
    |mul_49ns_44ns_93_1_1_U37   |mul_49ns_44ns_93_1_1   |        0|   6|  0|  20|    0|
    |mul_50ns_50ns_99_1_1_U38   |mul_50ns_50ns_99_1_1   |        0|   9|  0|  21|    0|
    |mul_54s_67ns_120_1_1_U39   |mul_54s_67ns_120_1_1   |        0|  12|  0|  53|    0|
    |sparsemux_11_4_64_1_1_U40  |sparsemux_11_4_64_1_1  |        0|   0|  0|  20|    0|
    +---------------------------+-----------------------+---------+----+---+----+-----+
    |Total                      |                       |        0|  35|  0| 197|    0|
    +---------------------------+-----------------------+---------+----+---+----+-----+

    * DSP: 
    +------------------------------------+--------------------------------+--------------+
    |              Instance              |             Module             |  Expression  |
    +------------------------------------+--------------------------------+--------------+
    |mac_muladd_16s_15ns_19s_31_4_1_U41  |mac_muladd_16s_15ns_19s_31_4_1  |  i0 + i1 * i2|
    +------------------------------------+--------------------------------+--------------+

    * Memory: 
    +---------------------------------------------------------------+----------------------------------------------------------------------------------+---------+---+----+-----+------+-----+------+-------------+
    |                             Memory                            |                                      Module                                      | BRAM_18K| FF| LUT| URAM| Words| Bits| Banks| W*Bits*Banks|
    +---------------------------------------------------------------+----------------------------------------------------------------------------------+---------+---+----+-----+------+-----+------+-------------+
    |pow_reduce_anonymous_namespace_table_exp_Z1_ap_ufixed_array_U  |pow_generic_double_s_pow_reduce_anonymous_namespace_table_exp_Z1_ap_ufixed_ardEe  |        2|  0|   0|    0|   256|   58|     1|        14848|
    |pow_reduce_anonymous_namespace_table_f_Z2_ap_ufixed_array_U    |pow_generic_double_s_pow_reduce_anonymous_namespace_table_f_Z2_ap_ufixed_arrafYi  |        2|  0|   0|    0|   256|   42|     1|        10752|
    |pow_reduce_anonymous_namespace_table_f_Z3_ap_ufixed_array_U    |pow_generic_double_s_pow_reduce_anonymous_namespace_table_f_Z3_ap_ufixed_arraeOg  |        1|  0|   0|    0|   256|   26|     1|         6656|
    +---------------------------------------------------------------+----------------------------------------------------------------------------------+---------+---+----+-----+------+-----+------+-------------+
    |Total                                                          |                                                                                  |        5|  0|   0|    0|   768|  126|     3|        32256|
    +---------------------------------------------------------------+----------------------------------------------------------------------------------+---------+---+----+-----+------+-----+------+-------------+

    * FIFO: 
    N/A

    * Expression: 
    +-----------------------------+----------+----+---+-----+------------+------------+
    |        Variable Name        | Operation| DSP| FF| LUT | Bitwidth P0| Bitwidth P1|
    +-----------------------------+----------+----+---+-----+------------+------------+
    |add_ln261_fu_805_p2          |         +|   0|  0|   43|          36|          36|
    |add_ln280_fu_876_p2          |         +|   0|  0|   51|          44|          44|
    |add_ln563_1_fu_645_p2        |         +|   0|  0|   20|          13|           1|
    |add_ln616_1_fu_953_p2        |         +|   0|  0|  114|         107|         107|
    |add_ln616_fu_937_p2          |         +|   0|  0|   65|          58|           5|
    |exp_Z1P_m_1_l_fu_885_p2      |         +|   0|  0|   59|          52|          52|
    |exp_Z2P_m_1_fu_814_p2        |         +|   0|  0|   51|          44|          44|
    |exp_Z4_m_1_fu_756_p2         |         +|   0|  0|   43|          36|          36|
    |m_exp_fu_368_p2              |         +|   0|  0|   19|          12|          11|
    |out_exp_fu_1044_p2           |         +|   0|  0|   18|          11|          10|
    |r_exp_1_fu_967_p2            |         +|   0|  0|   20|          13|           2|
    |e_frac_1_fu_339_p2           |         -|   0|  0|   61|           1|          54|
    |sub_ln545_fu_414_p2          |         -|   0|  0|   18|          10|          11|
    |sub_ln574_fu_681_p2          |         -|   0|  0|   66|          59|          59|
    |and_ln431_1_fu_1077_p2       |       and|   0|  0|    2|           1|           1|
    |and_ln431_fu_1071_p2         |       and|   0|  0|    2|           1|           1|
    |and_ln438_1_fu_1098_p2       |       and|   0|  0|    2|           1|           1|
    |and_ln438_2_fu_1104_p2       |       and|   0|  0|    2|           1|           1|
    |and_ln438_fu_933_p2          |       and|   0|  0|    2|           1|           1|
    |and_ln628_1_fu_1110_p2       |       and|   0|  0|    2|           1|           1|
    |and_ln628_fu_979_p2          |       and|   0|  0|    2|           1|           1|
    |and_ln645_1_fu_1134_p2       |       and|   0|  0|    2|           1|           1|
    |and_ln645_fu_1128_p2         |       and|   0|  0|    2|           1|           1|
    |y_is_NaN_fu_389_p2           |       and|   0|  0|    2|           1|           1|
    |y_is_inf_fu_384_p2           |       and|   0|  0|    2|           1|           1|
    |ashr_ln545_fu_439_p2         |      ashr|   0|  0|  435|         131|         131|
    |ashr_ln546_fu_477_p2         |      ashr|   0|  0|  431|         130|         130|
    |ashr_ln553_fu_535_p2         |      ashr|   0|  0|  435|         131|         131|
    |icmp_ln18_1_fu_315_p2        |      icmp|   0|  0|   59|          52|           1|
    |icmp_ln18_2_fu_321_p2        |      icmp|   0|  0|   59|          52|           1|
    |icmp_ln18_fu_379_p2          |      icmp|   0|  0|   18|          11|           2|
    |icmp_ln563_fu_639_p2         |      icmp|   0|  0|   25|          18|           1|
    |icmp_ln628_1_fu_603_p2       |      icmp|   0|  0|  137|         130|         130|
    |icmp_ln628_2_fu_993_p2       |      icmp|   0|  0|   10|           3|           1|
    |icmp_ln628_fu_597_p2         |      icmp|   0|  0|   19|          12|           1|
    |icmp_ln645_fu_1122_p2        |      icmp|   0|  0|   20|          13|          11|
    |y_is_0_fu_374_p2             |      icmp|   0|  0|   18|          11|           1|
    |or_ln378_fu_394_p2           |        or|   0|  0|    2|           1|           1|
    |or_ln431_fu_1087_p2          |        or|   0|  0|    2|           1|           1|
    |or_ln628_fu_999_p2           |        or|   0|  0|    2|           1|           1|
    |UnifiedRetVal_fu_1151_p2     |    select|   0|  0|   55|           1|          62|
    |UnifiedRetVal_fu_1151_p6     |    select|   0|  0|   55|           1|           1|
    |e_frac_2_fu_345_p3           |    select|   0|  0|   53|           1|          54|
    |m_fix_0_in_in_v_v_fu_549_p3  |    select|   0|  0|  124|           1|         131|
    |m_fix_back_fu_483_p3         |    select|   0|  0|  123|           1|         130|
    |m_fix_l_fu_459_p3            |    select|   0|  0|  123|           1|         130|
    |out_sig_fu_1032_p3           |    select|   0|  0|   51|           1|          52|
    |r_exp_2_fu_972_p3            |    select|   0|  0|   13|           1|          13|
    |r_exp_fu_659_p3              |    select|   0|  0|   13|           1|          13|
    |select_ln545_fu_423_p3       |    select|   0|  0|   12|           1|          12|
    |select_ln553_1_fu_541_p3     |    select|   0|  0|  124|           1|         131|
    |select_ln553_fu_513_p3       |    select|   0|  0|   12|           1|          12|
    |select_ln563_fu_651_p3       |    select|   0|  0|   13|           1|          13|
    |shl_ln545_fu_445_p2          |       shl|   0|  0|  435|         131|         131|
    |shl_ln546_fu_471_p2          |       shl|   0|  0|  431|         130|         130|
    |shl_ln552_fu_499_p2          |       shl|   0|  0|  435|         131|         131|
    |shl_ln553_fu_529_p2          |       shl|   0|  0|  435|         131|         131|
    |xor_ln378_fu_1066_p2         |       xor|   0|  0|    2|           1|           2|
    |xor_ln413_fu_928_p2          |       xor|   0|  0|    2|           1|           2|
    |xor_ln431_fu_1082_p2         |       xor|   0|  0|    2|           1|           2|
    |xor_ln438_fu_1092_p2         |       xor|   0|  0|    2|           2|           1|
    |xor_ln628_fu_1116_p2         |       xor|   0|  0|    2|           1|           2|
    +-----------------------------+----------+----+---+-----+------------+------------+
    |Total                        |          |   0|  0| 4859|        1746|        2313|
    +-----------------------------+----------+----+---+-----+------------+------------+

    * Multiplexer: 
    N/A

    * Register: 
    +------------------------------------+-----+----+-----+-----------+
    |                Name                |  FF | LUT| Bits| Const Bits|
    +------------------------------------+-----+----+-----+-----------+
    |Z2_reg_1296                         |    8|   0|    8|          0|
    |Z3_reg_1303                         |    8|   0|    8|          0|
    |Z4_reg_1308                         |   35|   0|   35|          0|
    |e_frac_2_reg_1215                   |   54|   0|   54|          0|
    |es_exp_reg_1197                     |   11|   0|   11|          0|
    |es_exp_reg_1197_pp0_iter1_reg       |   11|   0|   11|          0|
    |es_sign_reg_1190                    |    1|   0|    1|          0|
    |exp_Z1_reg_1363                     |   58|   0|   58|          0|
    |exp_Z2P_m_1_reg_1348                |   44|   0|   44|          0|
    |exp_Z3_m_1_reg_1328                 |   34|   0|   43|          9|
    |exp_Z4_m_1_reg_1323                 |   36|   0|   36|          0|
    |exp_int_reg                         |   64|   0|   64|          0|
    |icmp_ln18_1_reg_1205                |    1|   0|    1|          0|
    |icmp_ln18_1_reg_1205_pp0_iter1_reg  |    1|   0|    1|          0|
    |icmp_ln18_2_reg_1210                |    1|   0|    1|          0|
    |icmp_ln18_2_reg_1210_pp0_iter1_reg  |    1|   0|    1|          0|
    |icmp_ln628_1_reg_1269               |    1|   0|    1|          0|
    |icmp_ln628_reg_1264                 |    1|   0|    1|          0|
    |m_diff_hi_reg_1291                  |    8|   0|    8|          0|
    |m_diff_hi_reg_1291_pp0_iter8_reg    |    8|   0|    8|          0|
    |m_fix_a_reg_1286                    |   59|   0|   59|          0|
    |m_fix_reg_1249                      |   59|   0|   59|          0|
    |m_frac_l_reg_1220                   |  120|   0|  120|          0|
    |mul_ln616_reg_1368                  |   99|   0|   99|          0|
    |or_ln378_reg_1243                   |    1|   0|    1|          0|
    |r_exp_reg_1279                      |   13|   0|   13|          0|
    |tmp_10_reg_1226                     |    1|   0|    1|          0|
    |tmp_2_reg_1353                      |   40|   0|   40|          0|
    |tmp_5_reg_1254                      |    1|   0|    1|          0|
    |tmp_5_reg_1254_pp0_iter3_reg        |    1|   0|    1|          0|
    |tmp_7_reg_1358                      |   36|   0|   36|          0|
    |tmp_s_reg_1333                      |   20|   0|   20|          0|
    |y_is_0_reg_1231                     |    1|   0|    1|          0|
    |y_is_inf_reg_1236                   |    1|   0|    1|          0|
    |Z2_reg_1296                         |   64|  32|    8|          0|
    |es_sign_reg_1190                    |   64|  32|    1|          0|
    |icmp_ln628_1_reg_1269               |   64|  32|    1|          0|
    |icmp_ln628_reg_1264                 |   64|  32|    1|          0|
    |m_fix_reg_1249                      |   64|  32|   59|          0|
    |or_ln378_reg_1243                   |   64|  32|    1|          0|
    |r_exp_reg_1279                      |   64|  32|   13|          0|
    |tmp_10_reg_1226                     |   64|  32|    1|          0|
    |y_is_0_reg_1231                     |   64|  32|    1|          0|
    |y_is_inf_reg_1236                   |   64|  32|    1|          0|
    +------------------------------------+-----+----+-----+-----------+
    |Total                               | 1478| 320|  934|          9|
    +------------------------------------+-----+----+-----+-----------+



================================================================
== Interface
================================================================
* Summary: 
+-----------+-----+-----+------------+---------------------+--------------+
| RTL Ports | Dir | Bits|  Protocol  |    Source Object    |    C Type    |
+-----------+-----+-----+------------+---------------------+--------------+
|ap_clk     |   in|    1|  ap_ctrl_hs|  pow_generic<double>|  return value|
|ap_rst     |   in|    1|  ap_ctrl_hs|  pow_generic<double>|  return value|
|ap_return  |  out|   64|  ap_ctrl_hs|  pow_generic<double>|  return value|
|exp        |   in|   64|     ap_none|                  exp|        scalar|
+-----------+-----+-----+------------+---------------------+--------------+

